# agc_s4_t1 start 2026-10-07T11:01:39Z loadavg 1.08 1.25 1.85 1/1060 3130689
OPEN	agc_s4_t1	1 handles (prefetching=1)	0.386 s
RUN	agc_s4_t1	0	warmup	33.522337	4 items	11989829249 bytes	sha256 4/4
RUN	agc_s4_t1	1	warmup	30.376290	4 items	11989829249 bytes	sha256 4/4
RUN	agc_s4_t1	2	warmup	30.413507	4 items	11989829249 bytes	sha256 4/4
RUN	agc_s4_t1	3	timed	30.454086	4 items	11989829249 bytes	sha256 4/4
RUN	agc_s4_t1	4	timed	30.475788	4 items	11989829249 bytes	sha256 4/4
RUN	agc_s4_t1	5	timed	30.542459	4 items	11989829249 bytes	sha256 4/4
RUN	agc_s4_t1	6	timed	30.546530	4 items	11989829249 bytes	sha256 4/4
RUN	agc_s4_t1	7	timed	30.592560	4 items	11989829249 bytes	sha256 4/4
RUN	agc_s4_t1	8	timed	30.677646	4 items	11989829249 bytes	sha256 4/4
RUN	agc_s4_t1	9	timed	31.132258	4 items	11989829249 bytes	sha256 4/4
RUN	agc_s4_t1	10	timed	31.082978	4 items	11989829249 bytes	sha256 4/4
RUN	agc_s4_t1	11	timed	31.062035	4 items	11989829249 bytes	sha256 4/4
	Command being timed: "taskset -c 3 /home/aeterna/pubrepo/.wk/avr/agcbench sample /home/aeterna/pubrepo/.wk/m6/N50/agc50.agc y1_HG00438.1,y1_HG00438.2,y1_HG00621.1,y1_HG00621.2 /home/aeterna/pubrepo/.wk/m6/N50/truth.tsv 1 3 9 agc_s4_t1"
	User time (seconds): 359.71
	System time (seconds): 128.63
	Percent of CPU this job got: 99%
	Elapsed (wall clock) time (h:mm:ss or m:ss): 8:08.40
	Average shared text size (kbytes): 0
	Average unshared data size (kbytes): 0
	Average stack size (kbytes): 0
	Average total size (kbytes): 0
	Maximum resident set size (kbytes): 15941876
	Average resident set size (kbytes): 0
	Major (requiring I/O) page faults: 0
	Minor (reclaiming a frame) page faults: 112858942
	Voluntary context switches: 49
	Involuntary context switches: 3323
	Swaps: 0
	File system inputs: 0
	File system outputs: 96
	Socket messages sent: 0
	Socket messages received: 0
	Signals delivered: 0
	Page size (bytes): 4096
	Exit status: 0
# exit 0 end 2026-10-07T11:09:48Z loadavg 1.02 1.10 1.52 1/1069 3132688
