# agc_reg_t1 start 2026-10-07T11:01:34Z loadavg 1.09 1.26 1.86 1/1074 3130660
OPEN	agc_reg_t1	1 handles (prefetching=1)	0.386 s
RUN	agc_reg_t1	0	warmup	0.419729	100 items	100000000 bytes	sha256 100/100
RUN	agc_reg_t1	1	warmup	0.339249	100 items	100000000 bytes	sha256 100/100
RUN	agc_reg_t1	2	warmup	0.340679	100 items	100000000 bytes	sha256 100/100
RUN	agc_reg_t1	3	timed	0.339610	100 items	100000000 bytes	sha256 100/100
RUN	agc_reg_t1	4	timed	0.340127	100 items	100000000 bytes	sha256 100/100
RUN	agc_reg_t1	5	timed	0.340515	100 items	100000000 bytes	sha256 100/100
RUN	agc_reg_t1	6	timed	0.340523	100 items	100000000 bytes	sha256 100/100
RUN	agc_reg_t1	7	timed	0.340744	100 items	100000000 bytes	sha256 100/100
RUN	agc_reg_t1	8	timed	0.340728	100 items	100000000 bytes	sha256 100/100
RUN	agc_reg_t1	9	timed	0.340211	100 items	100000000 bytes	sha256 100/100
RUN	agc_reg_t1	10	timed	0.335860	100 items	100000000 bytes	sha256 100/100
RUN	agc_reg_t1	11	timed	0.334977	100 items	100000000 bytes	sha256 100/100
	Command being timed: "taskset -c 3 /home/aeterna/pubrepo/.wk/avr/agcbench req /home/aeterna/pubrepo/.wk/m6/N50/agc50.agc /home/aeterna/pubrepo/.wk/m6/N50/regions_1M.tsv /home/aeterna/pubrepo/.wk/m6/N50/truth.tsv 1 3 9 agc_reg_t1"
	User time (seconds): 4.10
	System time (seconds): 1.07
	Percent of CPU this job got: 99%
	Elapsed (wall clock) time (h:mm:ss or m:ss): 0:05.18
	Average shared text size (kbytes): 0
	Average unshared data size (kbytes): 0
	Average stack size (kbytes): 0
	Average total size (kbytes): 0
	Maximum resident set size (kbytes): 1354552
	Average resident set size (kbytes): 0
	Major (requiring I/O) page faults: 0
	Minor (reclaiming a frame) page faults: 774632
	Voluntary context switches: 13
	Involuntary context switches: 61
	Swaps: 0
	File system inputs: 0
	File system outputs: 8
	Socket messages sent: 0
	Socket messages received: 0
	Signals delivered: 0
	Page size (bytes): 4096
	Exit status: 0
# exit 0 end 2026-10-07T11:01:39Z loadavg 1.08 1.25 1.85 1/1060 3130684
