# agc_reg_t16 start 2026-10-07T11:16:32Z loadavg 7.71 3.15 2.15 1/1072 3136499
OPEN	agc_reg_t16	16 handles (prefetching=1)	5.969 s
RUN	agc_reg_t16	0	warmup	0.266840	100 items	100000000 bytes	sha256 100/100
RUN	agc_reg_t16	1	warmup	0.159916	100 items	100000000 bytes	sha256 100/100
RUN	agc_reg_t16	2	warmup	0.120084	100 items	100000000 bytes	sha256 100/100
RUN	agc_reg_t16	3	timed	0.110323	100 items	100000000 bytes	sha256 100/100
RUN	agc_reg_t16	4	timed	0.099395	100 items	100000000 bytes	sha256 100/100
RUN	agc_reg_t16	5	timed	0.079599	100 items	100000000 bytes	sha256 100/100
RUN	agc_reg_t16	6	timed	0.097712	100 items	100000000 bytes	sha256 100/100
RUN	agc_reg_t16	7	timed	0.087392	100 items	100000000 bytes	sha256 100/100
RUN	agc_reg_t16	8	timed	0.105744	100 items	100000000 bytes	sha256 100/100
RUN	agc_reg_t16	9	timed	0.101217	100 items	100000000 bytes	sha256 100/100
RUN	agc_reg_t16	10	timed	0.113696	100 items	100000000 bytes	sha256 100/100
RUN	agc_reg_t16	11	timed	0.105470	100 items	100000000 bytes	sha256 100/100
	Command being timed: "/home/aeterna/pubrepo/.wk/avr/agcbench req /home/aeterna/pubrepo/.wk/m6/N50/agc50.agc /home/aeterna/pubrepo/.wk/m6/N50/regions_1M.tsv /home/aeterna/pubrepo/.wk/m6/N50/truth.tsv 16 3 9 agc_reg_t16"
	User time (seconds): 5.49
	System time (seconds): 8.21
	Percent of CPU this job got: 154%
	Elapsed (wall clock) time (h:mm:ss or m:ss): 0:08.86
	Average shared text size (kbytes): 0
	Average unshared data size (kbytes): 0
	Average stack size (kbytes): 0
	Average total size (kbytes): 0
	Maximum resident set size (kbytes): 19388948
	Average resident set size (kbytes): 0
	Major (requiring I/O) page faults: 0
	Minor (reclaiming a frame) page faults: 5253945
	Voluntary context switches: 75031
	Involuntary context switches: 44
	Swaps: 0
	File system inputs: 0
	File system outputs: 16
	Socket messages sent: 0
	Socket messages received: 0
	Signals delivered: 0
	Page size (bytes): 4096
	Exit status: 0
# exit 0 end 2026-10-07T11:16:41Z loadavg 6.84 3.11 2.15 1/1057 3136711
