# agc_win_t1 start 2026-10-07T10:59:15Z loadavg 1.22 1.39 2.00 1/1060 3130206
OPEN	agc_win_t1	1 handles (prefetching=1)	0.386 s
RUN	agc_win_t1	0	warmup	11.489178	10000 items	40960000 bytes	sha256 10000/10000
RUN	agc_win_t1	1	warmup	11.510245	10000 items	40960000 bytes	sha256 10000/10000
RUN	agc_win_t1	2	warmup	11.444886	10000 items	40960000 bytes	sha256 10000/10000
RUN	agc_win_t1	3	timed	11.450138	10000 items	40960000 bytes	sha256 10000/10000
RUN	agc_win_t1	4	timed	11.462836	10000 items	40960000 bytes	sha256 10000/10000
RUN	agc_win_t1	5	timed	11.466292	10000 items	40960000 bytes	sha256 10000/10000
RUN	agc_win_t1	6	timed	11.487516	10000 items	40960000 bytes	sha256 10000/10000
RUN	agc_win_t1	7	timed	11.528214	10000 items	40960000 bytes	sha256 10000/10000
RUN	agc_win_t1	8	timed	11.558249	10000 items	40960000 bytes	sha256 10000/10000
RUN	agc_win_t1	9	timed	11.532351	10000 items	40960000 bytes	sha256 10000/10000
RUN	agc_win_t1	10	timed	11.521030	10000 items	40960000 bytes	sha256 10000/10000
RUN	agc_win_t1	11	timed	11.523745	10000 items	40960000 bytes	sha256 10000/10000
	Command being timed: "taskset -c 3 /home/aeterna/pubrepo/.wk/avr/agcbench req /home/aeterna/pubrepo/.wk/m6/N50/agc50.agc /home/aeterna/pubrepo/.wk/m6/N50/windows_4096.tsv /home/aeterna/pubrepo/.wk/m6/N50/truth.tsv 1 3 9 agc_win_t1"
	User time (seconds): 97.85
	System time (seconds): 40.85
	Percent of CPU this job got: 99%
	Elapsed (wall clock) time (h:mm:ss or m:ss): 2:18.72
	Average shared text size (kbytes): 0
	Average unshared data size (kbytes): 0
	Average stack size (kbytes): 0
	Average total size (kbytes): 0
	Maximum resident set size (kbytes): 1297876
	Average resident set size (kbytes): 0
	Major (requiring I/O) page faults: 0
	Minor (reclaiming a frame) page faults: 30947456
	Voluntary context switches: 13
	Involuntary context switches: 810
	Swaps: 0
	File system inputs: 0
	File system outputs: 96
	Socket messages sent: 0
	Socket messages received: 0
	Signals delivered: 0
	Page size (bytes): 4096
	Exit status: 0
# exit 0 end 2026-10-07T11:01:34Z loadavg 1.09 1.26 1.86 1/1074 3130655
