# rr3_q4k_reg_t1 start 2026-10-07T10:51:49Z loadavg 0.62 2.37 2.58 1/1072 3128642
OPEN	rr3_q4k_reg_t1	reference + 50 archives (q4k)	15.759 s
RUN	rr3_q4k_reg_t1	0	warmup	0.055782	100 items	100000000 bytes	sha256 100/100
RUN	rr3_q4k_reg_t1	1	warmup	0.054205	100 items	100000000 bytes	sha256 100/100
RUN	rr3_q4k_reg_t1	2	warmup	0.054421	100 items	100000000 bytes	sha256 100/100
RUN	rr3_q4k_reg_t1	3	timed	0.053841	100 items	100000000 bytes	sha256 100/100
RUN	rr3_q4k_reg_t1	4	timed	0.052745	100 items	100000000 bytes	sha256 100/100
RUN	rr3_q4k_reg_t1	5	timed	0.052426	100 items	100000000 bytes	sha256 100/100
RUN	rr3_q4k_reg_t1	6	timed	0.052824	100 items	100000000 bytes	sha256 100/100
RUN	rr3_q4k_reg_t1	7	timed	0.052320	100 items	100000000 bytes	sha256 100/100
RUN	rr3_q4k_reg_t1	8	timed	0.053051	100 items	100000000 bytes	sha256 100/100
RUN	rr3_q4k_reg_t1	9	timed	0.051611	100 items	100000000 bytes	sha256 100/100
RUN	rr3_q4k_reg_t1	10	timed	0.051637	100 items	100000000 bytes	sha256 100/100
RUN	rr3_q4k_reg_t1	11	timed	0.051810	100 items	100000000 bytes	sha256 100/100
	Command being timed: "taskset -c 3 /home/aeterna/pubrepo/.wk/avr/rr3bench req /home/aeterna/golden/genome/t2t.fa /home/aeterna/pubrepo/.wk/hprc_cohort/v1 q4k /home/aeterna/pubrepo/.wk/m6/N50/regions_1M.tsv /home/aeterna/pubrepo/.wk/m6/N50/truth.tsv 1 3 9 rr3_q4k_reg_t1"
	User time (seconds): 13.46
	System time (seconds): 3.75
	Percent of CPU this job got: 99%
	Elapsed (wall clock) time (h:mm:ss or m:ss): 0:17.22
	Average shared text size (kbytes): 0
	Average unshared data size (kbytes): 0
	Average stack size (kbytes): 0
	Average total size (kbytes): 0
	Maximum resident set size (kbytes): 6139948
	Average resident set size (kbytes): 0
	Major (requiring I/O) page faults: 0
	Minor (reclaiming a frame) page faults: 2821739
	Voluntary context switches: 13
	Involuntary context switches: 90
	Swaps: 0
	File system inputs: 0
	File system outputs: 8
	Socket messages sent: 0
	Socket messages received: 0
	Signals delivered: 0
	Page size (bytes): 4096
	Exit status: 0
# exit 0 end 2026-10-07T10:52:06Z loadavg 0.71 2.30 2.56 1/1065 3128709
