# rr3_q4k_win_t1 start 2026-10-07T10:51:32Z loadavg 0.47 2.47 2.62 1/1072 3128570
OPEN	rr3_q4k_win_t1	reference + 50 archives (q4k)	15.739 s
RUN	rr3_q4k_win_t1	0	warmup	0.059526	10000 items	40960000 bytes	sha256 10000/10000
RUN	rr3_q4k_win_t1	1	warmup	0.050477	10000 items	40960000 bytes	sha256 10000/10000
RUN	rr3_q4k_win_t1	2	warmup	0.050211	10000 items	40960000 bytes	sha256 10000/10000
RUN	rr3_q4k_win_t1	3	timed	0.049157	10000 items	40960000 bytes	sha256 10000/10000
RUN	rr3_q4k_win_t1	4	timed	0.048550	10000 items	40960000 bytes	sha256 10000/10000
RUN	rr3_q4k_win_t1	5	timed	0.049342	10000 items	40960000 bytes	sha256 10000/10000
RUN	rr3_q4k_win_t1	6	timed	0.049568	10000 items	40960000 bytes	sha256 10000/10000
RUN	rr3_q4k_win_t1	7	timed	0.049780	10000 items	40960000 bytes	sha256 10000/10000
RUN	rr3_q4k_win_t1	8	timed	0.050135	10000 items	40960000 bytes	sha256 10000/10000
RUN	rr3_q4k_win_t1	9	timed	0.051763	10000 items	40960000 bytes	sha256 10000/10000
RUN	rr3_q4k_win_t1	10	timed	0.051884	10000 items	40960000 bytes	sha256 10000/10000
RUN	rr3_q4k_win_t1	11	timed	0.050741	10000 items	40960000 bytes	sha256 10000/10000
	Command being timed: "taskset -c 3 /home/aeterna/pubrepo/.wk/avr/rr3bench req /home/aeterna/golden/genome/t2t.fa /home/aeterna/pubrepo/.wk/hprc_cohort/v1 q4k /home/aeterna/pubrepo/.wk/m6/N50/windows_4096.tsv /home/aeterna/pubrepo/.wk/m6/N50/truth.tsv 1 3 9 rr3_q4k_win_t1"
	User time (seconds): 13.18
	System time (seconds): 3.71
	Percent of CPU this job got: 99%
	Elapsed (wall clock) time (h:mm:ss or m:ss): 0:16.90
	Average shared text size (kbytes): 0
	Average unshared data size (kbytes): 0
	Average stack size (kbytes): 0
	Average total size (kbytes): 0
	Maximum resident set size (kbytes): 6139864
	Average resident set size (kbytes): 0
	Major (requiring I/O) page faults: 0
	Minor (reclaiming a frame) page faults: 2806651
	Voluntary context switches: 13
	Involuntary context switches: 84
	Swaps: 0
	File system inputs: 0
	File system outputs: 8
	Socket messages sent: 0
	Socket messages received: 0
	Signals delivered: 0
	Page size (bytes): 4096
	Exit status: 0
# exit 0 end 2026-10-07T10:51:49Z loadavg 0.62 2.37 2.58 1/1072 3128637
