# rr3_q16k_win_t1 start 2026-10-07T10:55:25Z loadavg 1.00 1.68 2.25 1/1075 3129444
OPEN	rr3_q16k_win_t1	reference + 50 archives (q16k)	15.192 s
RUN	rr3_q16k_win_t1	0	warmup	0.120437	10000 items	40960000 bytes	sha256 10000/10000
RUN	rr3_q16k_win_t1	1	warmup	0.112928	10000 items	40960000 bytes	sha256 10000/10000
RUN	rr3_q16k_win_t1	2	warmup	0.107899	10000 items	40960000 bytes	sha256 10000/10000
RUN	rr3_q16k_win_t1	3	timed	0.106891	10000 items	40960000 bytes	sha256 10000/10000
RUN	rr3_q16k_win_t1	4	timed	0.106174	10000 items	40960000 bytes	sha256 10000/10000
RUN	rr3_q16k_win_t1	5	timed	0.107018	10000 items	40960000 bytes	sha256 10000/10000
RUN	rr3_q16k_win_t1	6	timed	0.106937	10000 items	40960000 bytes	sha256 10000/10000
RUN	rr3_q16k_win_t1	7	timed	0.106780	10000 items	40960000 bytes	sha256 10000/10000
RUN	rr3_q16k_win_t1	8	timed	0.111190	10000 items	40960000 bytes	sha256 10000/10000
RUN	rr3_q16k_win_t1	9	timed	0.108317	10000 items	40960000 bytes	sha256 10000/10000
RUN	rr3_q16k_win_t1	10	timed	0.108430	10000 items	40960000 bytes	sha256 10000/10000
RUN	rr3_q16k_win_t1	11	timed	0.107906	10000 items	40960000 bytes	sha256 10000/10000
	Command being timed: "taskset -c 3 /home/aeterna/pubrepo/.wk/avr/rr3bench req /home/aeterna/golden/genome/t2t.fa /home/aeterna/pubrepo/.wk/hprc_cohort/v1 q16k /home/aeterna/pubrepo/.wk/m6/N50/windows_4096.tsv /home/aeterna/pubrepo/.wk/m6/N50/truth.tsv 1 3 9 rr3_q16k_win_t1"
	User time (seconds): 13.56
	System time (seconds): 3.45
	Percent of CPU this job got: 99%
	Elapsed (wall clock) time (h:mm:ss or m:ss): 0:17.01
	Average shared text size (kbytes): 0
	Average unshared data size (kbytes): 0
	Average stack size (kbytes): 0
	Average total size (kbytes): 0
	Maximum resident set size (kbytes): 6139928
	Average resident set size (kbytes): 0
	Major (requiring I/O) page faults: 0
	Minor (reclaiming a frame) page faults: 2544552
	Voluntary context switches: 13
	Involuntary context switches: 112
	Swaps: 0
	File system inputs: 0
	File system outputs: 8
	Socket messages sent: 0
	Socket messages received: 0
	Signals delivered: 0
	Page size (bytes): 4096
	Exit status: 0
# exit 0 end 2026-10-07T10:55:42Z loadavg 1.00 1.64 2.23 1/1066 3129503
