# rr3_q16k_win_t16 start 2026-10-07T11:12:49Z loadavg 2.90 1.77 1.69 1/1078 3134466
OPEN	rr3_q16k_win_t16	reference + 50 archives (q16k)	15.252 s
RUN	rr3_q16k_win_t16	0	warmup	0.012429	10000 items	40960000 bytes	sha256 10000/10000
RUN	rr3_q16k_win_t16	1	warmup	0.011893	10000 items	40960000 bytes	sha256 10000/10000
RUN	rr3_q16k_win_t16	2	warmup	0.011552	10000 items	40960000 bytes	sha256 10000/10000
RUN	rr3_q16k_win_t16	3	timed	0.011553	10000 items	40960000 bytes	sha256 10000/10000
RUN	rr3_q16k_win_t16	4	timed	0.011756	10000 items	40960000 bytes	sha256 10000/10000
RUN	rr3_q16k_win_t16	5	timed	0.011586	10000 items	40960000 bytes	sha256 10000/10000
RUN	rr3_q16k_win_t16	6	timed	0.012364	10000 items	40960000 bytes	sha256 10000/10000
RUN	rr3_q16k_win_t16	7	timed	0.011631	10000 items	40960000 bytes	sha256 10000/10000
RUN	rr3_q16k_win_t16	8	timed	0.011453	10000 items	40960000 bytes	sha256 10000/10000
RUN	rr3_q16k_win_t16	9	timed	0.011778	10000 items	40960000 bytes	sha256 10000/10000
RUN	rr3_q16k_win_t16	10	timed	0.011538	10000 items	40960000 bytes	sha256 10000/10000
RUN	rr3_q16k_win_t16	11	timed	0.011553	10000 items	40960000 bytes	sha256 10000/10000
	Command being timed: "/home/aeterna/pubrepo/.wk/avr/rr3bench req /home/aeterna/golden/genome/t2t.fa /home/aeterna/pubrepo/.wk/hprc_cohort/v1 q16k /home/aeterna/pubrepo/.wk/m6/N50/windows_4096.tsv /home/aeterna/pubrepo/.wk/m6/N50/truth.tsv 16 3 9 rr3_q16k_win_t16"
	User time (seconds): 14.46
	System time (seconds): 3.49
	Percent of CPU this job got: 112%
	Elapsed (wall clock) time (h:mm:ss or m:ss): 0:15.91
	Average shared text size (kbytes): 0
	Average unshared data size (kbytes): 0
	Average stack size (kbytes): 0
	Average total size (kbytes): 0
	Maximum resident set size (kbytes): 6140008
	Average resident set size (kbytes): 0
	Major (requiring I/O) page faults: 0
	Minor (reclaiming a frame) page faults: 2545250
	Voluntary context switches: 71
	Involuntary context switches: 101
	Swaps: 0
	File system inputs: 0
	File system outputs: 8
	Socket messages sent: 0
	Socket messages received: 0
	Signals delivered: 0
	Page size (bytes): 4096
	Exit status: 0
# exit 0 end 2026-10-07T11:13:05Z loadavg 2.48 1.73 1.68 1/1066 3134706
