# rr3_q4k_reg_t16 start 2026-10-07T11:10:04Z loadavg 1.10 1.11 1.52 1/1077 3132946
OPEN	rr3_q4k_reg_t16	reference + 50 archives (q4k)	15.731 s
RUN	rr3_q4k_reg_t16	0	warmup	0.016580	100 items	100000000 bytes	sha256 100/100
RUN	rr3_q4k_reg_t16	1	warmup	0.015282	100 items	100000000 bytes	sha256 100/100
RUN	rr3_q4k_reg_t16	2	warmup	0.015572	100 items	100000000 bytes	sha256 100/100
RUN	rr3_q4k_reg_t16	3	timed	0.012289	100 items	100000000 bytes	sha256 100/100
RUN	rr3_q4k_reg_t16	4	timed	0.012923	100 items	100000000 bytes	sha256 100/100
RUN	rr3_q4k_reg_t16	5	timed	0.012151	100 items	100000000 bytes	sha256 100/100
RUN	rr3_q4k_reg_t16	6	timed	0.012237	100 items	100000000 bytes	sha256 100/100
RUN	rr3_q4k_reg_t16	7	timed	0.011894	100 items	100000000 bytes	sha256 100/100
RUN	rr3_q4k_reg_t16	8	timed	0.015732	100 items	100000000 bytes	sha256 100/100
RUN	rr3_q4k_reg_t16	9	timed	0.015510	100 items	100000000 bytes	sha256 100/100
RUN	rr3_q4k_reg_t16	10	timed	0.015451	100 items	100000000 bytes	sha256 100/100
RUN	rr3_q4k_reg_t16	11	timed	0.011802	100 items	100000000 bytes	sha256 100/100
	Command being timed: "/home/aeterna/pubrepo/.wk/avr/rr3bench req /home/aeterna/golden/genome/t2t.fa /home/aeterna/pubrepo/.wk/hprc_cohort/v1 q4k /home/aeterna/pubrepo/.wk/m6/N50/regions_1M.tsv /home/aeterna/pubrepo/.wk/m6/N50/truth.tsv 16 3 9 rr3_q4k_reg_t16"
	User time (seconds): 13.57
	System time (seconds): 3.85
	Percent of CPU this job got: 104%
	Elapsed (wall clock) time (h:mm:ss or m:ss): 0:16.73
	Average shared text size (kbytes): 0
	Average unshared data size (kbytes): 0
	Average stack size (kbytes): 0
	Average total size (kbytes): 0
	Maximum resident set size (kbytes): 6140040
	Average resident set size (kbytes): 0
	Major (requiring I/O) page faults: 0
	Minor (reclaiming a frame) page faults: 2822184
	Voluntary context switches: 86
	Involuntary context switches: 42
	Swaps: 0
	File system inputs: 0
	File system outputs: 8
	Socket messages sent: 0
	Socket messages received: 0
	Signals delivered: 0
	Page size (bytes): 4096
	Exit status: 0
# exit 0 end 2026-10-07T11:10:21Z loadavg 1.15 1.12 1.51 1/1071 3133188
