# rr3_q16k_reg_t1 start 2026-10-07T10:55:42Z loadavg 1.00 1.64 2.23 1/1066 3129508
OPEN	rr3_q16k_reg_t1	reference + 50 archives (q16k)	15.198 s
RUN	rr3_q16k_reg_t1	0	warmup	0.055990	100 items	100000000 bytes	sha256 100/100
RUN	rr3_q16k_reg_t1	1	warmup	0.055078	100 items	100000000 bytes	sha256 100/100
RUN	rr3_q16k_reg_t1	2	warmup	0.053284	100 items	100000000 bytes	sha256 100/100
RUN	rr3_q16k_reg_t1	3	timed	0.051936	100 items	100000000 bytes	sha256 100/100
RUN	rr3_q16k_reg_t1	4	timed	0.053362	100 items	100000000 bytes	sha256 100/100
RUN	rr3_q16k_reg_t1	5	timed	0.055316	100 items	100000000 bytes	sha256 100/100
RUN	rr3_q16k_reg_t1	6	timed	0.051629	100 items	100000000 bytes	sha256 100/100
RUN	rr3_q16k_reg_t1	7	timed	0.051525	100 items	100000000 bytes	sha256 100/100
RUN	rr3_q16k_reg_t1	8	timed	0.052261	100 items	100000000 bytes	sha256 100/100
RUN	rr3_q16k_reg_t1	9	timed	0.052326	100 items	100000000 bytes	sha256 100/100
RUN	rr3_q16k_reg_t1	10	timed	0.053728	100 items	100000000 bytes	sha256 100/100
RUN	rr3_q16k_reg_t1	11	timed	0.053079	100 items	100000000 bytes	sha256 100/100
	Command being timed: "taskset -c 3 /home/aeterna/pubrepo/.wk/avr/rr3bench req /home/aeterna/golden/genome/t2t.fa /home/aeterna/pubrepo/.wk/hprc_cohort/v1 q16k /home/aeterna/pubrepo/.wk/m6/N50/regions_1M.tsv /home/aeterna/pubrepo/.wk/m6/N50/truth.tsv 1 3 9 rr3_q16k_reg_t1"
	User time (seconds): 13.09
	System time (seconds): 3.52
	Percent of CPU this job got: 99%
	Elapsed (wall clock) time (h:mm:ss or m:ss): 0:16.62
	Average shared text size (kbytes): 0
	Average unshared data size (kbytes): 0
	Average stack size (kbytes): 0
	Average total size (kbytes): 0
	Maximum resident set size (kbytes): 6139856
	Average resident set size (kbytes): 0
	Major (requiring I/O) page faults: 0
	Minor (reclaiming a frame) page faults: 2558803
	Voluntary context switches: 13
	Involuntary context switches: 103
	Swaps: 0
	File system inputs: 0
	File system outputs: 8
	Socket messages sent: 0
	Socket messages received: 0
	Signals delivered: 0
	Page size (bytes): 4096
	Exit status: 0
# exit 0 end 2026-10-07T10:55:58Z loadavg 1.00 1.60 2.21 1/1075 3129580
