# rr3_q16k_s4_t1 start 2026-10-07T10:55:58Z loadavg 1.00 1.60 2.21 1/1075 3129585
OPEN	rr3_q16k_s4_t1	reference + 50 archives (q16k)	15.190 s
RUN	rr3_q16k_s4_t1	0	warmup	8.588402	4 items	11989829249 bytes	sha256 4/4
RUN	rr3_q16k_s4_t1	1	warmup	5.114315	4 items	11989829249 bytes	sha256 4/4
RUN	rr3_q16k_s4_t1	2	warmup	5.116662	4 items	11989829249 bytes	sha256 4/4
RUN	rr3_q16k_s4_t1	3	timed	5.116442	4 items	11989829249 bytes	sha256 4/4
RUN	rr3_q16k_s4_t1	4	timed	5.116381	4 items	11989829249 bytes	sha256 4/4
RUN	rr3_q16k_s4_t1	5	timed	5.116460	4 items	11989829249 bytes	sha256 4/4
RUN	rr3_q16k_s4_t1	6	timed	5.117314	4 items	11989829249 bytes	sha256 4/4
RUN	rr3_q16k_s4_t1	7	timed	5.115713	4 items	11989829249 bytes	sha256 4/4
RUN	rr3_q16k_s4_t1	8	timed	5.115676	4 items	11989829249 bytes	sha256 4/4
RUN	rr3_q16k_s4_t1	9	timed	5.114465	4 items	11989829249 bytes	sha256 4/4
RUN	rr3_q16k_s4_t1	10	timed	5.118135	4 items	11989829249 bytes	sha256 4/4
RUN	rr3_q16k_s4_t1	11	timed	5.116921	4 items	11989829249 bytes	sha256 4/4
	Command being timed: "taskset -c 3 /home/aeterna/pubrepo/.wk/avr/rr3bench sample /home/aeterna/golden/genome/t2t.fa /home/aeterna/pubrepo/.wk/hprc_cohort/v1 q16k y1_HG00438.1,y1_HG00438.2,y1_HG00621.1,y1_HG00621.2 /home/aeterna/pubrepo/.wk/m6/N50/truth.tsv 1 3 9 rr3_q16k_s4_t1"
	User time (seconds): 150.61
	System time (seconds): 46.42
	Percent of CPU this job got: 99%
	Elapsed (wall clock) time (h:mm:ss or m:ss): 3:17.05
	Average shared text size (kbytes): 0
	Average unshared data size (kbytes): 0
	Average stack size (kbytes): 0
	Average total size (kbytes): 0
	Maximum resident set size (kbytes): 18676640
	Average resident set size (kbytes): 0
	Major (requiring I/O) page faults: 0
	Minor (reclaiming a frame) page faults: 40587866
	Voluntary context switches: 49
	Involuntary context switches: 1174
	Swaps: 0
	File system inputs: 0
	File system outputs: 104
	Socket messages sent: 0
	Socket messages received: 0
	Signals delivered: 0
	Page size (bytes): 4096
	Exit status: 0
# exit 0 end 2026-10-07T10:59:15Z loadavg 1.22 1.39 2.00 1/1060 3130201
