# rr3_q4k_win_t16 start 2026-10-07T11:09:48Z loadavg 1.02 1.10 1.52 2/1069 3132693
OPEN	rr3_q4k_win_t16	reference + 50 archives (q4k)	15.826 s
RUN	rr3_q4k_win_t16	0	warmup	0.007441	10000 items	40960000 bytes	sha256 10000/10000
RUN	rr3_q4k_win_t16	1	warmup	0.006115	10000 items	40960000 bytes	sha256 10000/10000
RUN	rr3_q4k_win_t16	2	warmup	0.005950	10000 items	40960000 bytes	sha256 10000/10000
RUN	rr3_q4k_win_t16	3	timed	0.005988	10000 items	40960000 bytes	sha256 10000/10000
RUN	rr3_q4k_win_t16	4	timed	0.005966	10000 items	40960000 bytes	sha256 10000/10000
RUN	rr3_q4k_win_t16	5	timed	0.006019	10000 items	40960000 bytes	sha256 10000/10000
RUN	rr3_q4k_win_t16	6	timed	0.005932	10000 items	40960000 bytes	sha256 10000/10000
RUN	rr3_q4k_win_t16	7	timed	0.006145	10000 items	40960000 bytes	sha256 10000/10000
RUN	rr3_q4k_win_t16	8	timed	0.005859	10000 items	40960000 bytes	sha256 10000/10000
RUN	rr3_q4k_win_t16	9	timed	0.005876	10000 items	40960000 bytes	sha256 10000/10000
RUN	rr3_q4k_win_t16	10	timed	0.005926	10000 items	40960000 bytes	sha256 10000/10000
RUN	rr3_q4k_win_t16	11	timed	0.006134	10000 items	40960000 bytes	sha256 10000/10000
	Command being timed: "/home/aeterna/pubrepo/.wk/avr/rr3bench req /home/aeterna/golden/genome/t2t.fa /home/aeterna/pubrepo/.wk/hprc_cohort/v1 q4k /home/aeterna/pubrepo/.wk/m6/N50/windows_4096.tsv /home/aeterna/pubrepo/.wk/m6/N50/truth.tsv 16 3 9 rr3_q4k_win_t16"
	User time (seconds): 13.87
	System time (seconds): 3.63
	Percent of CPU this job got: 106%
	Elapsed (wall clock) time (h:mm:ss or m:ss): 0:16.45
	Average shared text size (kbytes): 0
	Average unshared data size (kbytes): 0
	Average stack size (kbytes): 0
	Average total size (kbytes): 0
	Maximum resident set size (kbytes): 6139844
	Average resident set size (kbytes): 0
	Major (requiring I/O) page faults: 0
	Minor (reclaiming a frame) page faults: 2807260
	Voluntary context switches: 85
	Involuntary context switches: 87
	Swaps: 0
	File system inputs: 0
	File system outputs: 8
	Socket messages sent: 0
	Socket messages received: 0
	Signals delivered: 0
	Page size (bytes): 4096
	Exit status: 0
# exit 0 end 2026-10-07T11:10:04Z loadavg 1.10 1.11 1.52 1/1077 3132941
