# rr3_q16k_s4_t16 start 2026-10-07T11:13:21Z loadavg 2.15 1.69 1.67 1/1063 3134956
OPEN	rr3_q16k_s4_t16	reference + 50 archives (q16k)	15.262 s
RUN	rr3_q16k_s4_t16	0	warmup	4.408624	4 items	11989829249 bytes	sha256 4/4
RUN	rr3_q16k_s4_t16	1	warmup	0.929571	4 items	11989829249 bytes	sha256 4/4
RUN	rr3_q16k_s4_t16	2	warmup	0.928836	4 items	11989829249 bytes	sha256 4/4
RUN	rr3_q16k_s4_t16	3	timed	0.929500	4 items	11989829249 bytes	sha256 4/4
RUN	rr3_q16k_s4_t16	4	timed	0.928674	4 items	11989829249 bytes	sha256 4/4
RUN	rr3_q16k_s4_t16	5	timed	0.932537	4 items	11989829249 bytes	sha256 4/4
RUN	rr3_q16k_s4_t16	6	timed	0.928762	4 items	11989829249 bytes	sha256 4/4
RUN	rr3_q16k_s4_t16	7	timed	0.928496	4 items	11989829249 bytes	sha256 4/4
RUN	rr3_q16k_s4_t16	8	timed	0.928662	4 items	11989829249 bytes	sha256 4/4
RUN	rr3_q16k_s4_t16	9	timed	0.929670	4 items	11989829249 bytes	sha256 4/4
RUN	rr3_q16k_s4_t16	10	timed	0.928975	4 items	11989829249 bytes	sha256 4/4
RUN	rr3_q16k_s4_t16	11	timed	0.929169	4 items	11989829249 bytes	sha256 4/4
	Command being timed: "/home/aeterna/pubrepo/.wk/avr/rr3bench sample /home/aeterna/golden/genome/t2t.fa /home/aeterna/pubrepo/.wk/hprc_cohort/v1 q16k y1_HG00438.1,y1_HG00438.2,y1_HG00621.1,y1_HG00621.2 /home/aeterna/pubrepo/.wk/m6/N50/truth.tsv 16 3 9 rr3_q16k_s4_t16"
	User time (seconds): 266.84
	System time (seconds): 46.23
	Percent of CPU this job got: 212%
	Elapsed (wall clock) time (h:mm:ss or m:ss): 2:27.09
	Average shared text size (kbytes): 0
	Average unshared data size (kbytes): 0
	Average stack size (kbytes): 0
	Average total size (kbytes): 0
	Maximum resident set size (kbytes): 18677828
	Average resident set size (kbytes): 0
	Major (requiring I/O) page faults: 0
	Minor (reclaiming a frame) page faults: 40589243
	Voluntary context switches: 189
	Involuntary context switches: 7167
	Swaps: 0
	File system inputs: 0
	File system outputs: 104
	Socket messages sent: 0
	Socket messages received: 0
	Signals delivered: 0
	Page size (bytes): 4096
	Exit status: 0
# exit 0 end 2026-10-07T11:15:48Z loadavg 1.52 1.64 1.65 1/1072 3136168
