# agc_reg_t16 start 2026-10-07T13:16:47Z loadavg 16.17 15.29 10.30 1/1075 3169610
OPEN	agc_reg_t16	16 handles (prefetching=1)	7.495 s
RUN	agc_reg_t16	0	warmup	0.901431	100 items	100000000 bytes	sha256 100/100
RUN	agc_reg_t16	1	warmup	0.786068	100 items	100000000 bytes	sha256 100/100
RUN	agc_reg_t16	2	warmup	0.641268	100 items	100000000 bytes	sha256 100/100
RUN	agc_reg_t16	3	timed	0.732378	100 items	100000000 bytes	sha256 100/100
RUN	agc_reg_t16	4	timed	0.686206	100 items	100000000 bytes	sha256 100/100
RUN	agc_reg_t16	5	timed	0.617854	100 items	100000000 bytes	sha256 100/100
RUN	agc_reg_t16	6	timed	0.746997	100 items	100000000 bytes	sha256 100/100
RUN	agc_reg_t16	7	timed	0.691280	100 items	100000000 bytes	sha256 100/100
RUN	agc_reg_t16	8	timed	0.690709	100 items	100000000 bytes	sha256 100/100
RUN	agc_reg_t16	9	timed	0.689271	100 items	100000000 bytes	sha256 100/100
RUN	agc_reg_t16	10	timed	0.615027	100 items	100000000 bytes	sha256 100/100
RUN	agc_reg_t16	11	timed	0.682518	100 items	100000000 bytes	sha256 100/100
	Command being timed: "/home/aeterna/pubrepo/.wk/avr/agcbench req /home/aeterna/pubrepo/.wk/m6/N100/agc100.agc /home/aeterna/pubrepo/.wk/m6/N100/regions_1M.tsv /home/aeterna/pubrepo/.wk/m6/N100/truth.tsv 16 3 9 agc_reg_t16"
	User time (seconds): 36.12
	System time (seconds): 16.23
	Percent of CPU this job got: 295%
	Elapsed (wall clock) time (h:mm:ss or m:ss): 0:17.74
	Average shared text size (kbytes): 0
	Average unshared data size (kbytes): 0
	Average stack size (kbytes): 0
	Average total size (kbytes): 0
	Maximum resident set size (kbytes): 24924724
	Average resident set size (kbytes): 0
	Major (requiring I/O) page faults: 0
	Minor (reclaiming a frame) page faults: 10019858
	Voluntary context switches: 141475
	Involuntary context switches: 178
	Swaps: 0
	File system inputs: 0
	File system outputs: 0
	Socket messages sent: 0
	Socket messages received: 0
	Signals delivered: 0
	Page size (bytes): 4096
	Exit status: 0
# exit 0 end 2026-10-07T13:17:05Z loadavg 12.43 14.49 10.14 1/1066 3169855
