# agc_win_t16 start 2026-10-07T13:02:15Z loadavg 2.44 2.01 1.47 1/1072 3167443
OPEN	agc_win_t16	16 handles (prefetching=1)	7.554 s
RUN	agc_win_t16	0	warmup	71.024274	10000 items	40960000 bytes	sha256 10000/10000
RUN	agc_win_t16	1	warmup	70.678099	10000 items	40960000 bytes	sha256 10000/10000
RUN	agc_win_t16	2	warmup	70.263613	10000 items	40960000 bytes	sha256 10000/10000
RUN	agc_win_t16	3	timed	70.190297	10000 items	40960000 bytes	sha256 10000/10000
RUN	agc_win_t16	4	timed	71.476002	10000 items	40960000 bytes	sha256 10000/10000
RUN	agc_win_t16	5	timed	71.753580	10000 items	40960000 bytes	sha256 10000/10000
RUN	agc_win_t16	6	timed	71.788952	10000 items	40960000 bytes	sha256 10000/10000
RUN	agc_win_t16	7	timed	71.784975	10000 items	40960000 bytes	sha256 10000/10000
RUN	agc_win_t16	8	timed	73.426251	10000 items	40960000 bytes	sha256 10000/10000
RUN	agc_win_t16	9	timed	73.236254	10000 items	40960000 bytes	sha256 10000/10000
RUN	agc_win_t16	10	timed	73.464420	10000 items	40960000 bytes	sha256 10000/10000
RUN	agc_win_t16	11	timed	74.003077	10000 items	40960000 bytes	sha256 10000/10000
	Command being timed: "/home/aeterna/pubrepo/.wk/avr/agcbench req /home/aeterna/pubrepo/.wk/m6/N100/agc100.agc /home/aeterna/pubrepo/.wk/m6/N100/windows_4096.tsv /home/aeterna/pubrepo/.wk/m6/N100/truth.tsv 16 3 9 agc_win_t16"
	User time (seconds): 7265.48
	System time (seconds): 3565.21
	Percent of CPU this job got: 1241%
	Elapsed (wall clock) time (h:mm:ss or m:ss): 14:32.16
	Average shared text size (kbytes): 0
	Average unshared data size (kbytes): 0
	Average stack size (kbytes): 0
	Average total size (kbytes): 0
	Maximum resident set size (kbytes): 25384756
	Average resident set size (kbytes): 0
	Major (requiring I/O) page faults: 0
	Minor (reclaiming a frame) page faults: 741798010
	Voluntary context switches: 113953420
	Involuntary context switches: 357551
	Swaps: 0
	File system inputs: 0
	File system outputs: 96
	Socket messages sent: 0
	Socket messages received: 0
	Signals delivered: 0
	Page size (bytes): 4096
	Exit status: 0
# exit 0 end 2026-10-07T13:16:47Z loadavg 16.17 15.29 10.30 1/1075 3169605
