# agc_s4_t1 start 2026-10-07T12:47:58Z loadavg 1.03 1.03 1.07 1/1083 3162999
OPEN	agc_s4_t1	1 handles (prefetching=1)	0.507 s
RUN	agc_s4_t1	0	warmup	35.051065	4 items	11989829249 bytes	sha256 4/4
RUN	agc_s4_t1	1	warmup	30.871574	4 items	11989829249 bytes	sha256 4/4
RUN	agc_s4_t1	2	warmup	30.842726	4 items	11989829249 bytes	sha256 4/4
RUN	agc_s4_t1	3	timed	30.869791	4 items	11989829249 bytes	sha256 4/4
RUN	agc_s4_t1	4	timed	30.902254	4 items	11989829249 bytes	sha256 4/4
RUN	agc_s4_t1	5	timed	30.910077	4 items	11989829249 bytes	sha256 4/4
RUN	agc_s4_t1	6	timed	30.928565	4 items	11989829249 bytes	sha256 4/4
RUN	agc_s4_t1	7	timed	30.926254	4 items	11989829249 bytes	sha256 4/4
RUN	agc_s4_t1	8	timed	30.951461	4 items	11989829249 bytes	sha256 4/4
RUN	agc_s4_t1	9	timed	30.957231	4 items	11989829249 bytes	sha256 4/4
RUN	agc_s4_t1	10	timed	30.951226	4 items	11989829249 bytes	sha256 4/4
RUN	agc_s4_t1	11	timed	30.961539	4 items	11989829249 bytes	sha256 4/4
	Command being timed: "taskset -c 3 /home/aeterna/pubrepo/.wk/avr/agcbench sample /home/aeterna/pubrepo/.wk/m6/N100/agc100.agc y1_HG00438.1,y1_HG00438.2,y1_HG00621.1,y1_HG00621.2 /home/aeterna/pubrepo/.wk/m6/N100/truth.tsv 1 3 9 agc_s4_t1"
	User time (seconds): 362.13
	System time (seconds): 130.38
	Percent of CPU this job got: 99%
	Elapsed (wall clock) time (h:mm:ss or m:ss): 8:12.57
	Average shared text size (kbytes): 0
	Average unshared data size (kbytes): 0
	Average stack size (kbytes): 0
	Average total size (kbytes): 0
	Maximum resident set size (kbytes): 16276368
	Average resident set size (kbytes): 0
	Major (requiring I/O) page faults: 0
	Minor (reclaiming a frame) page faults: 116488386
	Voluntary context switches: 49
	Involuntary context switches: 3224
	Swaps: 0
	File system inputs: 0
	File system outputs: 96
	Socket messages sent: 0
	Socket messages received: 0
	Signals delivered: 0
	Page size (bytes): 4096
	Exit status: 0
# exit 0 end 2026-10-07T12:56:10Z loadavg 1.03 1.03 1.05 1/1080 3164260
