# rr3_q4k_s4_t16 start 2026-10-07T12:56:46Z loadavg 1.02 1.03 1.05 1/1080 3164754
OPEN	rr3_q4k_s4_t16	reference + 100 archives (q4k)	16.895 s
RUN	rr3_q4k_s4_t16	0	warmup	4.412383	4 items	11989829249 bytes	sha256 4/4
RUN	rr3_q4k_s4_t16	1	warmup	0.934564	4 items	11989829249 bytes	sha256 4/4
RUN	rr3_q4k_s4_t16	2	warmup	0.933856	4 items	11989829249 bytes	sha256 4/4
RUN	rr3_q4k_s4_t16	3	timed	0.933899	4 items	11989829249 bytes	sha256 4/4
RUN	rr3_q4k_s4_t16	4	timed	0.933929	4 items	11989829249 bytes	sha256 4/4
RUN	rr3_q4k_s4_t16	5	timed	0.934335	4 items	11989829249 bytes	sha256 4/4
RUN	rr3_q4k_s4_t16	6	timed	0.934153	4 items	11989829249 bytes	sha256 4/4
RUN	rr3_q4k_s4_t16	7	timed	0.935011	4 items	11989829249 bytes	sha256 4/4
RUN	rr3_q4k_s4_t16	8	timed	0.934543	4 items	11989829249 bytes	sha256 4/4
RUN	rr3_q4k_s4_t16	9	timed	0.933558	4 items	11989829249 bytes	sha256 4/4
RUN	rr3_q4k_s4_t16	10	timed	0.933924	4 items	11989829249 bytes	sha256 4/4
RUN	rr3_q4k_s4_t16	11	timed	0.933700	4 items	11989829249 bytes	sha256 4/4
	Command being timed: "/home/aeterna/pubrepo/.wk/avr/rr3bench sample /home/aeterna/golden/genome/t2t.fa /home/aeterna/pubrepo/.wk/hprc_cohort/v1 q4k y1_HG00438.1,y1_HG00438.2,y1_HG00621.1,y1_HG00621.2 /home/aeterna/pubrepo/.wk/m6/N100/truth.tsv 16 3 9 rr3_q4k_s4_t16"
	User time (seconds): 268.36
	System time (seconds): 47.19
	Percent of CPU this job got: 212%
	Elapsed (wall clock) time (h:mm:ss or m:ss): 2:28.67
	Average shared text size (kbytes): 0
	Average unshared data size (kbytes): 0
	Average stack size (kbytes): 0
	Average total size (kbytes): 0
	Maximum resident set size (kbytes): 21708284
	Average resident set size (kbytes): 0
	Major (requiring I/O) page faults: 0
	Minor (reclaiming a frame) page faults: 41361721
	Voluntary context switches: 216
	Involuntary context switches: 7447
	Swaps: 0
	File system inputs: 0
	File system outputs: 32
	Socket messages sent: 0
	Socket messages received: 0
	Signals delivered: 0
	Page size (bytes): 4096
	Exit status: 0
# exit 0 end 2026-10-07T12:59:15Z loadavg 3.17 1.71 1.29 1/1072 3165851
