# rr3_q16k_reg_t1 start 2026-10-07T11:51:10Z loadavg 1.13 2.12 3.14 1/1071 3153634
OPEN	rr3_q16k_reg_t1	reference + 100 archives (q16k)	15.745 s
RUN	rr3_q16k_reg_t1	0	warmup	0.055819	100 items	100000000 bytes	sha256 100/100
RUN	rr3_q16k_reg_t1	1	warmup	0.053817	100 items	100000000 bytes	sha256 100/100
RUN	rr3_q16k_reg_t1	2	warmup	0.053783	100 items	100000000 bytes	sha256 100/100
RUN	rr3_q16k_reg_t1	3	timed	0.051712	100 items	100000000 bytes	sha256 100/100
RUN	rr3_q16k_reg_t1	4	timed	0.052043	100 items	100000000 bytes	sha256 100/100
RUN	rr3_q16k_reg_t1	5	timed	0.051017	100 items	100000000 bytes	sha256 100/100
RUN	rr3_q16k_reg_t1	6	timed	0.053207	100 items	100000000 bytes	sha256 100/100
RUN	rr3_q16k_reg_t1	7	timed	0.053766	100 items	100000000 bytes	sha256 100/100
RUN	rr3_q16k_reg_t1	8	timed	0.052950	100 items	100000000 bytes	sha256 100/100
RUN	rr3_q16k_reg_t1	9	timed	0.050452	100 items	100000000 bytes	sha256 100/100
RUN	rr3_q16k_reg_t1	10	timed	0.051815	100 items	100000000 bytes	sha256 100/100
RUN	rr3_q16k_reg_t1	11	timed	0.053604	100 items	100000000 bytes	sha256 100/100
	Command being timed: "taskset -c 3 /home/aeterna/pubrepo/.wk/avr/rr3bench req /home/aeterna/golden/genome/t2t.fa /home/aeterna/pubrepo/.wk/hprc_cohort/v1 q16k /home/aeterna/pubrepo/.wk/m6/N100/regions_1M.tsv /home/aeterna/pubrepo/.wk/m6/N100/truth.tsv 1 3 9 rr3_q16k_reg_t1"
	User time (seconds): 13.31
	System time (seconds): 3.91
	Percent of CPU this job got: 99%
	Elapsed (wall clock) time (h:mm:ss or m:ss): 0:17.22
	Average shared text size (kbytes): 0
	Average unshared data size (kbytes): 0
	Average stack size (kbytes): 0
	Average total size (kbytes): 0
	Maximum resident set size (kbytes): 6146004
	Average resident set size (kbytes): 0
	Major (requiring I/O) page faults: 0
	Minor (reclaiming a frame) page faults: 2807700
	Voluntary context switches: 13
	Involuntary context switches: 113
	Swaps: 0
	File system inputs: 0
	File system outputs: 8
	Socket messages sent: 0
	Socket messages received: 0
	Signals delivered: 0
	Page size (bytes): 4096
	Exit status: 0
# exit 0 end 2026-10-07T11:51:27Z loadavg 1.09 2.05 3.09 1/1078 3153700
