# rr3_q16k_s4_t16 start 2026-10-07T12:59:48Z loadavg 2.31 1.64 1.28 1/1087 3166351
OPEN	rr3_q16k_s4_t16	reference + 100 archives (q16k)	15.607 s
RUN	rr3_q16k_s4_t16	0	warmup	4.394943	4 items	11989829249 bytes	sha256 4/4
RUN	rr3_q16k_s4_t16	1	warmup	0.929334	4 items	11989829249 bytes	sha256 4/4
RUN	rr3_q16k_s4_t16	2	warmup	0.929807	4 items	11989829249 bytes	sha256 4/4
RUN	rr3_q16k_s4_t16	3	timed	0.929489	4 items	11989829249 bytes	sha256 4/4
RUN	rr3_q16k_s4_t16	4	timed	0.929523	4 items	11989829249 bytes	sha256 4/4
RUN	rr3_q16k_s4_t16	5	timed	0.929200	4 items	11989829249 bytes	sha256 4/4
RUN	rr3_q16k_s4_t16	6	timed	0.929404	4 items	11989829249 bytes	sha256 4/4
RUN	rr3_q16k_s4_t16	7	timed	0.930613	4 items	11989829249 bytes	sha256 4/4
RUN	rr3_q16k_s4_t16	8	timed	0.929715	4 items	11989829249 bytes	sha256 4/4
RUN	rr3_q16k_s4_t16	9	timed	0.929395	4 items	11989829249 bytes	sha256 4/4
RUN	rr3_q16k_s4_t16	10	timed	0.928953	4 items	11989829249 bytes	sha256 4/4
RUN	rr3_q16k_s4_t16	11	timed	0.929926	4 items	11989829249 bytes	sha256 4/4
	Command being timed: "/home/aeterna/pubrepo/.wk/avr/rr3bench sample /home/aeterna/golden/genome/t2t.fa /home/aeterna/pubrepo/.wk/hprc_cohort/v1 q16k y1_HG00438.1,y1_HG00438.2,y1_HG00621.1,y1_HG00621.2 /home/aeterna/pubrepo/.wk/m6/N100/truth.tsv 16 3 9 rr3_q16k_s4_t16"
	User time (seconds): 266.50
	System time (seconds): 46.84
	Percent of CPU this job got: 212%
	Elapsed (wall clock) time (h:mm:ss or m:ss): 2:27.23
	Average shared text size (kbytes): 0
	Average unshared data size (kbytes): 0
	Average stack size (kbytes): 0
	Average total size (kbytes): 0
	Maximum resident set size (kbytes): 19665264
	Average resident set size (kbytes): 0
	Major (requiring I/O) page faults: 0
	Minor (reclaiming a frame) page faults: 40838236
	Voluntary context switches: 207
	Involuntary context switches: 7414
	Swaps: 0
	File system inputs: 0
	File system outputs: 32
	Socket messages sent: 0
	Socket messages received: 0
	Signals delivered: 0
	Page size (bytes): 4096
	Exit status: 0
# exit 0 end 2026-10-07T13:02:15Z loadavg 2.44 2.01 1.47 1/1072 3167438
