# rr3_q16k_win_t16 start 2026-10-07T12:59:15Z loadavg 3.17 1.71 1.29 1/1072 3165856
OPEN	rr3_q16k_win_t16	reference + 100 archives (q16k)	15.716 s
RUN	rr3_q16k_win_t16	0	warmup	0.013331	10000 items	40960000 bytes	sha256 10000/10000
RUN	rr3_q16k_win_t16	1	warmup	0.012467	10000 items	40960000 bytes	sha256 10000/10000
RUN	rr3_q16k_win_t16	2	warmup	0.012427	10000 items	40960000 bytes	sha256 10000/10000
RUN	rr3_q16k_win_t16	3	timed	0.012311	10000 items	40960000 bytes	sha256 10000/10000
RUN	rr3_q16k_win_t16	4	timed	0.012374	10000 items	40960000 bytes	sha256 10000/10000
RUN	rr3_q16k_win_t16	5	timed	0.012181	10000 items	40960000 bytes	sha256 10000/10000
RUN	rr3_q16k_win_t16	6	timed	0.012299	10000 items	40960000 bytes	sha256 10000/10000
RUN	rr3_q16k_win_t16	7	timed	0.012218	10000 items	40960000 bytes	sha256 10000/10000
RUN	rr3_q16k_win_t16	8	timed	0.012296	10000 items	40960000 bytes	sha256 10000/10000
RUN	rr3_q16k_win_t16	9	timed	0.012222	10000 items	40960000 bytes	sha256 10000/10000
RUN	rr3_q16k_win_t16	10	timed	0.012231	10000 items	40960000 bytes	sha256 10000/10000
RUN	rr3_q16k_win_t16	11	timed	0.012351	10000 items	40960000 bytes	sha256 10000/10000
	Command being timed: "/home/aeterna/pubrepo/.wk/avr/rr3bench req /home/aeterna/golden/genome/t2t.fa /home/aeterna/pubrepo/.wk/hprc_cohort/v1 q16k /home/aeterna/pubrepo/.wk/m6/N100/windows_4096.tsv /home/aeterna/pubrepo/.wk/m6/N100/truth.tsv 16 3 9 rr3_q16k_win_t16"
	User time (seconds): 14.72
	System time (seconds): 3.88
	Percent of CPU this job got: 113%
	Elapsed (wall clock) time (h:mm:ss or m:ss): 0:16.44
	Average shared text size (kbytes): 0
	Average unshared data size (kbytes): 0
	Average stack size (kbytes): 0
	Average total size (kbytes): 0
	Maximum resident set size (kbytes): 6146132
	Average resident set size (kbytes): 0
	Major (requiring I/O) page faults: 0
	Minor (reclaiming a frame) page faults: 2794231
	Voluntary context switches: 78
	Involuntary context switches: 124
	Swaps: 0
	File system inputs: 0
	File system outputs: 0
	Socket messages sent: 0
	Socket messages received: 0
	Signals delivered: 0
	Page size (bytes): 4096
	Exit status: 0
# exit 0 end 2026-10-07T12:59:31Z loadavg 2.69 1.68 1.28 1/1080 3166103
