# rr3_q4k_win_t16 start 2026-10-07T12:56:10Z loadavg 1.03 1.03 1.05 1/1080 3164265
OPEN	rr3_q4k_win_t16	reference + 100 archives (q4k)	17.039 s
RUN	rr3_q4k_win_t16	0	warmup	0.007785	10000 items	40960000 bytes	sha256 10000/10000
RUN	rr3_q4k_win_t16	1	warmup	0.006882	10000 items	40960000 bytes	sha256 10000/10000
RUN	rr3_q4k_win_t16	2	warmup	0.006472	10000 items	40960000 bytes	sha256 10000/10000
RUN	rr3_q4k_win_t16	3	timed	0.006540	10000 items	40960000 bytes	sha256 10000/10000
RUN	rr3_q4k_win_t16	4	timed	0.006808	10000 items	40960000 bytes	sha256 10000/10000
RUN	rr3_q4k_win_t16	5	timed	0.006611	10000 items	40960000 bytes	sha256 10000/10000
RUN	rr3_q4k_win_t16	6	timed	0.006659	10000 items	40960000 bytes	sha256 10000/10000
RUN	rr3_q4k_win_t16	7	timed	0.006658	10000 items	40960000 bytes	sha256 10000/10000
RUN	rr3_q4k_win_t16	8	timed	0.006534	10000 items	40960000 bytes	sha256 10000/10000
RUN	rr3_q4k_win_t16	9	timed	0.006516	10000 items	40960000 bytes	sha256 10000/10000
RUN	rr3_q4k_win_t16	10	timed	0.006511	10000 items	40960000 bytes	sha256 10000/10000
RUN	rr3_q4k_win_t16	11	timed	0.006537	10000 items	40960000 bytes	sha256 10000/10000
	Command being timed: "/home/aeterna/pubrepo/.wk/avr/rr3bench req /home/aeterna/golden/genome/t2t.fa /home/aeterna/pubrepo/.wk/hprc_cohort/v1 q4k /home/aeterna/pubrepo/.wk/m6/N100/windows_4096.tsv /home/aeterna/pubrepo/.wk/m6/N100/truth.tsv 16 3 9 rr3_q4k_win_t16"
	User time (seconds): 14.35
	System time (seconds): 4.57
	Percent of CPU this job got: 106%
	Elapsed (wall clock) time (h:mm:ss or m:ss): 0:17.78
	Average shared text size (kbytes): 0
	Average unshared data size (kbytes): 0
	Average stack size (kbytes): 0
	Average total size (kbytes): 0
	Maximum resident set size (kbytes): 7071184
	Average resident set size (kbytes): 0
	Major (requiring I/O) page faults: 0
	Minor (reclaiming a frame) page faults: 3316267
	Voluntary context switches: 73
	Involuntary context switches: 104
	Swaps: 0
	File system inputs: 0
	File system outputs: 0
	Socket messages sent: 0
	Socket messages received: 0
	Signals delivered: 0
	Page size (bytes): 4096
	Exit status: 0
# exit 0 end 2026-10-07T12:56:28Z loadavg 1.02 1.03 1.05 1/1088 3164513
