# rr3_q16k_reg_t16 start 2026-10-07T12:59:31Z loadavg 2.69 1.68 1.28 1/1080 3166108
OPEN	rr3_q16k_reg_t16	reference + 100 archives (q16k)	15.669 s
RUN	rr3_q16k_reg_t16	0	warmup	0.015394	100 items	100000000 bytes	sha256 100/100
RUN	rr3_q16k_reg_t16	1	warmup	0.011286	100 items	100000000 bytes	sha256 100/100
RUN	rr3_q16k_reg_t16	2	warmup	0.011356	100 items	100000000 bytes	sha256 100/100
RUN	rr3_q16k_reg_t16	3	timed	0.014550	100 items	100000000 bytes	sha256 100/100
RUN	rr3_q16k_reg_t16	4	timed	0.011241	100 items	100000000 bytes	sha256 100/100
RUN	rr3_q16k_reg_t16	5	timed	0.014359	100 items	100000000 bytes	sha256 100/100
RUN	rr3_q16k_reg_t16	6	timed	0.014271	100 items	100000000 bytes	sha256 100/100
RUN	rr3_q16k_reg_t16	7	timed	0.014335	100 items	100000000 bytes	sha256 100/100
RUN	rr3_q16k_reg_t16	8	timed	0.014161	100 items	100000000 bytes	sha256 100/100
RUN	rr3_q16k_reg_t16	9	timed	0.011330	100 items	100000000 bytes	sha256 100/100
RUN	rr3_q16k_reg_t16	10	timed	0.014416	100 items	100000000 bytes	sha256 100/100
RUN	rr3_q16k_reg_t16	11	timed	0.011310	100 items	100000000 bytes	sha256 100/100
	Command being timed: "/home/aeterna/pubrepo/.wk/avr/rr3bench req /home/aeterna/golden/genome/t2t.fa /home/aeterna/pubrepo/.wk/hprc_cohort/v1 q16k /home/aeterna/pubrepo/.wk/m6/N100/regions_1M.tsv /home/aeterna/pubrepo/.wk/m6/N100/truth.tsv 16 3 9 rr3_q16k_reg_t16"
	User time (seconds): 13.54
	System time (seconds): 3.84
	Percent of CPU this job got: 104%
	Elapsed (wall clock) time (h:mm:ss or m:ss): 0:16.67
	Average shared text size (kbytes): 0
	Average unshared data size (kbytes): 0
	Average stack size (kbytes): 0
	Average total size (kbytes): 0
	Maximum resident set size (kbytes): 6145984
	Average resident set size (kbytes): 0
	Major (requiring I/O) page faults: 0
	Minor (reclaiming a frame) page faults: 2808583
	Voluntary context switches: 104
	Involuntary context switches: 83
	Swaps: 0
	File system inputs: 0
	File system outputs: 0
	Socket messages sent: 0
	Socket messages received: 0
	Signals delivered: 0
	Page size (bytes): 4096
	Exit status: 0
# exit 0 end 2026-10-07T12:59:48Z loadavg 2.31 1.64 1.28 1/1087 3166346
