# rr3_q4k_reg_t1 start 2026-10-07T11:47:13Z loadavg 0.60 3.35 3.74 1/1064 3152918
OPEN	rr3_q4k_reg_t1	reference + 100 archives (q4k)	16.885 s
RUN	rr3_q4k_reg_t1	0	warmup	0.055589	100 items	100000000 bytes	sha256 100/100
RUN	rr3_q4k_reg_t1	1	warmup	0.052671	100 items	100000000 bytes	sha256 100/100
RUN	rr3_q4k_reg_t1	2	warmup	0.055634	100 items	100000000 bytes	sha256 100/100
RUN	rr3_q4k_reg_t1	3	timed	0.051518	100 items	100000000 bytes	sha256 100/100
RUN	rr3_q4k_reg_t1	4	timed	0.051369	100 items	100000000 bytes	sha256 100/100
RUN	rr3_q4k_reg_t1	5	timed	0.051690	100 items	100000000 bytes	sha256 100/100
RUN	rr3_q4k_reg_t1	6	timed	0.052642	100 items	100000000 bytes	sha256 100/100
RUN	rr3_q4k_reg_t1	7	timed	0.052301	100 items	100000000 bytes	sha256 100/100
RUN	rr3_q4k_reg_t1	8	timed	0.052060	100 items	100000000 bytes	sha256 100/100
RUN	rr3_q4k_reg_t1	9	timed	0.051935	100 items	100000000 bytes	sha256 100/100
RUN	rr3_q4k_reg_t1	10	timed	0.054517	100 items	100000000 bytes	sha256 100/100
RUN	rr3_q4k_reg_t1	11	timed	0.051859	100 items	100000000 bytes	sha256 100/100
	Command being timed: "taskset -c 3 /home/aeterna/pubrepo/.wk/avr/rr3bench req /home/aeterna/golden/genome/t2t.fa /home/aeterna/pubrepo/.wk/hprc_cohort/v1 q4k /home/aeterna/pubrepo/.wk/m6/N100/regions_1M.tsv /home/aeterna/pubrepo/.wk/m6/N100/truth.tsv 1 3 9 rr3_q4k_reg_t1"
	User time (seconds): 13.92
	System time (seconds): 4.53
	Percent of CPU this job got: 99%
	Elapsed (wall clock) time (h:mm:ss or m:ss): 0:18.45
	Average shared text size (kbytes): 0
	Average unshared data size (kbytes): 0
	Average stack size (kbytes): 0
	Average total size (kbytes): 0
	Maximum resident set size (kbytes): 7127624
	Average resident set size (kbytes): 0
	Major (requiring I/O) page faults: 0
	Minor (reclaiming a frame) page faults: 3330342
	Voluntary context switches: 13
	Involuntary context switches: 108
	Swaps: 0
	File system inputs: 0
	File system outputs: 8
	Socket messages sent: 0
	Socket messages received: 0
	Signals delivered: 0
	Page size (bytes): 4096
	Exit status: 0
# exit 0 end 2026-10-07T11:47:32Z loadavg 0.79 3.21 3.69 1/1062 3152971
