# rr3_q4k_win_t1 start 2026-10-07T11:46:55Z loadavg 0.48 3.47 3.79 1/1074 3152860
OPEN	rr3_q4k_win_t1	reference + 100 archives (q4k)	16.882 s
RUN	rr3_q4k_win_t1	0	warmup	0.069292	10000 items	40960000 bytes	sha256 10000/10000
RUN	rr3_q4k_win_t1	1	warmup	0.059688	10000 items	40960000 bytes	sha256 10000/10000
RUN	rr3_q4k_win_t1	2	warmup	0.055845	10000 items	40960000 bytes	sha256 10000/10000
RUN	rr3_q4k_win_t1	3	timed	0.055090	10000 items	40960000 bytes	sha256 10000/10000
RUN	rr3_q4k_win_t1	4	timed	0.055136	10000 items	40960000 bytes	sha256 10000/10000
RUN	rr3_q4k_win_t1	5	timed	0.056368	10000 items	40960000 bytes	sha256 10000/10000
RUN	rr3_q4k_win_t1	6	timed	0.055994	10000 items	40960000 bytes	sha256 10000/10000
RUN	rr3_q4k_win_t1	7	timed	0.056111	10000 items	40960000 bytes	sha256 10000/10000
RUN	rr3_q4k_win_t1	8	timed	0.055932	10000 items	40960000 bytes	sha256 10000/10000
RUN	rr3_q4k_win_t1	9	timed	0.055672	10000 items	40960000 bytes	sha256 10000/10000
RUN	rr3_q4k_win_t1	10	timed	0.056356	10000 items	40960000 bytes	sha256 10000/10000
RUN	rr3_q4k_win_t1	11	timed	0.056460	10000 items	40960000 bytes	sha256 10000/10000
	Command being timed: "taskset -c 3 /home/aeterna/pubrepo/.wk/avr/rr3bench req /home/aeterna/golden/genome/t2t.fa /home/aeterna/pubrepo/.wk/hprc_cohort/v1 q4k /home/aeterna/pubrepo/.wk/m6/N100/windows_4096.tsv /home/aeterna/pubrepo/.wk/m6/N100/truth.tsv 1 3 9 rr3_q4k_win_t1"
	User time (seconds): 13.66
	System time (seconds): 4.56
	Percent of CPU this job got: 99%
	Elapsed (wall clock) time (h:mm:ss or m:ss): 0:18.23
	Average shared text size (kbytes): 0
	Average unshared data size (kbytes): 0
	Average stack size (kbytes): 0
	Average total size (kbytes): 0
	Maximum resident set size (kbytes): 7069132
	Average resident set size (kbytes): 0
	Major (requiring I/O) page faults: 0
	Minor (reclaiming a frame) page faults: 3315665
	Voluntary context switches: 13
	Involuntary context switches: 90
	Swaps: 0
	File system inputs: 0
	File system outputs: 8
	Socket messages sent: 0
	Socket messages received: 0
	Signals delivered: 0
	Page size (bytes): 4096
	Exit status: 0
# exit 0 end 2026-10-07T11:47:13Z loadavg 0.60 3.35 3.74 1/1064 3152913
