# rr3_q4k_reg_t16 start 2026-10-07T12:56:28Z loadavg 1.02 1.03 1.05 1/1088 3164518
OPEN	rr3_q4k_reg_t16	reference + 100 archives (q4k)	16.890 s
RUN	rr3_q4k_reg_t16	0	warmup	0.012274	100 items	100000000 bytes	sha256 100/100
RUN	rr3_q4k_reg_t16	1	warmup	0.011107	100 items	100000000 bytes	sha256 100/100
RUN	rr3_q4k_reg_t16	2	warmup	0.011263	100 items	100000000 bytes	sha256 100/100
RUN	rr3_q4k_reg_t16	3	timed	0.014346	100 items	100000000 bytes	sha256 100/100
RUN	rr3_q4k_reg_t16	4	timed	0.014293	100 items	100000000 bytes	sha256 100/100
RUN	rr3_q4k_reg_t16	5	timed	0.014237	100 items	100000000 bytes	sha256 100/100
RUN	rr3_q4k_reg_t16	6	timed	0.014214	100 items	100000000 bytes	sha256 100/100
RUN	rr3_q4k_reg_t16	7	timed	0.010977	100 items	100000000 bytes	sha256 100/100
RUN	rr3_q4k_reg_t16	8	timed	0.014292	100 items	100000000 bytes	sha256 100/100
RUN	rr3_q4k_reg_t16	9	timed	0.011376	100 items	100000000 bytes	sha256 100/100
RUN	rr3_q4k_reg_t16	10	timed	0.014297	100 items	100000000 bytes	sha256 100/100
RUN	rr3_q4k_reg_t16	11	timed	0.014087	100 items	100000000 bytes	sha256 100/100
	Command being timed: "/home/aeterna/pubrepo/.wk/avr/rr3bench req /home/aeterna/golden/genome/t2t.fa /home/aeterna/pubrepo/.wk/hprc_cohort/v1 q4k /home/aeterna/pubrepo/.wk/m6/N100/regions_1M.tsv /home/aeterna/pubrepo/.wk/m6/N100/truth.tsv 16 3 9 rr3_q4k_reg_t16"
	User time (seconds): 14.11
	System time (seconds): 4.58
	Percent of CPU this job got: 103%
	Elapsed (wall clock) time (h:mm:ss or m:ss): 0:17.98
	Average shared text size (kbytes): 0
	Average unshared data size (kbytes): 0
	Average stack size (kbytes): 0
	Average total size (kbytes): 0
	Maximum resident set size (kbytes): 7129256
	Average resident set size (kbytes): 0
	Major (requiring I/O) page faults: 0
	Minor (reclaiming a frame) page faults: 3330786
	Voluntary context switches: 95
	Involuntary context switches: 71
	Swaps: 0
	File system inputs: 0
	File system outputs: 0
	Socket messages sent: 0
	Socket messages received: 0
	Signals delivered: 0
	Page size (bytes): 4096
	Exit status: 0
# exit 0 end 2026-10-07T12:56:46Z loadavg 1.02 1.03 1.05 1/1080 3164749
