# rr3_q16k_win_t1 start 2026-10-07T11:50:52Z loadavg 1.17 2.18 3.18 3/1062 3153443
OPEN	rr3_q16k_win_t1	reference + 100 archives (q16k)	15.760 s
RUN	rr3_q16k_win_t1	0	warmup	0.138297	10000 items	40960000 bytes	sha256 10000/10000
RUN	rr3_q16k_win_t1	1	warmup	0.122036	10000 items	40960000 bytes	sha256 10000/10000
RUN	rr3_q16k_win_t1	2	warmup	0.116671	10000 items	40960000 bytes	sha256 10000/10000
RUN	rr3_q16k_win_t1	3	timed	0.114737	10000 items	40960000 bytes	sha256 10000/10000
RUN	rr3_q16k_win_t1	4	timed	0.113938	10000 items	40960000 bytes	sha256 10000/10000
RUN	rr3_q16k_win_t1	5	timed	0.114300	10000 items	40960000 bytes	sha256 10000/10000
RUN	rr3_q16k_win_t1	6	timed	0.113865	10000 items	40960000 bytes	sha256 10000/10000
RUN	rr3_q16k_win_t1	7	timed	0.114322	10000 items	40960000 bytes	sha256 10000/10000
RUN	rr3_q16k_win_t1	8	timed	0.116626	10000 items	40960000 bytes	sha256 10000/10000
RUN	rr3_q16k_win_t1	9	timed	0.115260	10000 items	40960000 bytes	sha256 10000/10000
RUN	rr3_q16k_win_t1	10	timed	0.113259	10000 items	40960000 bytes	sha256 10000/10000
RUN	rr3_q16k_win_t1	11	timed	0.116091	10000 items	40960000 bytes	sha256 10000/10000
	Command being timed: "taskset -c 3 /home/aeterna/pubrepo/.wk/avr/rr3bench req /home/aeterna/golden/genome/t2t.fa /home/aeterna/pubrepo/.wk/hprc_cohort/v1 q16k /home/aeterna/pubrepo/.wk/m6/N100/windows_4096.tsv /home/aeterna/pubrepo/.wk/m6/N100/truth.tsv 1 3 9 rr3_q16k_win_t1"
	User time (seconds): 13.84
	System time (seconds): 3.91
	Percent of CPU this job got: 99%
	Elapsed (wall clock) time (h:mm:ss or m:ss): 0:17.76
	Average shared text size (kbytes): 0
	Average unshared data size (kbytes): 0
	Average stack size (kbytes): 0
	Average total size (kbytes): 0
	Maximum resident set size (kbytes): 6146024
	Average resident set size (kbytes): 0
	Major (requiring I/O) page faults: 0
	Minor (reclaiming a frame) page faults: 2793543
	Voluntary context switches: 13
	Involuntary context switches: 123
	Swaps: 0
	File system inputs: 0
	File system outputs: 8
	Socket messages sent: 0
	Socket messages received: 0
	Signals delivered: 0
	Page size (bytes): 4096
	Exit status: 0
# exit 0 end 2026-10-07T11:51:10Z loadavg 1.13 2.12 3.14 1/1071 3153629
