# rr3_q16k_s4_t1 start 2026-10-07T11:51:27Z loadavg 1.09 2.05 3.09 1/1078 3153705
OPEN	rr3_q16k_s4_t1	reference + 100 archives (q16k)	15.739 s
RUN	rr3_q16k_s4_t1	0	warmup	8.606618	4 items	11989829249 bytes	sha256 4/4
RUN	rr3_q16k_s4_t1	1	warmup	5.114936	4 items	11989829249 bytes	sha256 4/4
RUN	rr3_q16k_s4_t1	2	warmup	5.106638	4 items	11989829249 bytes	sha256 4/4
RUN	rr3_q16k_s4_t1	3	timed	5.109780	4 items	11989829249 bytes	sha256 4/4
RUN	rr3_q16k_s4_t1	4	timed	5.109756	4 items	11989829249 bytes	sha256 4/4
RUN	rr3_q16k_s4_t1	5	timed	5.109613	4 items	11989829249 bytes	sha256 4/4
RUN	rr3_q16k_s4_t1	6	timed	5.109688	4 items	11989829249 bytes	sha256 4/4
RUN	rr3_q16k_s4_t1	7	timed	5.108586	4 items	11989829249 bytes	sha256 4/4
RUN	rr3_q16k_s4_t1	8	timed	5.110251	4 items	11989829249 bytes	sha256 4/4
RUN	rr3_q16k_s4_t1	9	timed	5.110344	4 items	11989829249 bytes	sha256 4/4
RUN	rr3_q16k_s4_t1	10	timed	5.111220	4 items	11989829249 bytes	sha256 4/4
RUN	rr3_q16k_s4_t1	11	timed	5.113415	4 items	11989829249 bytes	sha256 4/4
	Command being timed: "taskset -c 3 /home/aeterna/pubrepo/.wk/avr/rr3bench sample /home/aeterna/golden/genome/t2t.fa /home/aeterna/pubrepo/.wk/hprc_cohort/v1 q16k y1_HG00438.1,y1_HG00438.2,y1_HG00621.1,y1_HG00621.2 /home/aeterna/pubrepo/.wk/m6/N100/truth.tsv 1 3 9 rr3_q16k_s4_t1"
	User time (seconds): 150.82
	System time (seconds): 47.13
	Percent of CPU this job got: 99%
	Elapsed (wall clock) time (h:mm:ss or m:ss): 3:17.98
	Average shared text size (kbytes): 0
	Average unshared data size (kbytes): 0
	Average stack size (kbytes): 0
	Average total size (kbytes): 0
	Maximum resident set size (kbytes): 19663648
	Average resident set size (kbytes): 0
	Major (requiring I/O) page faults: 0
	Minor (reclaiming a frame) page faults: 40836763
	Voluntary context switches: 49
	Involuntary context switches: 1155
	Swaps: 0
	File system inputs: 0
	File system outputs: 104
	Socket messages sent: 0
	Socket messages received: 0
	Signals delivered: 0
	Page size (bytes): 4096
	Exit status: 0
# exit 0 end 2026-10-07T11:54:45Z loadavg 1.04 1.56 2.70 1/1070 3154370
