# agc_reg_t1 start 2026-10-07T15:34:38Z loadavg 1.04 1.01 1.00 1/1053 3227715
OPEN	agc_reg_t1	1 handles (prefetching=1)	0.686 s
RUN	agc_reg_t1	0	warmup	3.925620	100 items	100000000 bytes	sha256 100/100
RUN	agc_reg_t1	1	warmup	3.793866	100 items	100000000 bytes	sha256 100/100
RUN	agc_reg_t1	2	warmup	3.790514	100 items	100000000 bytes	sha256 100/100
RUN	agc_reg_t1	3	timed	3.780332	100 items	100000000 bytes	sha256 100/100
RUN	agc_reg_t1	4	timed	3.785140	100 items	100000000 bytes	sha256 100/100
RUN	agc_reg_t1	5	timed	3.781454	100 items	100000000 bytes	sha256 100/100
RUN	agc_reg_t1	6	timed	3.778914	100 items	100000000 bytes	sha256 100/100
RUN	agc_reg_t1	7	timed	3.797825	100 items	100000000 bytes	sha256 100/100
RUN	agc_reg_t1	8	timed	3.781322	100 items	100000000 bytes	sha256 100/100
RUN	agc_reg_t1	9	timed	3.785974	100 items	100000000 bytes	sha256 100/100
RUN	agc_reg_t1	10	timed	3.779019	100 items	100000000 bytes	sha256 100/100
RUN	agc_reg_t1	11	timed	3.774227	100 items	100000000 bytes	sha256 100/100
	Command being timed: "taskset -c 3 /home/aeterna/pubrepo/.wk/avr/agcbench req /home/aeterna/pubrepo/.wk/m6/N200/agc200.agc /home/aeterna/pubrepo/.wk/m6/N200/regions_1M.tsv /home/aeterna/pubrepo/.wk/m6/N200/truth.tsv 1 3 9 agc_reg_t1"
	User time (seconds): 36.45
	System time (seconds): 10.48
	Percent of CPU this job got: 99%
	Elapsed (wall clock) time (h:mm:ss or m:ss): 0:46.94
	Average shared text size (kbytes): 0
	Average unshared data size (kbytes): 0
	Average stack size (kbytes): 0
	Average total size (kbytes): 0
	Maximum resident set size (kbytes): 2213060
	Average resident set size (kbytes): 0
	Major (requiring I/O) page faults: 0
	Minor (reclaiming a frame) page faults: 8147874
	Voluntary context switches: 13
	Involuntary context switches: 375
	Swaps: 0
	File system inputs: 0
	File system outputs: 48
	Socket messages sent: 0
	Socket messages received: 0
	Signals delivered: 0
	Page size (bytes): 4096
	Exit status: 0
# exit 0 end 2026-10-07T15:35:25Z loadavg 1.02 1.01 1.00 1/1060 3227798
