# agc_reg_t16 start 2026-10-07T16:08:19Z loadavg 15.05 15.61 11.64 1/1053 3233213
OPEN	agc_reg_t16	16 handles (prefetching=1)	10.041 s
RUN	agc_reg_t16	0	warmup	1.209183	100 items	100000000 bytes	sha256 100/100
RUN	agc_reg_t16	1	warmup	1.092330	100 items	100000000 bytes	sha256 100/100
RUN	agc_reg_t16	2	warmup	1.077012	100 items	100000000 bytes	sha256 100/100
RUN	agc_reg_t16	3	timed	1.024338	100 items	100000000 bytes	sha256 100/100
RUN	agc_reg_t16	4	timed	1.042754	100 items	100000000 bytes	sha256 100/100
RUN	agc_reg_t16	5	timed	1.024017	100 items	100000000 bytes	sha256 100/100
RUN	agc_reg_t16	6	timed	0.996351	100 items	100000000 bytes	sha256 100/100
RUN	agc_reg_t16	7	timed	1.098483	100 items	100000000 bytes	sha256 100/100
RUN	agc_reg_t16	8	timed	1.074737	100 items	100000000 bytes	sha256 100/100
RUN	agc_reg_t16	9	timed	1.048479	100 items	100000000 bytes	sha256 100/100
RUN	agc_reg_t16	10	timed	1.061175	100 items	100000000 bytes	sha256 100/100
RUN	agc_reg_t16	11	timed	1.051487	100 items	100000000 bytes	sha256 100/100
	Command being timed: "/home/aeterna/pubrepo/.wk/avr/agcbench req /home/aeterna/pubrepo/.wk/m6/N200/agc200.agc /home/aeterna/pubrepo/.wk/m6/N200/regions_1M.tsv /home/aeterna/pubrepo/.wk/m6/N200/truth.tsv 16 3 9 agc_reg_t16"
	User time (seconds): 57.37
	System time (seconds): 23.87
	Percent of CPU this job got: 326%
	Elapsed (wall clock) time (h:mm:ss or m:ss): 0:24.88
	Average shared text size (kbytes): 0
	Average unshared data size (kbytes): 0
	Average stack size (kbytes): 0
	Average total size (kbytes): 0
	Maximum resident set size (kbytes): 32974468
	Average resident set size (kbytes): 0
	Major (requiring I/O) page faults: 0
	Minor (reclaiming a frame) page faults: 14510457
	Voluntary context switches: 143415
	Involuntary context switches: 251
	Swaps: 0
	File system inputs: 0
	File system outputs: 32
	Socket messages sent: 0
	Socket messages received: 0
	Signals delivered: 0
	Page size (bytes): 4096
	Exit status: 0
# exit 0 end 2026-10-07T16:08:44Z loadavg 10.69 14.54 11.39 1/1055 3233486
