# agc_s4_t16 start 2026-10-07T16:08:44Z loadavg 10.69 14.54 11.39 1/1055 3233491
OPEN	agc_s4_t16	16 handles (prefetching=1)	9.887 s
RUN	agc_s4_t16	0	warmup	14.806210	4 items	11989829249 bytes	sha256 4/4
RUN	agc_s4_t16	1	warmup	11.081643	4 items	11989829249 bytes	sha256 4/4
RUN	agc_s4_t16	2	warmup	11.204373	4 items	11989829249 bytes	sha256 4/4
RUN	agc_s4_t16	3	timed	11.174344	4 items	11989829249 bytes	sha256 4/4
RUN	agc_s4_t16	4	timed	11.055148	4 items	11989829249 bytes	sha256 4/4
RUN	agc_s4_t16	5	timed	11.168075	4 items	11989829249 bytes	sha256 4/4
RUN	agc_s4_t16	6	timed	11.241126	4 items	11989829249 bytes	sha256 4/4
RUN	agc_s4_t16	7	timed	11.144212	4 items	11989829249 bytes	sha256 4/4
RUN	agc_s4_t16	8	timed	11.194599	4 items	11989829249 bytes	sha256 4/4
RUN	agc_s4_t16	9	timed	11.201415	4 items	11989829249 bytes	sha256 4/4
RUN	agc_s4_t16	10	timed	11.214936	4 items	11989829249 bytes	sha256 4/4
RUN	agc_s4_t16	11	timed	11.069729	4 items	11989829249 bytes	sha256 4/4
	Command being timed: "/home/aeterna/pubrepo/.wk/avr/agcbench sample /home/aeterna/pubrepo/.wk/m6/N200/agc200.agc y1_HG00438.1,y1_HG00438.2,y1_HG00621.1,y1_HG00621.2 /home/aeterna/pubrepo/.wk/m6/N200/truth.tsv 16 3 9 agc_s4_t16"
	User time (seconds): 407.61
	System time (seconds): 168.72
	Percent of CPU this job got: 218%
	Elapsed (wall clock) time (h:mm:ss or m:ss): 4:23.37
	Average shared text size (kbytes): 0
	Average unshared data size (kbytes): 0
	Average stack size (kbytes): 0
	Average total size (kbytes): 0
	Maximum resident set size (kbytes): 47343612
	Average resident set size (kbytes): 0
	Major (requiring I/O) page faults: 0
	Minor (reclaiming a frame) page faults: 131207142
	Voluntary context switches: 619683
	Involuntary context switches: 2106
	Swaps: 0
	File system inputs: 0
	File system outputs: 104
	Socket messages sent: 0
	Socket messages received: 0
	Signals delivered: 0
	Page size (bytes): 4096
	Exit status: 0
# exit 0 end 2026-10-07T16:13:07Z loadavg 2.21 7.32 9.12 2/1046 3234627
