# agc_win_t16 start 2026-10-07T15:49:40Z loadavg 1.70 1.66 1.32 1/1053 3231398
OPEN	agc_win_t16	16 handles (prefetching=1)	9.971 s
RUN	agc_win_t16	0	warmup	91.252841	10000 items	40960000 bytes	sha256 10000/10000
RUN	agc_win_t16	1	warmup	92.679630	10000 items	40960000 bytes	sha256 10000/10000
RUN	agc_win_t16	2	warmup	94.999630	10000 items	40960000 bytes	sha256 10000/10000
RUN	agc_win_t16	3	timed	94.078943	10000 items	40960000 bytes	sha256 10000/10000
RUN	agc_win_t16	4	timed	92.588315	10000 items	40960000 bytes	sha256 10000/10000
RUN	agc_win_t16	5	timed	92.221032	10000 items	40960000 bytes	sha256 10000/10000
RUN	agc_win_t16	6	timed	91.568506	10000 items	40960000 bytes	sha256 10000/10000
RUN	agc_win_t16	7	timed	91.740693	10000 items	40960000 bytes	sha256 10000/10000
RUN	agc_win_t16	8	timed	91.820165	10000 items	40960000 bytes	sha256 10000/10000
RUN	agc_win_t16	9	timed	91.248590	10000 items	40960000 bytes	sha256 10000/10000
RUN	agc_win_t16	10	timed	91.676340	10000 items	40960000 bytes	sha256 10000/10000
RUN	agc_win_t16	11	timed	91.447256	10000 items	40960000 bytes	sha256 10000/10000
	Command being timed: "/home/aeterna/pubrepo/.wk/avr/agcbench req /home/aeterna/pubrepo/.wk/m6/N200/agc200.agc /home/aeterna/pubrepo/.wk/m6/N200/windows_4096.tsv /home/aeterna/pubrepo/.wk/m6/N200/truth.tsv 16 3 9 agc_win_t16"
	User time (seconds): 11018.12
	System time (seconds): 3580.86
	Percent of CPU this job got: 1304%
	Elapsed (wall clock) time (h:mm:ss or m:ss): 18:39.12
	Average shared text size (kbytes): 0
	Average unshared data size (kbytes): 0
	Average stack size (kbytes): 0
	Average total size (kbytes): 0
	Maximum resident set size (kbytes): 33389892
	Average resident set size (kbytes): 0
	Major (requiring I/O) page faults: 0
	Minor (reclaiming a frame) page faults: 897883525
	Voluntary context switches: 105935653
	Involuntary context switches: 426337
	Swaps: 0
	File system inputs: 0
	File system outputs: 96
	Socket messages sent: 0
	Socket messages received: 0
	Signals delivered: 0
	Page size (bytes): 4096
	Exit status: 0
# exit 0 end 2026-10-07T16:08:19Z loadavg 15.05 15.61 11.64 1/1053 3233208
