# agc_s4_t1 start 2026-10-07T15:35:25Z loadavg 1.02 1.01 1.00 1/1060 3227803
OPEN	agc_s4_t1	1 handles (prefetching=1)	0.684 s
RUN	agc_s4_t1	0	warmup	33.792286	4 items	11989829249 bytes	sha256 4/4
RUN	agc_s4_t1	1	warmup	30.010268	4 items	11989829249 bytes	sha256 4/4
RUN	agc_s4_t1	2	warmup	30.046942	4 items	11989829249 bytes	sha256 4/4
RUN	agc_s4_t1	3	timed	30.036120	4 items	11989829249 bytes	sha256 4/4
RUN	agc_s4_t1	4	timed	30.011724	4 items	11989829249 bytes	sha256 4/4
RUN	agc_s4_t1	5	timed	30.016118	4 items	11989829249 bytes	sha256 4/4
RUN	agc_s4_t1	6	timed	30.015778	4 items	11989829249 bytes	sha256 4/4
RUN	agc_s4_t1	7	timed	30.044612	4 items	11989829249 bytes	sha256 4/4
RUN	agc_s4_t1	8	timed	30.042270	4 items	11989829249 bytes	sha256 4/4
RUN	agc_s4_t1	9	timed	30.036342	4 items	11989829249 bytes	sha256 4/4
RUN	agc_s4_t1	10	timed	30.053646	4 items	11989829249 bytes	sha256 4/4
RUN	agc_s4_t1	11	timed	30.055083	4 items	11989829249 bytes	sha256 4/4
	Command being timed: "taskset -c 3 /home/aeterna/pubrepo/.wk/avr/agcbench sample /home/aeterna/pubrepo/.wk/m6/N200/agc200.agc y1_HG00438.1,y1_HG00438.2,y1_HG00621.1,y1_HG00621.2 /home/aeterna/pubrepo/.wk/m6/N200/truth.tsv 1 3 9 agc_s4_t1"
	User time (seconds): 360.73
	System time (seconds): 120.91
	Percent of CPU this job got: 99%
	Elapsed (wall clock) time (h:mm:ss or m:ss): 8:01.70
	Average shared text size (kbytes): 0
	Average unshared data size (kbytes): 0
	Average stack size (kbytes): 0
	Average total size (kbytes): 0
	Maximum resident set size (kbytes): 16776192
	Average resident set size (kbytes): 0
	Major (requiring I/O) page faults: 0
	Minor (reclaiming a frame) page faults: 108638500
	Voluntary context switches: 49
	Involuntary context switches: 3515
	Swaps: 0
	File system inputs: 0
	File system outputs: 96
	Socket messages sent: 0
	Socket messages received: 0
	Signals delivered: 0
	Page size (bytes): 4096
	Exit status: 0
# exit 0 end 2026-10-07T15:43:27Z loadavg 1.05 1.01 1.00 1/1053 3228535
