fifo_feed: reference loaded, 200 pipes ready
y1_HG00438.1 served (3062940590 B)
y1_HG00438.2 served (3073690027 B)
y1_HG00621.1 served (2942281822 B)
y1_HG00621.2 served (3060821366 B)
y1_HG00673.1 served (2962299991 B)
y1_HG00673.2 served (3091765147 B)
y1_HG00735.1 served (3071469709 B)
y1_HG00735.2 served (3075774746 B)
y1_HG00741.1 served (3067760044 B)
y1_HG00741.2 served (3074669389 B)
y1_HG01071.1 served (3095447043 B)
y1_HG01071.2 served (3050375948 B)
y1_HG01106.1 served (2963603310 B)
y1_HG01106.2 served (3073801678 B)
y1_HG01123.1 served (3051887791 B)
y1_HG01123.2 served (3050493262 B)
y1_HG01175.1 served (3067912915 B)
y1_HG01175.2 served (3068629143 B)
y1_HG01258.1 served (2951627516 B)
y1_HG01258.2 served (3070335738 B)
y1_HG01358.1 served (2969210630 B)
y1_HG01358.2 served (3067467387 B)
y1_HG01361.1 served (3047701466 B)
y1_HG01361.2 served (3063138740 B)
y1_HG01891.1 served (3081285258 B)
y1_HG01891.2 served (3060749448 B)
y1_HG01928.1 served (2959601431 B)
y1_HG01928.2 served (3063792759 B)
y1_HG01952.1 served (2949690926 B)
y1_HG01952.2 served (3058329098 B)
y1_HG01978.1 served (3093268339 B)
y1_HG01978.2 served (3090025050 B)
y1_HG02148.1 served (3063930492 B)
y1_HG02148.2 served (3074100393 B)
y1_HG02257.1 served (3080537123 B)
y1_HG02257.2 served (3068968347 B)
y1_HG02486.1 served (2967582483 B)
y1_HG02486.2 served (3068554054 B)
y1_HG02559.1 served (3061965906 B)
y1_HG02559.2 served (3078548132 B)
y1_HG02572.1 served (2980441703 B)
y1_HG02572.2 served (3093592966 B)
y1_HG02622.1 served (3081476851 B)
y1_HG02622.2 served (3084190915 B)
y1_HG02630.1 served (3091536889 B)
y1_HG02630.2 served (3079915573 B)
y1_HG02717.1 served (2982940725 B)
y1_HG02717.2 served (3076309224 B)
y1_HG02886.1 served (3085253430 B)
y1_HG02886.2 served (3087262418 B)
y1_HG03453.1 served (3088585849 B)
y1_HG03453.2 served (3086111881 B)
y1_HG03516.1 served (3105353413 B)
y1_HG03516.2 served (3071407572 B)
y1_HG03540.1 served (3103607695 B)
y1_HG03540.2 served (3086536855 B)
y1_HG03579.1 served (2984018276 B)
y1_HG03579.2 served (3073095970 B)
y1_HG002.1 served (2995632996 B)
y1_HG002.2 served (3098878930 B)
y1_HG005.1 served (2974516230 B)
y1_HG005.2 served (3067579029 B)
y1_HG00733.1 served (3080022837 B)
y1_HG00733.2 served (3064382794 B)
y1_HG01109.1 served (2958413539 B)
y1_HG01109.2 served (3073635266 B)
y1_HG01243.1 served (2945100394 B)
y1_HG01243.2 served (3066859880 B)
y1_HG02055.1 served (2987135026 B)
y1_HG02055.2 served (3057344095 B)
y1_HG02080.1 served (3062326064 B)
y1_HG02080.2 served (3071125478 B)
y1_HG02109.1 served (3075630729 B)
y1_HG02109.2 served (3063955395 B)
y1_HG02145.1 served (2974393778 B)
y1_HG02145.2 served (3068484420 B)
y1_HG02723.1 served (3087626301 B)
y1_HG02723.2 served (3065055789 B)
y1_HG02818.1 served (3057340409 B)
y1_HG02818.2 served (3075427763 B)
y1_HG03098.1 served (2972354664 B)
y1_HG03098.2 served (3097776583 B)
y1_HG03486.1 served (3087724051 B)
y1_HG03486.2 served (3072865944 B)
y1_HG03492.1 served (2960229985 B)
y1_HG03492.2 served (3061735925 B)
y1_NA18906.1 served (3084418351 B)
y1_NA18906.2 served (3093897007 B)
y1_NA19240.1 served (3076318122 B)
y1_NA19240.2 served (3069978316 B)
y1_NA20129.1 served (3066949143 B)
y1_NA20129.2 served (3083125478 B)
y1_NA21309.1 served (3067504983 B)
y1_NA21309.2 served (3074559558 B)
r2_HG00408_pat_hprc_r2_v1.0.1 served (3106538790 B)
r2_HG00597_pat_hprc_r2_v1.0.1 served (3077900568 B)
r2_HG01192_pat_hprc_r2_v1.0.1 served (2964899526 B)
r2_HG01261_pat_hprc_r2_v1.0.1 served (2967334996 B)
r2_HG02015_pat_hprc_r2_v1.0.1 served (2957154158 B)
r2_HG02056_pat_hprc_r2_v1.0.1 served (2993035455 B)
r2_HG02129_pat_hprc_r2_v1.0.1 served (2991483317 B)
r2_HG02258_pat_hprc_r2_v1.0.1 served (2989852161 B)
r2_HG03834_pat_hprc_r2_v1.0.1 served (3093654140 B)
r2_HG01975_pat_hprc_r2_v1.0.1 served (3069483718 B)
r2_HG02602_pat_hprc_r2_v1.0.1 served (2998021819 B)
r2_HG04187_pat_hprc_r2_v1.0.1 served (2964912434 B)
r2_NA18879_hap1_hprc_r2_v1.0.1 served (3006393611 B)
r2_NA20752_hap1_hprc_r2_v1.0.1 served (2967187368 B)
r2_HG02145_pat_hprc_r2_v1.0.1 served (2986413380 B)
r2_HG00609_pat_hprc_r2_v1.0.1 served (2983007191 B)
r2_HG00642_pat_hprc_r2_v1.0.1 served (2955927598 B)
r2_HG00738_pat_hprc_r2_v1.0.1 served (2963954541 B)
r2_HG01099_pat_hprc_r2_v1.0.1 served (2968224656 B)
r2_HG01255_pat_hprc_r2_v1.0.1 served (2978474896 B)
r2_HG01346_pat_hprc_r2_v1.0.1 served (3096681049 B)
r2_HG01433_pat_hprc_r2_v1.0.1 served (3013010340 B)
r2_HG01496_pat_hprc_r2_v1.0.1 served (3101381610 B)
r2_HG01884_pat_hprc_r2_v1.0.1 served (3091441266 B)
r2_HG01981_pat_hprc_r2_v1.0.1 served (3099072804 B)
r2_HG01993_pat_hprc_r2_v1.0.1 served (3091143136 B)
r2_HG02004_pat_hprc_r2_v1.0.1 served (3081032730 B)
r2_HG02027_pat_hprc_r2_v1.0.1 served (3014785354 B)
r2_HG02083_pat_hprc_r2_v1.0.1 served (2998641786 B)
r2_HG02132_pat_hprc_r2_v1.0.1 served (2976391777 B)
r2_HG02280_pat_hprc_r2_v1.0.1 served (3088837483 B)
r2_HG02293_pat_hprc_r2_v1.0.1 served (3093885154 B)
r2_HG02300_pat_hprc_r2_v1.0.1 served (3093621370 B)
r2_HG02451_pat_hprc_r2_v1.0.1 served (3089501777 B)
r2_HG02523_pat_hprc_r2_v1.0.1 served (3076419855 B)
r2_HG02615_pat_hprc_r2_v1.0.1 served (3081842549 B)
r2_HG02647_pat_hprc_r2_v1.0.1 served (2992680666 B)
r2_HG02698_pat_hprc_r2_v1.0.1 served (2965167048 B)
r2_HG03654_pat_hprc_r2_v1.0.1 served (2966653109 B)
r2_HG03669_pat_hprc_r2_v1.0.1 served (3082983848 B)
r2_HG03688_pat_hprc_r2_v1.0.1 served (2983784646 B)
r2_HG03704_pat_hprc_r2_v1.0.1 served (3087629745 B)
r2_HG03710_pat_hprc_r2_v1.0.1 served (2970918497 B)
r2_HG03831_pat_hprc_r2_v1.0.1 served (3084256981 B)
r2_HG03927_pat_hprc_r2_v1.0.1 served (3103550024 B)
r2_HG04115_pat_hprc_r2_v1.0.1 served (2996519977 B)
r2_HG04184_pat_hprc_r2_v1.0.1 served (3091977314 B)
r2_HG04199_pat_hprc_r2_v1.0.1 served (2977776893 B)
r2_HG02738_pat_hprc_r2_v1.0.1 served (2975992431 B)
r2_HG00621_pat_hprc_r2_v1.0.1 served (2964748483 B)
r2_HG00741_pat_hprc_r2_v1.0.1 served (3084576671 B)
r2_HG01106_pat_hprc_r2_v1.0.1 served (2983125434 B)
r2_HG01175_pat_hprc_r2_v1.0.1 served (3083949271 B)
r2_HG01258_pat_hprc_r2_v1.0.1 served (2965744121 B)
r2_HG01891_pat_hprc_r2_v1.0.1 served (3093298899 B)
r2_HG01952_pat_hprc_r2_v1.0.1 served (2965161510 B)
r2_HG02148_pat_hprc_r2_v1.0.1 served (3080280988 B)
r2_HG02486_pat_hprc_r2_v1.0.1 served (2982944819 B)
r2_HG02559_pat_hprc_r2_v1.0.1 served (3080223319 B)
r2_HG02572_pat_hprc_r2_v1.0.1 served (2976274766 B)
r2_HG02622_pat_hprc_r2_v1.0.1 served (3088711876 B)
r2_HG02886_pat_hprc_r2_v1.0.1 served (3084549241 B)
r2_HG03453_pat_hprc_r2_v1.0.1 served (3105958403 B)
r2_HG03540_pat_hprc_r2_v1.0.1 served (3111559786 B)
r2_HG00099_hap1_hprc_r2_v1.0.1 served (3086797435 B)
r2_HG00140_hap1_hprc_r2_v1.0.1 served (2986677819 B)
r2_HG00280_hap1_hprc_r2_v1.0.1 served (2979492780 B)
r2_HG00323_hap1_hprc_r2_v1.0.1 served (3090113191 B)
r2_HG02040_hap1_hprc_r2_v1.0.1 served (2986457583 B)
r2_HG02165_hap1_hprc_r2_v1.0.1 served (3090568384 B)
r2_HG02273_hap1_hprc_r2_v1.0.1 served (3091807686 B)
r2_HG02922_hap1_hprc_r2_v1.0.1 served (3105695150 B)
r2_HG02965_hap1_hprc_r2_v1.0.1 served (2977391827 B)
r2_HG02976_hap1_hprc_r2_v1.0.1 served (3086496003 B)
r2_HG03130_hap1_hprc_r2_v1.0.1 served (3014604299 B)
r2_HG03195_hap1_hprc_r2_v1.0.1 served (3087370987 B)
r2_HG03209_hap1_hprc_r2_v1.0.1 served (2994962315 B)
r2_NA18522_hap1_hprc_r2_v1.0.1 served (2995571351 B)
r2_NA18747_hap1_hprc_r2_v1.0.1 served (2984868469 B)
r2_NA18971_hap1_hprc_r2_v1.0.1 served (2990917350 B)
r2_NA18983_hap1_hprc_r2_v1.0.1 served (2995056317 B)
r2_NA19043_hap1_hprc_r2_v1.0.1 served (2981050800 B)
r2_NA20905_hap1_hprc_r2_v1.0.1 served (2964777759 B)
r2_HG01530_hap1_hprc_r2_v1.0.1 served (2978507952 B)
r2_HG01784_hap1_hprc_r2_v1.0.1 served (3095534209 B)
r2_HG02391_hap1_hprc_r2_v1.0.1 served (2992461270 B)
r2_HG03471_hap1_hprc_r2_v1.0.1 served (3021062847 B)
r2_HG03742_hap1_hprc_r2_v1.0.1 served (2996701017 B)
r2_NA18570_hap1_hprc_r2_v1.0.1 served (3081207812 B)
r2_NA19087_hap1_hprc_r2_v1.0.1 served (3101129472 B)
r2_NA19185_hap1_hprc_r2_v1.0.1 served (3088186920 B)
r2_NA19338_hap1_hprc_r2_v1.0.1 served (3094249300 B)
r2_NA19391_hap1_hprc_r2_v1.0.1 served (3103293628 B)
r2_NA19468_hap1_hprc_r2_v1.0.1 served (3081111641 B)
r2_HG00438_pat_hprc_r2_v1.0.1 served (3081005811 B)
r2_HG00558_pat_hprc_r2_v1.0.1 served (3098052085 B)
r2_HG00639_pat_hprc_r2_v1.0.1 served (3069814377 B)
r2_HG00658_pat_hprc_r2_v1.0.1 served (2982991369 B)
r2_HG00673_pat_hprc_r2_v1.0.1 served (2990547548 B)
r2_HG01071_pat_hprc_r2_v1.0.1 served (3098557401 B)
r2_HG01074_pat_hprc_r2_v1.0.1 served (2977131685 B)
r2_HG01081_pat_hprc_r2_v1.0.1 served (3085372126 B)
r2_HG01123_pat_hprc_r2_v1.0.1 served (3070640206 B)
r2_HG01150_pat_hprc_r2_v1.0.1 served (3082387677 B)
r2_HG01252_pat_hprc_r2_v1.0.1 served (2975879833 B)
r2_HG01358_pat_hprc_r2_v1.0.1 served (2986704336 B)
