# rr3_q16k_s4_t1 start 2026-10-07T14:20:06Z loadavg 1.06 1.95 3.44 1/1068 3221376
OPEN	rr3_q16k_s4_t1	reference + 200 archives (q16k)	16.577 s
RUN	rr3_q16k_s4_t1	0	warmup	8.512218	4 items	11989829249 bytes	sha256 4/4
RUN	rr3_q16k_s4_t1	1	warmup	5.070585	4 items	11989829249 bytes	sha256 4/4
RUN	rr3_q16k_s4_t1	2	warmup	5.070941	4 items	11989829249 bytes	sha256 4/4
RUN	rr3_q16k_s4_t1	3	timed	5.069590	4 items	11989829249 bytes	sha256 4/4
RUN	rr3_q16k_s4_t1	4	timed	5.070030	4 items	11989829249 bytes	sha256 4/4
RUN	rr3_q16k_s4_t1	5	timed	5.069993	4 items	11989829249 bytes	sha256 4/4
RUN	rr3_q16k_s4_t1	6	timed	5.070456	4 items	11989829249 bytes	sha256 4/4
RUN	rr3_q16k_s4_t1	7	timed	5.069713	4 items	11989829249 bytes	sha256 4/4
RUN	rr3_q16k_s4_t1	8	timed	5.070978	4 items	11989829249 bytes	sha256 4/4
RUN	rr3_q16k_s4_t1	9	timed	5.070784	4 items	11989829249 bytes	sha256 4/4
RUN	rr3_q16k_s4_t1	10	timed	5.069025	4 items	11989829249 bytes	sha256 4/4
RUN	rr3_q16k_s4_t1	11	timed	5.065912	4 items	11989829249 bytes	sha256 4/4
	Command being timed: "taskset -c 3 /home/aeterna/pubrepo/.wk/avr/rr3bench sample /home/aeterna/golden/genome/t2t.fa /home/aeterna/pubrepo/.wk/hprc_cohort/v1 q16k y1_HG00438.1,y1_HG00438.2,y1_HG00621.1,y1_HG00621.2 /home/aeterna/pubrepo/.wk/m6/N200/truth.tsv 1 3 9 rr3_q16k_s4_t1"
	User time (seconds): 150.53
	System time (seconds): 47.06
	Percent of CPU this job got: 99%
	Elapsed (wall clock) time (h:mm:ss or m:ss): 3:17.61
	Average shared text size (kbytes): 0
	Average unshared data size (kbytes): 0
	Average stack size (kbytes): 0
	Average total size (kbytes): 0
	Maximum resident set size (kbytes): 21529936
	Average resident set size (kbytes): 0
	Major (requiring I/O) page faults: 0
	Minor (reclaiming a frame) page faults: 41302981
	Voluntary context switches: 49
	Involuntary context switches: 1064
	Swaps: 0
	File system inputs: 0
	File system outputs: 104
	Socket messages sent: 0
	Socket messages received: 0
	Signals delivered: 0
	Page size (bytes): 4096
	Exit status: 0
# exit 0 end 2026-10-07T14:23:24Z loadavg 1.03 1.50 2.97 1/1064 3221690
