# rr3_q16k_win_t16 start 2026-10-07T15:46:36Z loadavg 1.68 1.54 1.22 1/1054 3229978
OPEN	rr3_q16k_win_t16	reference + 200 archives (q16k)	16.770 s
RUN	rr3_q16k_win_t16	0	warmup	0.013446	10000 items	40960000 bytes	sha256 10000/10000
RUN	rr3_q16k_win_t16	1	warmup	0.012150	10000 items	40960000 bytes	sha256 10000/10000
RUN	rr3_q16k_win_t16	2	warmup	0.012165	10000 items	40960000 bytes	sha256 10000/10000
RUN	rr3_q16k_win_t16	3	timed	0.012070	10000 items	40960000 bytes	sha256 10000/10000
RUN	rr3_q16k_win_t16	4	timed	0.012226	10000 items	40960000 bytes	sha256 10000/10000
RUN	rr3_q16k_win_t16	5	timed	0.012179	10000 items	40960000 bytes	sha256 10000/10000
RUN	rr3_q16k_win_t16	6	timed	0.012093	10000 items	40960000 bytes	sha256 10000/10000
RUN	rr3_q16k_win_t16	7	timed	0.012081	10000 items	40960000 bytes	sha256 10000/10000
RUN	rr3_q16k_win_t16	8	timed	0.011895	10000 items	40960000 bytes	sha256 10000/10000
RUN	rr3_q16k_win_t16	9	timed	0.012152	10000 items	40960000 bytes	sha256 10000/10000
RUN	rr3_q16k_win_t16	10	timed	0.012044	10000 items	40960000 bytes	sha256 10000/10000
RUN	rr3_q16k_win_t16	11	timed	0.012013	10000 items	40960000 bytes	sha256 10000/10000
	Command being timed: "/home/aeterna/pubrepo/.wk/avr/rr3bench req /home/aeterna/golden/genome/t2t.fa /home/aeterna/pubrepo/.wk/hprc_cohort/v1 q16k /home/aeterna/pubrepo/.wk/m6/N200/windows_4096.tsv /home/aeterna/pubrepo/.wk/m6/N200/truth.tsv 16 3 9 rr3_q16k_win_t16"
	User time (seconds): 15.21
	System time (seconds): 4.50
	Percent of CPU this job got: 112%
	Elapsed (wall clock) time (h:mm:ss or m:ss): 0:17.59
	Average shared text size (kbytes): 0
	Average unshared data size (kbytes): 0
	Average stack size (kbytes): 0
	Average total size (kbytes): 0
	Maximum resident set size (kbytes): 6894112
	Average resident set size (kbytes): 0
	Major (requiring I/O) page faults: 0
	Minor (reclaiming a frame) page faults: 3258811
	Voluntary context switches: 77
	Involuntary context switches: 129
	Swaps: 0
	File system inputs: 0
	File system outputs: 8
	Socket messages sent: 0
	Socket messages received: 0
	Signals delivered: 0
	Page size (bytes): 4096
	Exit status: 0
# exit 0 end 2026-10-07T15:46:54Z loadavg 1.49 1.51 1.22 1/1053 3230191
