# rr3_q16k_reg_t1 start 2026-10-07T14:19:48Z loadavg 1.08 2.00 3.49 1/1066 3221324
OPEN	rr3_q16k_reg_t1	reference + 200 archives (q16k)	16.564 s
RUN	rr3_q16k_reg_t1	0	warmup	0.048668	100 items	100000000 bytes	sha256 100/100
RUN	rr3_q16k_reg_t1	1	warmup	0.045559	100 items	100000000 bytes	sha256 100/100
RUN	rr3_q16k_reg_t1	2	warmup	0.044910	100 items	100000000 bytes	sha256 100/100
RUN	rr3_q16k_reg_t1	3	timed	0.044918	100 items	100000000 bytes	sha256 100/100
RUN	rr3_q16k_reg_t1	4	timed	0.043713	100 items	100000000 bytes	sha256 100/100
RUN	rr3_q16k_reg_t1	5	timed	0.043215	100 items	100000000 bytes	sha256 100/100
RUN	rr3_q16k_reg_t1	6	timed	0.042923	100 items	100000000 bytes	sha256 100/100
RUN	rr3_q16k_reg_t1	7	timed	0.042697	100 items	100000000 bytes	sha256 100/100
RUN	rr3_q16k_reg_t1	8	timed	0.042646	100 items	100000000 bytes	sha256 100/100
RUN	rr3_q16k_reg_t1	9	timed	0.045964	100 items	100000000 bytes	sha256 100/100
RUN	rr3_q16k_reg_t1	10	timed	0.044222	100 items	100000000 bytes	sha256 100/100
RUN	rr3_q16k_reg_t1	11	timed	0.043326	100 items	100000000 bytes	sha256 100/100
	Command being timed: "taskset -c 3 /home/aeterna/pubrepo/.wk/avr/rr3bench req /home/aeterna/golden/genome/t2t.fa /home/aeterna/pubrepo/.wk/hprc_cohort/v1 q16k /home/aeterna/pubrepo/.wk/m6/N200/regions_1M.tsv /home/aeterna/pubrepo/.wk/m6/N200/truth.tsv 1 3 9 rr3_q16k_reg_t1"
	User time (seconds): 13.58
	System time (seconds): 4.45
	Percent of CPU this job got: 99%
	Elapsed (wall clock) time (h:mm:ss or m:ss): 0:18.04
	Average shared text size (kbytes): 0
	Average unshared data size (kbytes): 0
	Average stack size (kbytes): 0
	Average total size (kbytes): 0
	Maximum resident set size (kbytes): 6953436
	Average resident set size (kbytes): 0
	Major (requiring I/O) page faults: 0
	Minor (reclaiming a frame) page faults: 3273914
	Voluntary context switches: 13
	Involuntary context switches: 108
	Swaps: 0
	File system inputs: 0
	File system outputs: 16
	Socket messages sent: 0
	Socket messages received: 0
	Signals delivered: 0
	Page size (bytes): 4096
	Exit status: 0
# exit 0 end 2026-10-07T14:20:06Z loadavg 1.06 1.95 3.44 1/1068 3221371
