# rr3_q4k_s4_t16 start 2026-10-07T15:44:07Z loadavg 1.88 1.24 1.08 1/1054 3228993
OPEN	rr3_q4k_s4_t16	reference + 200 archives (q4k)	18.789 s
RUN	rr3_q4k_s4_t16	0	warmup	4.322446	4 items	11989829249 bytes	sha256 4/4
RUN	rr3_q4k_s4_t16	1	warmup	0.931737	4 items	11989829249 bytes	sha256 4/4
RUN	rr3_q4k_s4_t16	2	warmup	0.932977	4 items	11989829249 bytes	sha256 4/4
RUN	rr3_q4k_s4_t16	3	timed	0.931876	4 items	11989829249 bytes	sha256 4/4
RUN	rr3_q4k_s4_t16	4	timed	0.932240	4 items	11989829249 bytes	sha256 4/4
RUN	rr3_q4k_s4_t16	5	timed	0.931908	4 items	11989829249 bytes	sha256 4/4
RUN	rr3_q4k_s4_t16	6	timed	0.931680	4 items	11989829249 bytes	sha256 4/4
RUN	rr3_q4k_s4_t16	7	timed	0.931755	4 items	11989829249 bytes	sha256 4/4
RUN	rr3_q4k_s4_t16	8	timed	0.932053	4 items	11989829249 bytes	sha256 4/4
RUN	rr3_q4k_s4_t16	9	timed	0.933149	4 items	11989829249 bytes	sha256 4/4
RUN	rr3_q4k_s4_t16	10	timed	0.931558	4 items	11989829249 bytes	sha256 4/4
RUN	rr3_q4k_s4_t16	11	timed	0.932658	4 items	11989829249 bytes	sha256 4/4
	Command being timed: "/home/aeterna/pubrepo/.wk/avr/rr3bench sample /home/aeterna/golden/genome/t2t.fa /home/aeterna/pubrepo/.wk/hprc_cohort/v1 q4k y1_HG00438.1,y1_HG00438.2,y1_HG00621.1,y1_HG00621.2 /home/aeterna/pubrepo/.wk/m6/N200/truth.tsv 16 3 9 rr3_q4k_s4_t16"
	User time (seconds): 268.58
	System time (seconds): 47.29
	Percent of CPU this job got: 211%
	Elapsed (wall clock) time (h:mm:ss or m:ss): 2:29.29
	Average shared text size (kbytes): 0
	Average unshared data size (kbytes): 0
	Average stack size (kbytes): 0
	Average total size (kbytes): 0
	Maximum resident set size (kbytes): 25587732
	Average resident set size (kbytes): 0
	Major (requiring I/O) page faults: 0
	Minor (reclaiming a frame) page faults: 42329848
	Voluntary context switches: 221
	Involuntary context switches: 7071
	Swaps: 0
	File system inputs: 0
	File system outputs: 104
	Socket messages sent: 0
	Socket messages received: 0
	Signals delivered: 0
	Page size (bytes): 4096
	Exit status: 0
# exit 0 end 2026-10-07T15:46:36Z loadavg 1.68 1.54 1.22 1/1054 3229973
