# rr3_q16k_s4_t16 start 2026-10-07T15:47:12Z loadavg 1.35 1.47 1.21 1/1047 3230421
OPEN	rr3_q16k_s4_t16	reference + 200 archives (q16k)	16.651 s
RUN	rr3_q16k_s4_t16	0	warmup	4.381123	4 items	11989829249 bytes	sha256 4/4
RUN	rr3_q16k_s4_t16	1	warmup	0.928521	4 items	11989829249 bytes	sha256 4/4
RUN	rr3_q16k_s4_t16	2	warmup	0.929174	4 items	11989829249 bytes	sha256 4/4
RUN	rr3_q16k_s4_t16	3	timed	0.930018	4 items	11989829249 bytes	sha256 4/4
RUN	rr3_q16k_s4_t16	4	timed	0.928595	4 items	11989829249 bytes	sha256 4/4
RUN	rr3_q16k_s4_t16	5	timed	0.928250	4 items	11989829249 bytes	sha256 4/4
RUN	rr3_q16k_s4_t16	6	timed	0.928515	4 items	11989829249 bytes	sha256 4/4
RUN	rr3_q16k_s4_t16	7	timed	0.928402	4 items	11989829249 bytes	sha256 4/4
RUN	rr3_q16k_s4_t16	8	timed	0.930106	4 items	11989829249 bytes	sha256 4/4
RUN	rr3_q16k_s4_t16	9	timed	0.928552	4 items	11989829249 bytes	sha256 4/4
RUN	rr3_q16k_s4_t16	10	timed	0.928712	4 items	11989829249 bytes	sha256 4/4
RUN	rr3_q16k_s4_t16	11	timed	0.928832	4 items	11989829249 bytes	sha256 4/4
	Command being timed: "/home/aeterna/pubrepo/.wk/avr/rr3bench sample /home/aeterna/golden/genome/t2t.fa /home/aeterna/pubrepo/.wk/hprc_cohort/v1 q16k y1_HG00438.1,y1_HG00438.2,y1_HG00621.1,y1_HG00621.2 /home/aeterna/pubrepo/.wk/m6/N200/truth.tsv 16 3 9 rr3_q16k_s4_t16"
	User time (seconds): 266.91
	System time (seconds): 47.08
	Percent of CPU this job got: 212%
	Elapsed (wall clock) time (h:mm:ss or m:ss): 2:28.10
	Average shared text size (kbytes): 0
	Average unshared data size (kbytes): 0
	Average stack size (kbytes): 0
	Average total size (kbytes): 0
	Maximum resident set size (kbytes): 21530088
	Average resident set size (kbytes): 0
	Major (requiring I/O) page faults: 0
	Minor (reclaiming a frame) page faults: 41304063
	Voluntary context switches: 257
	Involuntary context switches: 6593
	Swaps: 0
	File system inputs: 0
	File system outputs: 24
	Socket messages sent: 0
	Socket messages received: 0
	Signals delivered: 0
	Page size (bytes): 4096
	Exit status: 0
# exit 0 end 2026-10-07T15:49:40Z loadavg 1.70 1.66 1.32 1/1052 3231392
