# rr3_q16k_reg_t16 start 2026-10-07T15:46:54Z loadavg 1.49 1.51 1.22 1/1053 3230196
OPEN	rr3_q16k_reg_t16	reference + 200 archives (q16k)	16.634 s
RUN	rr3_q16k_reg_t16	0	warmup	0.014103	100 items	100000000 bytes	sha256 100/100
RUN	rr3_q16k_reg_t16	1	warmup	0.011066	100 items	100000000 bytes	sha256 100/100
RUN	rr3_q16k_reg_t16	2	warmup	0.011124	100 items	100000000 bytes	sha256 100/100
RUN	rr3_q16k_reg_t16	3	timed	0.010992	100 items	100000000 bytes	sha256 100/100
RUN	rr3_q16k_reg_t16	4	timed	0.011179	100 items	100000000 bytes	sha256 100/100
RUN	rr3_q16k_reg_t16	5	timed	0.011021	100 items	100000000 bytes	sha256 100/100
RUN	rr3_q16k_reg_t16	6	timed	0.012139	100 items	100000000 bytes	sha256 100/100
RUN	rr3_q16k_reg_t16	7	timed	0.010933	100 items	100000000 bytes	sha256 100/100
RUN	rr3_q16k_reg_t16	8	timed	0.010941	100 items	100000000 bytes	sha256 100/100
RUN	rr3_q16k_reg_t16	9	timed	0.011010	100 items	100000000 bytes	sha256 100/100
RUN	rr3_q16k_reg_t16	10	timed	0.010981	100 items	100000000 bytes	sha256 100/100
RUN	rr3_q16k_reg_t16	11	timed	0.012323	100 items	100000000 bytes	sha256 100/100
	Command being timed: "/home/aeterna/pubrepo/.wk/avr/rr3bench req /home/aeterna/golden/genome/t2t.fa /home/aeterna/pubrepo/.wk/hprc_cohort/v1 q16k /home/aeterna/pubrepo/.wk/m6/N200/regions_1M.tsv /home/aeterna/pubrepo/.wk/m6/N200/truth.tsv 16 3 9 rr3_q16k_reg_t16"
	User time (seconds): 13.80
	System time (seconds): 4.57
	Percent of CPU this job got: 103%
	Elapsed (wall clock) time (h:mm:ss or m:ss): 0:17.72
	Average shared text size (kbytes): 0
	Average unshared data size (kbytes): 0
	Average stack size (kbytes): 0
	Average total size (kbytes): 0
	Maximum resident set size (kbytes): 6955612
	Average resident set size (kbytes): 0
	Major (requiring I/O) page faults: 5
	Minor (reclaiming a frame) page faults: 3274129
	Voluntary context switches: 91
	Involuntary context switches: 45
	Swaps: 0
	File system inputs: 0
	File system outputs: 0
	Socket messages sent: 0
	Socket messages received: 0
	Signals delivered: 0
	Page size (bytes): 4096
	Exit status: 0
# exit 0 end 2026-10-07T15:47:12Z loadavg 1.35 1.47 1.21 1/1047 3230416
