# rr3_q4k_reg_t1 start 2026-10-07T14:15:48Z loadavg 0.60 3.13 4.20 1/1065 3220880
OPEN	rr3_q4k_reg_t1	reference + 200 archives (q4k)	18.851 s
RUN	rr3_q4k_reg_t1	0	warmup	0.049460	100 items	100000000 bytes	sha256 100/100
RUN	rr3_q4k_reg_t1	1	warmup	0.048048	100 items	100000000 bytes	sha256 100/100
RUN	rr3_q4k_reg_t1	2	warmup	0.047567	100 items	100000000 bytes	sha256 100/100
RUN	rr3_q4k_reg_t1	3	timed	0.045427	100 items	100000000 bytes	sha256 100/100
RUN	rr3_q4k_reg_t1	4	timed	0.046426	100 items	100000000 bytes	sha256 100/100
RUN	rr3_q4k_reg_t1	5	timed	0.046518	100 items	100000000 bytes	sha256 100/100
RUN	rr3_q4k_reg_t1	6	timed	0.046354	100 items	100000000 bytes	sha256 100/100
RUN	rr3_q4k_reg_t1	7	timed	0.047435	100 items	100000000 bytes	sha256 100/100
RUN	rr3_q4k_reg_t1	8	timed	0.045257	100 items	100000000 bytes	sha256 100/100
RUN	rr3_q4k_reg_t1	9	timed	0.045825	100 items	100000000 bytes	sha256 100/100
RUN	rr3_q4k_reg_t1	10	timed	0.046142	100 items	100000000 bytes	sha256 100/100
RUN	rr3_q4k_reg_t1	11	timed	0.045898	100 items	100000000 bytes	sha256 100/100
	Command being timed: "taskset -c 3 /home/aeterna/pubrepo/.wk/avr/rr3bench req /home/aeterna/golden/genome/t2t.fa /home/aeterna/pubrepo/.wk/hprc_cohort/v1 q4k /home/aeterna/pubrepo/.wk/m6/N200/regions_1M.tsv /home/aeterna/pubrepo/.wk/m6/N200/truth.tsv 1 3 9 rr3_q4k_reg_t1"
	User time (seconds): 14.56
	System time (seconds): 5.96
	Percent of CPU this job got: 99%
	Elapsed (wall clock) time (h:mm:ss or m:ss): 0:20.53
	Average shared text size (kbytes): 0
	Average unshared data size (kbytes): 0
	Average stack size (kbytes): 0
	Average total size (kbytes): 0
	Maximum resident set size (kbytes): 11004060
	Average resident set size (kbytes): 0
	Major (requiring I/O) page faults: 0
	Minor (reclaiming a frame) page faults: 4297988
	Voluntary context switches: 13
	Involuntary context switches: 118
	Swaps: 0
	File system inputs: 0
	File system outputs: 8
	Socket messages sent: 0
	Socket messages received: 0
	Signals delivered: 0
	Page size (bytes): 4096
	Exit status: 0
# exit 0 end 2026-10-07T14:16:09Z loadavg 0.72 2.99 4.13 1/1065 3220925
