# rr3_q16k_win_t1 start 2026-10-07T14:19:29Z loadavg 1.11 2.07 3.54 1/1065 3221280
OPEN	rr3_q16k_win_t1	reference + 200 archives (q16k)	16.579 s
RUN	rr3_q16k_win_t1	0	warmup	0.137968	10000 items	40960000 bytes	sha256 10000/10000
RUN	rr3_q16k_win_t1	1	warmup	0.126710	10000 items	40960000 bytes	sha256 10000/10000
RUN	rr3_q16k_win_t1	2	warmup	0.115654	10000 items	40960000 bytes	sha256 10000/10000
RUN	rr3_q16k_win_t1	3	timed	0.115307	10000 items	40960000 bytes	sha256 10000/10000
RUN	rr3_q16k_win_t1	4	timed	0.115184	10000 items	40960000 bytes	sha256 10000/10000
RUN	rr3_q16k_win_t1	5	timed	0.114282	10000 items	40960000 bytes	sha256 10000/10000
RUN	rr3_q16k_win_t1	6	timed	0.117167	10000 items	40960000 bytes	sha256 10000/10000
RUN	rr3_q16k_win_t1	7	timed	0.115301	10000 items	40960000 bytes	sha256 10000/10000
RUN	rr3_q16k_win_t1	8	timed	0.116748	10000 items	40960000 bytes	sha256 10000/10000
RUN	rr3_q16k_win_t1	9	timed	0.116864	10000 items	40960000 bytes	sha256 10000/10000
RUN	rr3_q16k_win_t1	10	timed	0.116665	10000 items	40960000 bytes	sha256 10000/10000
RUN	rr3_q16k_win_t1	11	timed	0.115577	10000 items	40960000 bytes	sha256 10000/10000
	Command being timed: "taskset -c 3 /home/aeterna/pubrepo/.wk/avr/rr3bench req /home/aeterna/golden/genome/t2t.fa /home/aeterna/pubrepo/.wk/hprc_cohort/v1 q16k /home/aeterna/pubrepo/.wk/m6/N200/windows_4096.tsv /home/aeterna/pubrepo/.wk/m6/N200/truth.tsv 1 3 9 rr3_q16k_win_t1"
	User time (seconds): 14.19
	System time (seconds): 4.48
	Percent of CPU this job got: 100%
	Elapsed (wall clock) time (h:mm:ss or m:ss): 0:18.68
	Average shared text size (kbytes): 0
	Average unshared data size (kbytes): 0
	Average stack size (kbytes): 0
	Average total size (kbytes): 0
	Maximum resident set size (kbytes): 6891804
	Average resident set size (kbytes): 0
	Major (requiring I/O) page faults: 0
	Minor (reclaiming a frame) page faults: 3258123
	Voluntary context switches: 13
	Involuntary context switches: 107
	Swaps: 0
	File system inputs: 0
	File system outputs: 8
	Socket messages sent: 0
	Socket messages received: 0
	Signals delivered: 0
	Page size (bytes): 4096
	Exit status: 0
# exit 0 end 2026-10-07T14:19:48Z loadavg 1.08 2.00 3.49 1/1066 3221319
