# rr3_q4k_win_t16 start 2026-10-07T15:43:27Z loadavg 1.05 1.01 1.00 1/1053 3228540
OPEN	rr3_q4k_win_t16	reference + 200 archives (q4k)	18.874 s
RUN	rr3_q4k_win_t16	0	warmup	0.008236	10000 items	40960000 bytes	sha256 10000/10000
RUN	rr3_q4k_win_t16	1	warmup	0.006981	10000 items	40960000 bytes	sha256 10000/10000
RUN	rr3_q4k_win_t16	2	warmup	0.006731	10000 items	40960000 bytes	sha256 10000/10000
RUN	rr3_q4k_win_t16	3	timed	0.006690	10000 items	40960000 bytes	sha256 10000/10000
RUN	rr3_q4k_win_t16	4	timed	0.006718	10000 items	40960000 bytes	sha256 10000/10000
RUN	rr3_q4k_win_t16	5	timed	0.006676	10000 items	40960000 bytes	sha256 10000/10000
RUN	rr3_q4k_win_t16	6	timed	0.006726	10000 items	40960000 bytes	sha256 10000/10000
RUN	rr3_q4k_win_t16	7	timed	0.006866	10000 items	40960000 bytes	sha256 10000/10000
RUN	rr3_q4k_win_t16	8	timed	0.006844	10000 items	40960000 bytes	sha256 10000/10000
RUN	rr3_q4k_win_t16	9	timed	0.006802	10000 items	40960000 bytes	sha256 10000/10000
RUN	rr3_q4k_win_t16	10	timed	0.006672	10000 items	40960000 bytes	sha256 10000/10000
RUN	rr3_q4k_win_t16	11	timed	0.006718	10000 items	40960000 bytes	sha256 10000/10000
	Command being timed: "/home/aeterna/pubrepo/.wk/avr/rr3bench req /home/aeterna/golden/genome/t2t.fa /home/aeterna/pubrepo/.wk/hprc_cohort/v1 q4k /home/aeterna/pubrepo/.wk/m6/N200/windows_4096.tsv /home/aeterna/pubrepo/.wk/m6/N200/truth.tsv 16 3 9 rr3_q4k_win_t16"
	User time (seconds): 14.89
	System time (seconds): 6.09
	Percent of CPU this job got: 105%
	Elapsed (wall clock) time (h:mm:ss or m:ss): 0:19.81
	Average shared text size (kbytes): 0
	Average unshared data size (kbytes): 0
	Average stack size (kbytes): 0
	Average total size (kbytes): 0
	Maximum resident set size (kbytes): 10947688
	Average resident set size (kbytes): 0
	Major (requiring I/O) page faults: 0
	Minor (reclaiming a frame) page faults: 4283578
	Voluntary context switches: 78
	Involuntary context switches: 89
	Swaps: 0
	File system inputs: 0
	File system outputs: 8
	Socket messages sent: 0
	Socket messages received: 0
	Signals delivered: 0
	Page size (bytes): 4096
	Exit status: 0
# exit 0 end 2026-10-07T15:43:47Z loadavg 2.23 1.26 1.08 1/1053 3228758
