# rr3_q4k_win_t1 start 2026-10-07T14:15:28Z loadavg 0.44 3.28 4.27 2/1070 3220840
OPEN	rr3_q4k_win_t1	reference + 200 archives (q4k)	18.845 s
RUN	rr3_q4k_win_t1	0	warmup	0.072405	10000 items	40960000 bytes	sha256 10000/10000
RUN	rr3_q4k_win_t1	1	warmup	0.066701	10000 items	40960000 bytes	sha256 10000/10000
RUN	rr3_q4k_win_t1	2	warmup	0.065920	10000 items	40960000 bytes	sha256 10000/10000
RUN	rr3_q4k_win_t1	3	timed	0.062111	10000 items	40960000 bytes	sha256 10000/10000
RUN	rr3_q4k_win_t1	4	timed	0.056563	10000 items	40960000 bytes	sha256 10000/10000
RUN	rr3_q4k_win_t1	5	timed	0.055869	10000 items	40960000 bytes	sha256 10000/10000
RUN	rr3_q4k_win_t1	6	timed	0.055274	10000 items	40960000 bytes	sha256 10000/10000
RUN	rr3_q4k_win_t1	7	timed	0.053623	10000 items	40960000 bytes	sha256 10000/10000
RUN	rr3_q4k_win_t1	8	timed	0.052946	10000 items	40960000 bytes	sha256 10000/10000
RUN	rr3_q4k_win_t1	9	timed	0.052709	10000 items	40960000 bytes	sha256 10000/10000
RUN	rr3_q4k_win_t1	10	timed	0.053444	10000 items	40960000 bytes	sha256 10000/10000
RUN	rr3_q4k_win_t1	11	timed	0.053091	10000 items	40960000 bytes	sha256 10000/10000
	Command being timed: "taskset -c 3 /home/aeterna/pubrepo/.wk/avr/rr3bench req /home/aeterna/golden/genome/t2t.fa /home/aeterna/pubrepo/.wk/hprc_cohort/v1 q4k /home/aeterna/pubrepo/.wk/m6/N200/windows_4096.tsv /home/aeterna/pubrepo/.wk/m6/N200/truth.tsv 1 3 9 rr3_q4k_win_t1"
	User time (seconds): 14.53
	System time (seconds): 5.85
	Percent of CPU this job got: 99%
	Elapsed (wall clock) time (h:mm:ss or m:ss): 0:20.39
	Average shared text size (kbytes): 0
	Average unshared data size (kbytes): 0
	Average stack size (kbytes): 0
	Average total size (kbytes): 0
	Maximum resident set size (kbytes): 10945536
	Average resident set size (kbytes): 0
	Major (requiring I/O) page faults: 0
	Minor (reclaiming a frame) page faults: 4282969
	Voluntary context switches: 13
	Involuntary context switches: 94
	Swaps: 0
	File system inputs: 0
	File system outputs: 8
	Socket messages sent: 0
	Socket messages received: 0
	Signals delivered: 0
	Page size (bytes): 4096
	Exit status: 0
# exit 0 end 2026-10-07T14:15:48Z loadavg 0.60 3.13 4.20 1/1065 3220875
