# rr3_q4k_s4_t1 start 2026-10-07T14:16:09Z loadavg 0.72 2.99 4.13 1/1065 3220930
OPEN	rr3_q4k_s4_t1	reference + 200 archives (q4k)	18.882 s
RUN	rr3_q4k_s4_t1	0	warmup	8.559197	4 items	11989829249 bytes	sha256 4/4
RUN	rr3_q4k_s4_t1	1	warmup	5.156012	4 items	11989829249 bytes	sha256 4/4
RUN	rr3_q4k_s4_t1	2	warmup	5.153565	4 items	11989829249 bytes	sha256 4/4
RUN	rr3_q4k_s4_t1	3	timed	5.155717	4 items	11989829249 bytes	sha256 4/4
RUN	rr3_q4k_s4_t1	4	timed	5.151732	4 items	11989829249 bytes	sha256 4/4
RUN	rr3_q4k_s4_t1	5	timed	5.153250	4 items	11989829249 bytes	sha256 4/4
RUN	rr3_q4k_s4_t1	6	timed	5.152349	4 items	11989829249 bytes	sha256 4/4
RUN	rr3_q4k_s4_t1	7	timed	5.155164	4 items	11989829249 bytes	sha256 4/4
RUN	rr3_q4k_s4_t1	8	timed	5.150568	4 items	11989829249 bytes	sha256 4/4
RUN	rr3_q4k_s4_t1	9	timed	5.149693	4 items	11989829249 bytes	sha256 4/4
RUN	rr3_q4k_s4_t1	10	timed	5.150021	4 items	11989829249 bytes	sha256 4/4
RUN	rr3_q4k_s4_t1	11	timed	5.158834	4 items	11989829249 bytes	sha256 4/4
	Command being timed: "taskset -c 3 /home/aeterna/pubrepo/.wk/avr/rr3bench sample /home/aeterna/golden/genome/t2t.fa /home/aeterna/pubrepo/.wk/hprc_cohort/v1 q4k y1_HG00438.1,y1_HG00438.2,y1_HG00621.1,y1_HG00621.2 /home/aeterna/pubrepo/.wk/m6/N200/truth.tsv 1 3 9 rr3_q4k_s4_t1"
	User time (seconds): 152.79
	System time (seconds): 47.85
	Percent of CPU this job got: 99%
	Elapsed (wall clock) time (h:mm:ss or m:ss): 3:20.66
	Average shared text size (kbytes): 0
	Average unshared data size (kbytes): 0
	Average stack size (kbytes): 0
	Average total size (kbytes): 0
	Maximum resident set size (kbytes): 25587448
	Average resident set size (kbytes): 0
	Major (requiring I/O) page faults: 0
	Minor (reclaiming a frame) page faults: 42328770
	Voluntary context switches: 49
	Involuntary context switches: 1028
	Swaps: 0
	File system inputs: 0
	File system outputs: 104
	Socket messages sent: 0
	Socket messages received: 0
	Signals delivered: 0
	Page size (bytes): 4096
	Exit status: 0
# exit 0 end 2026-10-07T14:19:29Z loadavg 1.11 2.07 3.54 1/1065 3221275
