y1_HG00438.1 ok (FASTA XXH3 == source)
y1_HG00438.2 ok (FASTA XXH3 == source)
y1_HG00621.1 ok (FASTA XXH3 == source)
y1_HG00621.2 ok (FASTA XXH3 == source)
y1_HG00673.1 ok (FASTA XXH3 == source)
y1_HG00673.2 ok (FASTA XXH3 == source)
y1_HG00735.1 ok (FASTA XXH3 == source)
y1_HG00735.2 ok (FASTA XXH3 == source)
y1_HG00741.1 ok (FASTA XXH3 == source)
y1_HG00741.2 ok (FASTA XXH3 == source)
y1_HG01071.1 ok (FASTA XXH3 == source)
y1_HG01071.2 ok (FASTA XXH3 == source)
y1_HG01106.1 ok (FASTA XXH3 == source)
y1_HG01106.2 ok (FASTA XXH3 == source)
y1_HG01123.1 ok (FASTA XXH3 == source)
y1_HG01123.2 ok (FASTA XXH3 == source)
y1_HG01175.1 ok (FASTA XXH3 == source)
y1_HG01175.2 ok (FASTA XXH3 == source)
y1_HG01258.1 ok (FASTA XXH3 == source)
y1_HG01258.2 ok (FASTA XXH3 == source)
y1_HG01358.1 ok (FASTA XXH3 == source)
y1_HG01358.2 ok (FASTA XXH3 == source)
y1_HG01361.1 ok (FASTA XXH3 == source)
y1_HG01361.2 ok (FASTA XXH3 == source)
y1_HG01891.1 ok (FASTA XXH3 == source)
y1_HG01891.2 ok (FASTA XXH3 == source)
y1_HG01928.1 ok (FASTA XXH3 == source)
y1_HG01928.2 ok (FASTA XXH3 == source)
y1_HG01952.1 ok (FASTA XXH3 == source)
y1_HG01952.2 ok (FASTA XXH3 == source)
y1_HG01978.1 ok (FASTA XXH3 == source)
y1_HG01978.2 ok (FASTA XXH3 == source)
y1_HG02148.1 ok (FASTA XXH3 == source)
y1_HG02148.2 ok (FASTA XXH3 == source)
y1_HG02257.1 ok (FASTA XXH3 == source)
y1_HG02257.2 ok (FASTA XXH3 == source)
y1_HG02486.1 ok (FASTA XXH3 == source)
y1_HG02486.2 ok (FASTA XXH3 == source)
y1_HG02559.1 ok (FASTA XXH3 == source)
y1_HG02559.2 ok (FASTA XXH3 == source)
y1_HG02572.1 ok (FASTA XXH3 == source)
y1_HG02572.2 ok (FASTA XXH3 == source)
y1_HG02622.1 ok (FASTA XXH3 == source)
y1_HG02622.2 ok (FASTA XXH3 == source)
y1_HG02630.1 ok (FASTA XXH3 == source)
y1_HG02630.2 ok (FASTA XXH3 == source)
y1_HG02717.1 ok (FASTA XXH3 == source)
y1_HG02717.2 ok (FASTA XXH3 == source)
y1_HG02886.1 ok (FASTA XXH3 == source)
y1_HG02886.2 ok (FASTA XXH3 == source)
y1_HG03453.1 ok (FASTA XXH3 == source)
y1_HG03453.2 ok (FASTA XXH3 == source)
y1_HG03516.1 ok (FASTA XXH3 == source)
y1_HG03516.2 ok (FASTA XXH3 == source)
y1_HG03540.1 ok (FASTA XXH3 == source)
y1_HG03540.2 ok (FASTA XXH3 == source)
y1_HG03579.1 ok (FASTA XXH3 == source)
y1_HG03579.2 ok (FASTA XXH3 == source)
y1_HG002.1 ok (FASTA XXH3 == source)
y1_HG002.2 ok (FASTA XXH3 == source)
y1_HG005.1 ok (FASTA XXH3 == source)
y1_HG005.2 ok (FASTA XXH3 == source)
y1_HG00733.1 ok (FASTA XXH3 == source)
y1_HG00733.2 ok (FASTA XXH3 == source)
y1_HG01109.1 ok (FASTA XXH3 == source)
y1_HG01109.2 ok (FASTA XXH3 == source)
y1_HG01243.1 ok (FASTA XXH3 == source)
y1_HG01243.2 ok (FASTA XXH3 == source)
y1_HG02055.1 ok (FASTA XXH3 == source)
y1_HG02055.2 ok (FASTA XXH3 == source)
y1_HG02080.1 ok (FASTA XXH3 == source)
y1_HG02080.2 ok (FASTA XXH3 == source)
y1_HG02109.1 ok (FASTA XXH3 == source)
y1_HG02109.2 ok (FASTA XXH3 == source)
y1_HG02145.1 ok (FASTA XXH3 == source)
y1_HG02145.2 ok (FASTA XXH3 == source)
y1_HG02723.1 ok (FASTA XXH3 == source)
y1_HG02723.2 ok (FASTA XXH3 == source)
y1_HG02818.1 ok (FASTA XXH3 == source)
y1_HG02818.2 ok (FASTA XXH3 == source)
y1_HG03098.1 ok (FASTA XXH3 == source)
y1_HG03098.2 ok (FASTA XXH3 == source)
y1_HG03486.1 ok (FASTA XXH3 == source)
y1_HG03486.2 ok (FASTA XXH3 == source)
y1_HG03492.1 ok (FASTA XXH3 == source)
y1_HG03492.2 ok (FASTA XXH3 == source)
y1_NA18906.1 ok (FASTA XXH3 == source)
y1_NA18906.2 ok (FASTA XXH3 == source)
y1_NA19240.1 ok (FASTA XXH3 == source)
y1_NA19240.2 ok (FASTA XXH3 == source)
y1_NA20129.1 ok (FASTA XXH3 == source)
y1_NA20129.2 ok (FASTA XXH3 == source)
y1_NA21309.1 ok (FASTA XXH3 == source)
y1_NA21309.2 ok (FASTA XXH3 == source)
r2_HG00408_pat_hprc_r2_v1.0.1 ok (FASTA XXH3 == source)
r2_HG00597_pat_hprc_r2_v1.0.1 ok (FASTA XXH3 == source)
r2_HG01192_pat_hprc_r2_v1.0.1 ok (FASTA XXH3 == source)
r2_HG01261_pat_hprc_r2_v1.0.1 ok (FASTA XXH3 == source)
r2_HG02015_pat_hprc_r2_v1.0.1 ok (FASTA XXH3 == source)
r2_HG02056_pat_hprc_r2_v1.0.1 ok (FASTA XXH3 == source)
r2_HG02129_pat_hprc_r2_v1.0.1 ok (FASTA XXH3 == source)
r2_HG02258_pat_hprc_r2_v1.0.1 ok (FASTA XXH3 == source)
r2_HG03834_pat_hprc_r2_v1.0.1 ok (FASTA XXH3 == source)
r2_HG01975_pat_hprc_r2_v1.0.1 ok (FASTA XXH3 == source)
r2_HG02602_pat_hprc_r2_v1.0.1 ok (FASTA XXH3 == source)
r2_HG04187_pat_hprc_r2_v1.0.1 ok (FASTA XXH3 == source)
r2_NA18879_hap1_hprc_r2_v1.0.1 ok (FASTA XXH3 == source)
r2_NA20752_hap1_hprc_r2_v1.0.1 ok (FASTA XXH3 == source)
r2_HG02145_pat_hprc_r2_v1.0.1 ok (FASTA XXH3 == source)
r2_HG00609_pat_hprc_r2_v1.0.1 ok (FASTA XXH3 == source)
r2_HG00642_pat_hprc_r2_v1.0.1 ok (FASTA XXH3 == source)
r2_HG00738_pat_hprc_r2_v1.0.1 ok (FASTA XXH3 == source)
r2_HG01099_pat_hprc_r2_v1.0.1 ok (FASTA XXH3 == source)
r2_HG01255_pat_hprc_r2_v1.0.1 ok (FASTA XXH3 == source)
r2_HG01346_pat_hprc_r2_v1.0.1 ok (FASTA XXH3 == source)
r2_HG01433_pat_hprc_r2_v1.0.1 ok (FASTA XXH3 == source)
r2_HG01496_pat_hprc_r2_v1.0.1 ok (FASTA XXH3 == source)
r2_HG01884_pat_hprc_r2_v1.0.1 ok (FASTA XXH3 == source)
r2_HG01981_pat_hprc_r2_v1.0.1 ok (FASTA XXH3 == source)
r2_HG01993_pat_hprc_r2_v1.0.1 ok (FASTA XXH3 == source)
r2_HG02004_pat_hprc_r2_v1.0.1 ok (FASTA XXH3 == source)
r2_HG02027_pat_hprc_r2_v1.0.1 ok (FASTA XXH3 == source)
r2_HG02083_pat_hprc_r2_v1.0.1 ok (FASTA XXH3 == source)
r2_HG02132_pat_hprc_r2_v1.0.1 ok (FASTA XXH3 == source)
r2_HG02280_pat_hprc_r2_v1.0.1 ok (FASTA XXH3 == source)
r2_HG02293_pat_hprc_r2_v1.0.1 ok (FASTA XXH3 == source)
r2_HG02300_pat_hprc_r2_v1.0.1 ok (FASTA XXH3 == source)
r2_HG02451_pat_hprc_r2_v1.0.1 ok (FASTA XXH3 == source)
r2_HG02523_pat_hprc_r2_v1.0.1 ok (FASTA XXH3 == source)
r2_HG02615_pat_hprc_r2_v1.0.1 ok (FASTA XXH3 == source)
r2_HG02647_pat_hprc_r2_v1.0.1 ok (FASTA XXH3 == source)
r2_HG02698_pat_hprc_r2_v1.0.1 ok (FASTA XXH3 == source)
r2_HG03654_pat_hprc_r2_v1.0.1 ok (FASTA XXH3 == source)
r2_HG03669_pat_hprc_r2_v1.0.1 ok (FASTA XXH3 == source)
r2_HG03688_pat_hprc_r2_v1.0.1 ok (FASTA XXH3 == source)
r2_HG03704_pat_hprc_r2_v1.0.1 ok (FASTA XXH3 == source)
r2_HG03710_pat_hprc_r2_v1.0.1 ok (FASTA XXH3 == source)
r2_HG03831_pat_hprc_r2_v1.0.1 ok (FASTA XXH3 == source)
r2_HG03927_pat_hprc_r2_v1.0.1 ok (FASTA XXH3 == source)
r2_HG04115_pat_hprc_r2_v1.0.1 ok (FASTA XXH3 == source)
r2_HG04184_pat_hprc_r2_v1.0.1 ok (FASTA XXH3 == source)
r2_HG04199_pat_hprc_r2_v1.0.1 ok (FASTA XXH3 == source)
r2_HG02738_pat_hprc_r2_v1.0.1 ok (FASTA XXH3 == source)
r2_HG00621_pat_hprc_r2_v1.0.1 ok (FASTA XXH3 == source)
r2_HG00741_pat_hprc_r2_v1.0.1 ok (FASTA XXH3 == source)
r2_HG01106_pat_hprc_r2_v1.0.1 ok (FASTA XXH3 == source)
r2_HG01175_pat_hprc_r2_v1.0.1 ok (FASTA XXH3 == source)
r2_HG01258_pat_hprc_r2_v1.0.1 ok (FASTA XXH3 == source)
r2_HG01891_pat_hprc_r2_v1.0.1 ok (FASTA XXH3 == source)
r2_HG01952_pat_hprc_r2_v1.0.1 ok (FASTA XXH3 == source)
r2_HG02148_pat_hprc_r2_v1.0.1 ok (FASTA XXH3 == source)
r2_HG02486_pat_hprc_r2_v1.0.1 ok (FASTA XXH3 == source)
r2_HG02559_pat_hprc_r2_v1.0.1 ok (FASTA XXH3 == source)
r2_HG02572_pat_hprc_r2_v1.0.1 ok (FASTA XXH3 == source)
r2_HG02622_pat_hprc_r2_v1.0.1 ok (FASTA XXH3 == source)
r2_HG02886_pat_hprc_r2_v1.0.1 ok (FASTA XXH3 == source)
r2_HG03453_pat_hprc_r2_v1.0.1 ok (FASTA XXH3 == source)
r2_HG03540_pat_hprc_r2_v1.0.1 ok (FASTA XXH3 == source)
r2_HG00099_hap1_hprc_r2_v1.0.1 ok (FASTA XXH3 == source)
r2_HG00140_hap1_hprc_r2_v1.0.1 ok (FASTA XXH3 == source)
r2_HG00280_hap1_hprc_r2_v1.0.1 ok (FASTA XXH3 == source)
r2_HG00323_hap1_hprc_r2_v1.0.1 ok (FASTA XXH3 == source)
r2_HG02040_hap1_hprc_r2_v1.0.1 ok (FASTA XXH3 == source)
r2_HG02165_hap1_hprc_r2_v1.0.1 ok (FASTA XXH3 == source)
r2_HG02273_hap1_hprc_r2_v1.0.1 ok (FASTA XXH3 == source)
r2_HG02922_hap1_hprc_r2_v1.0.1 ok (FASTA XXH3 == source)
r2_HG02965_hap1_hprc_r2_v1.0.1 ok (FASTA XXH3 == source)
r2_HG02976_hap1_hprc_r2_v1.0.1 ok (FASTA XXH3 == source)
r2_HG03130_hap1_hprc_r2_v1.0.1 ok (FASTA XXH3 == source)
r2_HG03195_hap1_hprc_r2_v1.0.1 ok (FASTA XXH3 == source)
r2_HG03209_hap1_hprc_r2_v1.0.1 ok (FASTA XXH3 == source)
r2_NA18522_hap1_hprc_r2_v1.0.1 ok (FASTA XXH3 == source)
r2_NA18747_hap1_hprc_r2_v1.0.1 ok (FASTA XXH3 == source)
r2_NA18971_hap1_hprc_r2_v1.0.1 ok (FASTA XXH3 == source)
r2_NA18983_hap1_hprc_r2_v1.0.1 ok (FASTA XXH3 == source)
r2_NA19043_hap1_hprc_r2_v1.0.1 ok (FASTA XXH3 == source)
r2_NA20905_hap1_hprc_r2_v1.0.1 ok (FASTA XXH3 == source)
r2_HG01530_hap1_hprc_r2_v1.0.1 ok (FASTA XXH3 == source)
r2_HG01784_hap1_hprc_r2_v1.0.1 ok (FASTA XXH3 == source)
r2_HG02391_hap1_hprc_r2_v1.0.1 ok (FASTA XXH3 == source)
r2_HG03471_hap1_hprc_r2_v1.0.1 ok (FASTA XXH3 == source)
r2_HG03742_hap1_hprc_r2_v1.0.1 ok (FASTA XXH3 == source)
r2_NA18570_hap1_hprc_r2_v1.0.1 ok (FASTA XXH3 == source)
r2_NA19087_hap1_hprc_r2_v1.0.1 ok (FASTA XXH3 == source)
r2_NA19185_hap1_hprc_r2_v1.0.1 ok (FASTA XXH3 == source)
r2_NA19338_hap1_hprc_r2_v1.0.1 ok (FASTA XXH3 == source)
r2_NA19391_hap1_hprc_r2_v1.0.1 ok (FASTA XXH3 == source)
r2_NA19468_hap1_hprc_r2_v1.0.1 ok (FASTA XXH3 == source)
r2_HG00438_pat_hprc_r2_v1.0.1 ok (FASTA XXH3 == source)
r2_HG00558_pat_hprc_r2_v1.0.1 ok (FASTA XXH3 == source)
r2_HG00639_pat_hprc_r2_v1.0.1 ok (FASTA XXH3 == source)
r2_HG00658_pat_hprc_r2_v1.0.1 ok (FASTA XXH3 == source)
r2_HG00673_pat_hprc_r2_v1.0.1 ok (FASTA XXH3 == source)
r2_HG01071_pat_hprc_r2_v1.0.1 ok (FASTA XXH3 == source)
r2_HG01074_pat_hprc_r2_v1.0.1 ok (FASTA XXH3 == source)
r2_HG01081_pat_hprc_r2_v1.0.1 ok (FASTA XXH3 == source)
r2_HG01123_pat_hprc_r2_v1.0.1 ok (FASTA XXH3 == source)
r2_HG01150_pat_hprc_r2_v1.0.1 ok (FASTA XXH3 == source)
r2_HG01252_pat_hprc_r2_v1.0.1 ok (FASTA XXH3 == source)
r2_HG01358_pat_hprc_r2_v1.0.1 ok (FASTA XXH3 == source)
