ESTIMATE (not a format) - N 50 samples, keys 46132905, break bytes 597694110 (11.95 MB per sample), base without block hashes 13.1441 MB per sample, repl_cont 3.191 B per covered break
FREQ	frequency	keys	break_bytes	MB_per_sample
FREQ	1	19737958	62532481	1.2506
FREQ	2	6535867	41038040	0.8208
FREQ	3	3654491	33609766	0.6722
FREQ	4	2479462	29336003	0.5867
FREQ	5	1894928	27471608	0.5494
FREQ	6	1520797	25962523	0.5193
FREQ	7	1276445	25064402	0.5013
FREQ	8	1088390	24150822	0.4830
FREQ	9	954661	23515273	0.4703
FREQ	10	835999	22706634	0.4541
FREQ	11	745552	21849971	0.4370
FREQ	12	661767	21008381	0.4202
FREQ	13	587350	20183489	0.4037
FREQ	14	536174	19835084	0.3967
FREQ	15	487724	19320290	0.3864
FREQ	16	435183	18270493	0.3654
FREQ	17	407081	18560882	0.3712
FREQ	18	358385	17017266	0.3403
FREQ	19	319913	16076182	0.3215
FREQ	20	282163	14764004	0.2953
FREQ	21	241954	13551707	0.2710
FREQ	22	208845	12183963	0.2437
FREQ	23	172571	10413112	0.2083
FREQ	24	149000	9824528	0.1965
FREQ	25	120760	8114189	0.1623
FREQ	26	100591	7380999	0.1476
FREQ	27	82094	6030369	0.1206
FREQ	28	64833	5130362	0.1026
FREQ	29	50428	4261149	0.0852
FREQ	30	40626	3575876	0.0715
FREQ	31	30142	2936195	0.0587
FREQ	32	21195	2260264	0.0452
FREQ	33	15448	1699609	0.0340
FREQ	34	11113	1340442	0.0268
FREQ	35	7060	995526	0.0199
FREQ	36	3747	739569	0.0148
FREQ	37	3302	629381	0.0126
FREQ	38	2578	645229	0.0129
FREQ	39	1390	436987	0.0087
FREQ	40	959	376555	0.0075
FREQ	41	864	354913	0.0071
FREQ	42	633	328934	0.0066
FREQ	43	505	255842	0.0051
FREQ	44	472	455362	0.0091
FREQ	45	343	230607	0.0046
FREQ	46	295	203192	0.0041
FREQ	47	252	293151	0.0059
FREQ	48	198	237914	0.0048
FREQ	49	198	201617	0.0040
FREQ	50	219	332973	0.0067
TABLE	f	repl	K	anchors	saved_MB_total	MB_per_sample
TABLE	2	0	0	-	0.000	13.1441
TABLE	2	0	1	y1_HG02257.1	132.470	10.4948
TABLE	2	0	2	y1_HG02257.1,y1_HG01978.1	219.390	8.7563
TABLE	2	0	4	y1_HG02257.1,y1_HG01978.1,y1_HG02630.1,y1_HG00621.1	299.695	7.1502
TABLE	2	0	8	y1_HG02257.1,y1_HG01978.1,y1_HG02630.1,y1_HG00621.1,y1_HG00735.2,y1_HG02886.1,y1_HG01071.2,y1_HG01928.2	347.989	6.1844
TABLE	2	cont	0	-	0.000	13.1441
TABLE	2	cont	1	y1_HG01978.1	39.279	12.3586
TABLE	2	cont	2	y1_HG01978.1,y1_HG02630.2	61.991	11.9043
TABLE	2	cont	4	y1_HG01978.1,y1_HG02630.2,y1_HG02486.1,y1_HG00673.2	81.040	11.5233
TABLE	2	cont	8	y1_HG01978.1,y1_HG02630.2,y1_HG02486.1,y1_HG00673.2,y1_HG00735.2,y1_HG02622.2,y1_HG01175.1,y1_HG01928.2	92.799	11.2882
TABLE	5	0	0	-	0.000	13.1441
TABLE	5	0	1	y1_HG01978.1	127.773	10.5887
TABLE	5	0	2	y1_HG01978.1,y1_HG02630.2	211.174	8.9207
TABLE	5	0	4	y1_HG01978.1,y1_HG02630.2,y1_HG02257.1,y1_HG02486.2	283.082	7.4825
TABLE	5	0	8	y1_HG01978.1,y1_HG02630.2,y1_HG02257.1,y1_HG02486.2,y1_HG01071.1,y1_HG00438.2,y1_HG02148.1,y1_HG01123.1	320.325	6.7377
TABLE	5	cont	0	-	0.000	13.1441
TABLE	5	cont	1	y1_HG01978.1	38.178	12.3806
TABLE	5	cont	2	y1_HG01978.1,y1_HG02630.2	59.441	11.9553
TABLE	5	cont	4	y1_HG01978.1,y1_HG02630.2,y1_HG01175.1,y1_HG02717.2	76.976	11.6046
TABLE	5	cont	8	y1_HG01978.1,y1_HG02630.2,y1_HG01175.1,y1_HG02717.2,y1_HG00673.2,y1_HG02886.1,y1_HG01123.2,y1_HG01928.2	85.230	11.4395
TABLE	10	0	0	-	0.000	13.1441
TABLE	10	0	1	y1_HG01978.1	112.484	10.8945
TABLE	10	0	2	y1_HG01978.1,y1_HG02257.1	180.817	9.5278
TABLE	10	0	4	y1_HG01978.1,y1_HG02257.1,y1_HG02630.1,y1_HG01358.1	232.756	8.4890
TABLE	10	0	8	y1_HG01978.1,y1_HG02257.1,y1_HG02630.1,y1_HG01358.1,y1_HG02486.2,y1_HG01071.2,y1_HG01106.2,y1_HG01928.2	247.083	8.2025
TABLE	10	cont	0	-	0.000	13.1441
TABLE	10	cont	1	y1_HG01978.1	34.013	12.4639
TABLE	10	cont	2	y1_HG01978.1,y1_HG02630.2	51.003	12.1241
TABLE	10	cont	4	y1_HG01978.1,y1_HG02630.2,y1_HG01175.1,y1_HG02717.2	63.327	11.8776
TABLE	10	cont	8	y1_HG01978.1,y1_HG02630.2,y1_HG01175.1,y1_HG02717.2,y1_HG00673.2,y1_HG02886.1,y1_HG01123.2,y1_HG01928.2	65.675	11.8306
TABLE	25	0	0	-	0.000	13.1441
TABLE	25	0	1	y1_HG01928.1	33.064	12.4829
TABLE	25	0	2	y1_HG01928.1,y1_HG02622.1	42.520	12.2937
TABLE	25	0	4	y1_HG01928.1,y1_HG02622.1,y1_HG02148.2,y1_HG01928.2	44.934	12.2455
TABLE	25	0	8	y1_HG01928.1,y1_HG02622.1,y1_HG02148.2,y1_HG01928.2,y1_HG01258.1,y1_HG02622.2,y1_HG01361.2,y1_HG01071.2	42.171	12.3007
TABLE	25	cont	0	-	0.000	13.1441
TABLE	25	cont	1	y1_HG01928.1	11.839	12.9074
TABLE	25	cont	2	y1_HG01928.1,y1_HG00741.1	15.145	12.8412
TABLE	25	cont	4	y1_HG01928.1,y1_HG00741.1,y1_HG00673.1,y1_HG02148.2	15.894	12.8263
TABLE	25	cont	8	y1_HG01928.1,y1_HG00741.1,y1_HG00673.1,y1_HG02148.2,y1_HG01928.2,y1_HG01361.2,y1_HG02148.1,y1_HG01123.1	14.992	12.8443
