== N=2 6136630617 B md5 61b7d54860af989c45d0eae239203586
open16k: cat2.fa: 6136630617 -> 1552216990 B (ratio 3.9535), encode 11.87 s, decode median 0.2751 s (22.31 GB/s, 16 threads), 2000 regions: p50 168.6 us p99 265.3 us, all bit-perfect
open16k: lmt 21.88 s 30489780 KB
refs0: [pg] 2 assemblies in cat2.fa (6136630617 B)
refs0: [pg] decode HG00438#1: FASTA bit-perfect
refs0: [pg] decode HG00438#2: FASTA bit-perfect
refs0: [pg] refs 0: 6136630617 B FASTA, 2 assemblies -> 1425189459 B (ratio 4.306); encode 13.2 s (reference search 0.0 s); decode 7.5 s (FASTA rebuild 2.1 s) = 0.82 GB/s; all bit-perfect
refs0: [pg] k-mers (31, canonical, sampled 1/64): match bytes 5.52 % of the sequence; naive 6060838109 windows in 7.19 s (+ decode 7.5 s), tokens 5798031568 windows (262806541 skipped) in 6.72 s; sets identical (40051602 sampled distinct)
refs0: PGROW	0	2	6136630617	1425189459	712666388,712523055	13.2	7.5	0.82	ok	5.519	7.19	6.72	6060838109	5798031568	identical
refs0: pg 41.81 s 22227496 KB
refs1: [pg] 2 assemblies in cat2.fa (6136630617 B)
refs1: [pg] decode HG00438#1: FASTA bit-perfect
refs1: [pg] decode HG00438#2: FASTA bit-perfect
refs1: [pg] refs 1: 6136630617 B FASTA, 2 assemblies -> 892290438 B (ratio 6.877); encode 63.6 s (reference search 6.4 s); decode 7.7 s (FASTA rebuild 2.1 s) = 0.80 GB/s; all bit-perfect
refs1: [pg] k-mers (31, canonical, sampled 1/64): match bytes 41.40 % of the sequence; naive 6060838109 windows in 7.03 s (+ decode 7.7 s), tokens 3674928486 windows (2385909623 skipped) in 4.48 s; sets identical (40051602 sampled distinct)
refs1: PGROW	1	2	6136630617	892290438	712666388,179624034	63.6	7.7	0.80	ok	41.405	7.03	4.48	6060838109	3674928486	identical
refs1: pg 89.76 s 21397380 KB
== N=4 12139733805 B md5 8f4a80ce0aea9e8f4d910c4b4cd8d620
open16k: cat4.fa: 12139733805 -> 3070188113 B (ratio 3.9541), encode 22.80 s, decode median 0.5616 s (21.62 GB/s, 16 threads), 2000 regions: p50 254.7 us p99 355.0 us, all bit-perfect
open16k: lmt 42.22 s 60567700 KB
refs0: [pg] 4 assemblies in cat4.fa (12139733805 B)
refs0: [pg] decode HG00438#1: FASTA bit-perfect
refs0: [pg] decode HG00438#2: FASTA bit-perfect
refs0: [pg] decode HG00621#1: FASTA bit-perfect
refs0: [pg] decode HG00621#2: FASTA bit-perfect
refs0: [pg] refs 0: 12139733805 B FASTA, 4 assemblies -> 2817044889 B (ratio 4.309); encode 26.3 s (reference search 0.0 s); decode 17.0 s (FASTA rebuild 4.1 s) = 0.72 GB/s; all bit-perfect
refs0: [pg] k-mers (31, canonical, sampled 1/64): match bytes 5.61 % of the sequence; naive 11989796973 windows in 14.02 s (+ decode 17.0 s), tokens 11462322029 windows (527474944 skipped) in 13.86 s; sets identical (41137877 sampled distinct)
refs0: PGROW	0	4	12139733805	2817044889	712666388,712523055,680575386,711280044	26.3	17.0	0.72	ok	5.608	14.02	13.86	11989796973	11462322029	identical
refs0: pg 85.44 s 39850156 KB
refs1: [pg] 4 assemblies in cat4.fa (12139733805 B)
refs1: [pg] decode HG00438#1: FASTA bit-perfect
refs1: [pg] decode HG00438#2: FASTA bit-perfect
refs1: [pg] decode HG00621#1: FASTA bit-perfect
refs1: [pg] decode HG00621#2: FASTA bit-perfect
refs1: [pg] refs 1: 12139733805 B FASTA, 4 assemblies -> 1086260746 B (ratio 11.176); encode 171.4 s (reference search 18.5 s); decode 17.3 s (FASTA rebuild 4.0 s) = 0.70 GB/s; all bit-perfect
refs1: [pg] k-mers (31, canonical, sampled 1/64): match bytes 64.49 % of the sequence; naive 11989796973 windows in 14.00 s (+ decode 17.3 s), tokens 4569655263 windows (7420141710 skipped) in 5.70 s; sets identical (41137877 sampled distinct)
refs1: PGROW	1	4	12139733805	1086260746	712666388,179624034,97031005,96939303	171.4	17.3	0.70	ok	64.492	14.00	5.70	11989796973	4569655263	identical
refs1: pg 221.04 s 37887292 KB
I3DONE
