RRWIN	refrel	256	20000	1	10024	0.003	ok
RRWIN	refrel	1024	20000	1	9809	0.010	ok
RRWIN	refrel	4096	20000	1	9853	0.040	ok
RRWIN	refrel	16384	20000	1	9347	0.153	ok
RRWIN	refrel	65536	20000	1	7963	0.522	ok
RRWIN	refrel	262144	8192	1	5196	1.362	ok
RRWIN	refrel	1048576	2048	1	2176	2.282	ok
RR2WIN	256	20000	1	2946	0.001	ok
RR2WIN	1024	20000	1	2988	0.003	ok
RR2WIN	4096	20000	1	2981	0.012	ok
RR2WIN	16384	20000	1	2750	0.045	ok
RR2WIN	65536	20000	1	2423	0.159	ok
RR2WIN	262144	8192	1	1891	0.496	ok
RR2WIN	1048576	2048	1	1222	1.281	ok
RRWIN	refrel	256	20000	16	74169	0.019	ok
RRWIN	refrel	1024	20000	16	89868	0.092	ok
RRWIN	refrel	4096	20000	16	98013	0.401	ok
RRWIN	refrel	16384	20000	16	92925	1.522	ok
RRWIN	refrel	65536	20000	16	78880	5.170	ok
RRWIN	refrel	262144	8192	16	48715	12.770	ok
RRWIN	refrel	1048576	2048	16	16664	17.473	ok
RR2WIN	256	20000	16	24504	0.006	ok
RR2WIN	1024	20000	16	28302	0.029	ok
RR2WIN	4096	20000	16	30125	0.123	ok
RR2WIN	16384	20000	16	27942	0.458	ok
RR2WIN	65536	20000	16	24123	1.581	ok
RR2WIN	262144	8192	16	19161	5.023	ok
RR2WIN	1048576	2048	16	11478	12.036	ok
