RR3WIN	256	20000	1	133856	0.034	ok
RR3WIN	1024	20000	1	129266	0.132	ok
RR3WIN	4096	20000	1	106938	0.438	ok
RR3WIN	16384	20000	1	67585	1.107	ok
RR3WIN	65536	20000	1	26941	1.766	ok
RR3WIN	262144	8192	1	8190	2.147	ok
RR3WIN	1048576	2048	1	2147	2.252	ok
RR2WIN	256	20000	1	10199	0.003	ok
RR2WIN	1024	20000	1	10092	0.010	ok
RR2WIN	4096	20000	1	9953	0.041	ok
RR2WIN	16384	20000	1	9356	0.153	ok
RR2WIN	65536	20000	1	7903	0.518	ok
RR2WIN	262144	8192	1	5120	1.342	ok
RR2WIN	1048576	2048	1	2138	2.242	ok
RR3WIN	256	20000	16	1262947	0.323	ok
RR3WIN	1024	20000	16	1321581	1.353	ok
RR3WIN	4096	20000	16	1085979	4.448	ok
RR3WIN	16384	20000	16	640707	10.497	ok
RR3WIN	65536	20000	16	244698	16.037	ok
RR3WIN	262144	8192	16	70171	18.395	ok
RR3WIN	1048576	2048	16	17266	18.105	ok
RR2WIN	256	20000	16	101159	0.026	ok
RR2WIN	1024	20000	16	100445	0.103	ok
RR2WIN	4096	20000	16	98604	0.404	ok
RR2WIN	16384	20000	16	93579	1.533	ok
RR2WIN	65536	20000	16	79577	5.215	ok
RR2WIN	262144	8192	16	48931	12.827	ok
RR2WIN	1048576	2048	16	16473	17.273	ok
