[win] hprc/HG00438.1: 3025118465 bases; refrel 16972580 + 1411356 B (+ meta), open 775015777 B; 1 threads
RRWIN	refrel	256	20000	1	10130	0.003	ok
RRWIN	open	256	20000	1	22186	0.006	ok
RRWIN	refrel	1024	20000	1	9800	0.010	ok
RRWIN	open	1024	20000	1	21889	0.022	ok
RRWIN	refrel	4096	20000	1	9654	0.040	ok
RRWIN	open	4096	20000	1	21166	0.087	ok
RRWIN	refrel	16384	20000	1	9301	0.152	ok
RRWIN	open	16384	20000	1	17986	0.295	ok
RRWIN	refrel	65536	20000	1	7916	0.519	ok
RRWIN	open	65536	20000	1	11369	0.745	ok
RRWIN	refrel	262144	8192	1	5126	1.344	ok
RRWIN	open	262144	8192	1	4642	1.217	ok
RRWIN	refrel	1048576	2048	1	2191	2.298	ok
RRWIN	open	1048576	2048	1	1390	1.458	ok
[win] hprc/HG00438.1: 3025118465 bases; refrel 16972580 + 1411356 B (+ meta), open 775015777 B; 16 threads
RRWIN	refrel	256	20000	16	100253	0.026	ok
RRWIN	open	256	20000	16	215477	0.055	ok
RRWIN	refrel	1024	20000	16	99340	0.102	ok
RRWIN	open	1024	20000	16	211770	0.217	ok
RRWIN	refrel	4096	20000	16	97726	0.400	ok
RRWIN	open	4096	20000	16	200853	0.823	ok
RRWIN	refrel	16384	20000	16	92736	1.519	ok
RRWIN	open	16384	20000	16	167254	2.740	ok
RRWIN	refrel	65536	20000	16	78916	5.172	ok
RRWIN	open	65536	20000	16	103141	6.759	ok
RRWIN	refrel	262144	8192	16	48641	12.751	ok
RRWIN	open	262144	8192	16	41543	10.890	ok
RRWIN	refrel	1048576	2048	16	16494	17.295	ok
RRWIN	open	1048576	2048	16	4327	4.537	ok
