# colab-t4, 2026-09-28, aceapex 3de5520, full_gpu_decode_v7_ra.cu -arch=sm_75
Tesla T4 15360 MiB (driver 580.82.07); cuda_12.8; libzstd 1.5.5; 2 CPU cores; Google Colab
corpus chr1.fa md5 9465e0f0df6e2c6eb39729c39cee5465
env ACEAPEX_BS=16384 LIT_CHUNK=65536 FSE_CHUNK=4096; archive 68418921 B; ratio 3.71148; 15499 blocks
verify.sh HEAD (GOLDEN=/content/golden): pass 21 fail 0 skipped 11 declared 8
verify.sh HEAD without corpus: head_region_200 = fail (should be skipped-no-corpus); judge fixed
v7-RA full range, 7 runs, median/min/max us:
  G=8  14403/14188/16307 -> 17.6 GB/s
  G=16 10842/10752/10940 -> 23.4 GB/s
  G=32  9810/ 9767/ 9906 -> 25.9 GB/s; FNV MATCHES OK all
single block median us: G=32 blk7000 598 (586-637), blk15498 329 (297-364); G=8 674, 444; all OK
clocks after runs: SM 1155 MHz (boost 1590), mem 5000 MHz, 67 C, throttle 0x0; before: idle 300
CPU encode 2 threads: 22.45 MB/s (LZ77 8.0 s of 11.3 s); CPU decode wall 161 MB/s
resolved: pod chr1 16K = 69473882 B (libzstd 1.4.8), reproduced on ace-core byte-exact;
  colab 68418921 B at same profile = libzstd 1.5.5, 1.5% smaller on 16 KiB chunks
nvCOMP 5.3.0 python, RAW zstd, T4: off/len/cmd/lit all bit-perfect (4/4), 2 profiles
  timings via python API are call-overhead bound (len: 2 frames, 65 KB, 16.6 ms) - not GPU numbers
  proper measurement: C++ nvcompBatchedZstdDecompressAsync, warm, events (POD DAY 2 item, doable on T4)
PCIe Gen3 x16: H2D 69.4 MB compressed pinned 5.65 ms = 12.3 GB/s (pageable 6.9 GB/s)
  delivered lower bound, sequential H2D + v7-RA G=32: 16.4 GB/s of original bytes
FSE_CHUNK=65536 same block size: 68122726 B ratio 3.7276 (vs 3.7115 at 4096), RT_OK
gpu_zstd_batch (C++ nvcompBatchedZstdDecompressAsync, one call, warm, 7 runs), T4, chr1 4K profile:
  15817 frames, 68.3 MB in -> 111.6 MB frames; median 20.134 ms (19.972-20.611); 0 bad; 4/4 bit-perfect
  = 10.4 GB/s of stream bytes (209.5 MB); temp 444.6 MB; python API was 161 ms (8x call overhead)
  CPU DNA unpack 644 ms (GPU unpack kernel = next step)
  pipeline lower bound, sequential: H2D 5.6 + zstd 20.1 + v7-RA 9.8 = 35.5 ms -> 7.2 GB/s delivered
  build: nvcc -arch=sm_75 -I<nvcomp>/include -L<nvcomp>/lib64 -l:libnvcomp.so.5; run with
  LD_LIBRARY_PATH=<nvcomp>/lib64:$LD_LIBRARY_PATH (Colab keeps libcuda in /usr/lib64-nvidia)
GPU DNA unpack (k_unpack + k_exc), 2935 chunks, 7 runs: median 3.959 ms (3.948-3.969), bit-perfect
  entropy layer on GPU: zstd 17.819 + unpack 3.959 = 21.778 ms for 209.5 MB -> 9.6 GB/s; 4/4 bit-perfect
  full on-device path on the .aet as written by the CPU encoder: zstd + unpack + v7-RA (9.81) = 31.6 ms
  -> 8.0 GB/s chr1 on T4; with H2D 5.6 ms sequential: 37.2 ms -> 6.8 GB/s delivered; CPU decode 306 MB/s
