# colab-t4, 2026-09-29, aceapex open-lit 19ffed7, scripts/colab_gpu_open.sh (log as printed)
== provenance 2026-09-29
GPU 0: Tesla T4 (UUID: GPU-dd98356a-af86-5d1f-36a4-3ee91e3ba10b)
580.82.07, 1590 MHz
Build cuda_12.8.r12.8/compiler.35583870_0
g++ (Ubuntu 13.3.0-6ubuntu2~24.04.1) 13.3.0
19ffed7
2
libzstd 1.5.5
libcudf-cu12 26.2.1 requires nvidia-libnvcomp-cu12==5.1.0.21, but you have nvidia-libnvcomp-cu12 5.3.0.16 which is incompatible.
nvcomp Version: 5.3.0.16
built aceapex_gpu sm_75
head_rans_warp_emu	pass	GPU rANS warp steps (ax_rans_warp.h) == axr_decode: 85 round-trips, 12 archive chunks, 245 crafted tables, 3496 mutations (127 accepted, 3626 rejected by both), 2457904 bytes, 0 mismatches
head_open_warp_emu	pass	GPU open-pack steps (ax_open_warp.h) == axo_dna_decode: 40 round-trips, 38 archive chunks, 437 crafted streams, 2628 mutations (986 accepted, 2157 rejected by both), 22351557 bytes, 0 mismatches
fixture dna_open_2MiB on the GPU: exit 0, 3 MATCHES OK, 0 DIFFERS
fixture dna_open_mixed_300K on the GPU: exit 0, 3 MATCHES OK, 0 DIFFERS
fixture dna_open_4097B on the GPU: exit 0, 3 MATCHES OK, 0 DIFFERS
fixture dna_openlit_300K on the GPU: exit 0, 3 MATCHES OK, 0 DIFFERS
fixture text_open_200K on the GPU: exit 0, 3 MATCHES OK, 0 DIFFERS
/content/work/chr1.fa: OK
zstd (FSE_CHUNK=4096): archive 69410925 B, CPU round-trip bit-perfect
rans (AX_TOK=rans): archive 69106957 B, CPU round-trip bit-perfect
open (AX_PROFILE=open): archive 67975888 B, CPU round-trip bit-perfect
== aceapex_gpu zstd
archive /content/work/chr1.zstd.aet: orig=253935557 block=16384 nb=15499; 15817 zstd frames (4069 token, 11748 literal; 68.3 MB), pieces 0.0 MB: 0 token rANS chunks, open pack seq/cse/gap/val 0/0/0/0, open plain 0; 0 raw chunks, 2935 DNA chunks (zstd), 0 open DNA chunks; streams lit/off/len/cmd = 192.8/6.0/0.1/10.6 MB
frames: 0 bad of 15817
[warm-up] FNV out=c7c57a32936c3d67 orig=c7c57a32936c3d67 MATCHES OK
probe G=8: 2.843 ms on 2048 blocks
probe G=16: 2.046 ms on 2048 blocks
probe G=32: 1.648 ms on 2048 blocks
chosen G=32 on Tesla T4 (40 SMs)
[sequential] H2D 5.530 + tok(zstd: 4069 frames, 0 chunks) 2.770 + lit(zstd: 11748 frames, 0 pieces) 11.682 + unpack 4.186 + match(G=32) 10.707 = 34.875 ms -> 7.3 GB/s delivered; on-device 29.345 ms -> 8.7 GB/s
[lit parts] zstd frames 11.652 | open pieces: seq 0.002, cse 0.002, gap 0.002, val 0.002, plain 0.002 ms
[unpack parts] zstd DNA pack 4.185 | open: bases 0.002, case runs 0.002, exceptions 0.002 ms
[sequential] FNV out=c7c57a32936c3d67 orig=c7c57a32936c3d67 MATCHES OK
[pipeline] 4 batches, H2D overlapped with zstd: 34.515 ms -> 7.4 GB/s delivered (sequential 34.875 ms, gain 1.0%)
[pipeline] FNV out=c7c57a32936c3d67 orig=c7c57a32936c3d67 MATCHES OK
RESULT OK: Tesla T4, 40 SMs, G=32, bit-perfect on all passes
ROW	/content/work/chr1.zstd.aet	69410925	zstd	zstd	2.770	11.682	4.186	10.707	29.345	34.875	8.65	bit-perfect	11.652	0.002	0.002	0.002	0.002	0.002	4.185	0.002	0.002	0.002
exit 0
== aceapex_gpu rans
archive /content/work/chr1.rans.aet: orig=253935557 block=16384 nb=15499; 11748 zstd frames (0 token, 11748 literal; 55.5 MB), pieces 12.5 MB: 255 token rANS chunks, open pack seq/cse/gap/val 0/0/0/0, open plain 0; 1 raw chunks, 2935 DNA chunks (zstd), 0 open DNA chunks; streams lit/off/len/cmd = 192.8/6.0/0.1/10.6 MB
frames: 0 bad of 11748
[warm-up] FNV out=c7c57a32936c3d67 orig=c7c57a32936c3d67 MATCHES OK
probe G=8: 2.869 ms on 2048 blocks
probe G=16: 2.010 ms on 2048 blocks
probe G=32: 1.635 ms on 2048 blocks
chosen G=32 on Tesla T4 (40 SMs)
[sequential] H2D 5.514 + tok(rANS: 0 frames, 255 chunks) 1.213 + lit(zstd: 11748 frames, 0 pieces) 12.159 + unpack 4.164 + match(G=32) 10.707 = 33.758 ms -> 7.5 GB/s delivered; on-device 28.244 ms -> 9.0 GB/s
[lit parts] zstd frames 11.813 | open pieces: seq 0.002, cse 0.002, gap 0.002, val 0.002, plain 0.002 ms
[unpack parts] zstd DNA pack 4.294 | open: bases 0.002, case runs 0.002, exceptions 0.002 ms
[sequential] FNV out=c7c57a32936c3d67 orig=c7c57a32936c3d67 MATCHES OK
[pipeline] 4 batches, H2D overlapped with zstd: 35.752 ms -> 7.1 GB/s delivered (sequential 33.758 ms, gain -5.9%)
[pipeline] FNV out=c7c57a32936c3d67 orig=c7c57a32936c3d67 MATCHES OK
RESULT OK: Tesla T4, 40 SMs, G=32, bit-perfect on all passes
ROW	/content/work/chr1.rans.aet	69106957	rANS	zstd	1.213	12.159	4.164	10.707	28.244	33.758	8.99	bit-perfect	11.813	0.002	0.002	0.002	0.002	0.002	4.294	0.002	0.002	0.002
exit 0
== aceapex_gpu open
archive /content/work/chr1.open.aet: orig=253935557 block=16384 nb=15499; 0 zstd frames (0 token, 0 literal; 0.0 MB), pieces 66.9 MB: 255 token rANS chunks, open pack seq/cse/gap/val 2935/2935/2935/2935, open plain 8; 1 raw chunks, 0 DNA chunks (zstd), 2935 open DNA chunks; streams lit/off/len/cmd = 192.8/6.0/0.1/10.6 MB
frames: 0 bad of 0
[warm-up] FNV out=c7c57a32936c3d67 orig=c7c57a32936c3d67 MATCHES OK
probe G=8: 2.919 ms on 2048 blocks
probe G=16: 2.095 ms on 2048 blocks
probe G=32: 1.681 ms on 2048 blocks
chosen G=32 on Tesla T4 (40 SMs)
[sequential] H2D 5.417 + tok(rANS: 0 frames, 255 chunks) 1.087 + lit(open: 0 frames, 11748 pieces) 4.381 + unpack 6.560 + match(G=32) 10.534 = 27.978 ms -> 9.1 GB/s delivered; on-device 22.561 ms -> 11.3 GB/s
[lit parts] zstd frames 0.002 | open pieces: seq 2.150, cse 0.705, gap 0.635, val 0.598, plain 0.674 ms
[unpack parts] zstd DNA pack 0.002 | open: bases 1.899, case runs 2.795, exceptions 1.839 ms
[sequential] FNV out=c7c57a32936c3d67 orig=c7c57a32936c3d67 MATCHES OK
[pipeline] 4 batches, H2D overlapped with zstd: 27.814 ms -> 9.1 GB/s delivered (sequential 27.978 ms, gain 0.6%)
[pipeline] FNV out=c7c57a32936c3d67 orig=c7c57a32936c3d67 MATCHES OK
RESULT OK: Tesla T4, 40 SMs, G=32, bit-perfect on all passes
ROW	/content/work/chr1.open.aet	67975888	rANS	open	1.087	4.381	6.560	10.534	22.561	27.978	11.26	bit-perfect	0.002	2.150	0.705	0.635	0.598	0.674	0.002	1.899	2.795	1.839
exit 0

chr1 on Tesla T4, ms, median of 7
archive        bytes     tokens  literals  tok    lit     unpack  match   on-device  +H2D    GB/s   check
chr1.zstd.aet  69410925  zstd    zstd      2.770  11.682  4.186   10.707  29.345     34.875  8.65   bit-perfect
chr1.rans.aet  69106957  rANS    zstd      1.213  12.159  4.164   10.707  28.244     33.758  8.99   bit-perfect
chr1.open.aet  67975888  rANS    open      1.087  4.381   6.560   10.534  22.561     27.978  11.26  bit-perfect

parts, ms: lit = zstd frames + pieces by class; unpack = zstd-pack kernels + open kernels
archive        lit.zstd  seq    cse    gap    val    plain  un.zstdpack  bases  case   exceptions
chr1.zstd.aet  11.652    0.002  0.002  0.002  0.002  0.002  4.185        0.002  0.002  0.002
chr1.rans.aet  11.813    0.002  0.002  0.002  0.002  0.002  4.294        0.002  0.002  0.002
chr1.open.aet  0.002     2.150  0.705  0.635  0.598  0.674  0.002        1.899  2.795  1.839
bit-perfect rows 3/3, exits 0 3/3, emulators 2/2, fixtures 5/5
RESULT: all passes bit-perfect on the GPU
