Drive already mounted at /content/drive; to attempt to forcibly remount, call drive.mount("/content/drive", force_remount=True).
== provenance 2026-09-30
gpu NVIDIA RTX PRO 6000 Blackwell Server Edition | cc 12.0 | driver 580.82.07
clocks max sm/mem 2430 MHz, 12481 MHz | memory 97887 MiB | power limit 600.00 W
host AMD EPYC 9B45, 48 threads, RAM 176 GB, drive 1
Build cuda_12.8.r12.8/compiler.35583870_0
g++ (Ubuntu 13.3.0-6ubuntu2~24.04.1) 13.3.0
commit 27b61b1
libzstd 1.5.5
nvcomp Version: 5.3.0.16
built aceapex_gpu sm_120
head_rans_warp_emu	pass	GPU rANS warp steps (ax_rans_warp.h) == axr_decode: 85 round-trips, 12 archive chunks, 245 crafted tables, 3496 mutations (127 accepted, 3626 rejected by both), 2457904 bytes, 0 mismatches
head_open_warp_emu	pass	GPU open-pack steps (ax_open_warp.h, block rounds of 256) == axo_dna_decode: 40 round-trips, 38 archive chunks, 437 crafted streams, 2628 mutations (986 accepted, 2157 rejected by both), 22351557 bytes, 0 mismatches
fixture dna_open_2MiB on the GPU: exit 0, 5 MATCHES OK, 0 DIFFERS
fixture dna_open_mixed_300K on the GPU: exit 0, 5 MATCHES OK, 0 DIFFERS
fixture dna_open_4097B on the GPU: exit 0, 5 MATCHES OK, 0 DIFFERS
fixture dna_openlit_300K on the GPU: exit 0, 5 MATCHES OK, 0 DIFFERS
fixture text_open_200K on the GPU: exit 0, 5 MATCHES OK, 0 DIFFERS
chr1.fa: from Drive
chr1.fa: md5 9465e0f0df6e2c6eb39729c39cee5465 OK
t2t.fa: from Drive (t2t.fa.gz)
t2t.fa: md5 cd1e52ce400c027ed0b7ab4b9d613f5a OK
chr1.zstd (FSE_CHUNK=4096): archive 60442704 B (== pinned), encoded, cached on Drive, CPU round-trip bit-perfect
chr1.rans (AX_TOK=rans): archive 60424124 B (== pinned), encoded, cached on Drive, CPU round-trip bit-perfect
chr1.open (AX_PROFILE=open): archive 63083287 B (== pinned), encoded, cached on Drive, CPU round-trip bit-perfect
chr1.chain (AX_PROFILE=open AX_ENC=chain): archive 67975888 B (== pinned), from Drive cache, CPU round-trip bit-perfect
chr1.dense2 lane emulator: byte table: 3586 chunks (0 with K > 16 by binary search), 234967363 bytes, 0 differ, 0 framing errors -> MATCHES nibble table: 3586 chunks (0 with K > 16 by binary search), 234967363 bytes, 0 differ, 0 framing errors -> MATCHES cum compare: 3586 chunks (0 with K > 16 by binary search), 234967363 bytes, 0 differ, 0 framing errors -> MATCHES
chr1.dense2 (open + rans1_seg order-1 literals, 32 segments/chunk, estimate = open - literal stream + AR2L file): 62859092 B, AR2L 61818303 B
chr1.dense (open + rans1_v4 order-1 literals, estimate = open - literal stream + AR1L file): 62757195 B, AR1L 61716406 B
== aceapex_gpu chr1.zstd
archive /content/work/chr1.zstd.aet: orig=253935557 block=16384 nb=15499; 14715 zstd frames (458 token, 14257 literal; 59.3 MB), pieces 0.0 MB: 0 token rANS chunks, open pack seq/cse/gap/val 0/0/0/0, open plain 0; 0 raw chunks, 3557 DNA chunks (zstd), 0 open DNA chunks; streams lit/off/len/cmd = 235.0/0.0/0.0/1.9 MB
frames: 0 bad of 14715
[warm-up] FNV out=c7c57a32936c3d67 orig=c7c57a32936c3d67 MATCHES OK
probe G=8: 0.601 ms on 2048 blocks
probe G=16: 0.282 ms on 2048 blocks
probe G=32: 0.121 ms on 2048 blocks
chosen G=32 on NVIDIA RTX PRO 6000 Blackwell Server Edition (188 SMs)
[sequential] H2D 1.046 + tok(zstd: 458 frames, 0 chunks) 0.209 + lit(zstd: 14257 frames, 0 pieces) 1.895 + unpack 0.570 + match(G=32) 0.826 = 4.547 ms -> 55.8 GB/s delivered; on-device 3.501 ms -> 72.5 GB/s
[lit parts] zstd frames 1.907 | open pieces: seq 0.000, cse 0.000, gap 0.000, val 0.000, plain 0.000 ms
[unpack parts] zstd DNA pack 0.569 | open: bases 0.000, case runs 0.000, exceptions 0.000 ms
[sequential] FNV out=c7c57a32936c3d67 orig=c7c57a32936c3d67 MATCHES OK
[pipeline] 4 batches, H2D overlapped with zstd: 6.796 ms -> 37.4 GB/s delivered (sequential 4.547 ms, gain -49.5%)
[pipeline] FNV out=c7c57a32936c3d67 orig=c7c57a32936c3d67 MATCHES OK
[h2d] 59.3 MB: pageable 2.094 ms (28.3 GB/s), pinned 1.049 ms (56.6 GB/s)
[auto] estimated H2D 1.049 ms (59.3 MB at 56.6 GB/s pinned), on-device 3.501 ms, batches of >= 64 MB: 0 -> sequential
RESULT OK: NVIDIA RTX PRO 6000 Blackwell Server Edition, 188 SMs, G=32, bit-perfect on all passes
ROW	/content/work/chr1.zstd.aet	60442704	zstd	zstd	0.209	1.895	0.570	0.826	3.501	4.547	72.53	bit-perfect	1.907	0.000	0.000	0.000	0.000	0.000	0.569	0.000	0.000	0.000	4.547	28.3	56.6	0	0.000	0.000	-1	-1.000	-1.000	-1.000	0.000	-1	-1.000	-1.000
exit 0 chr1.zstd
== aceapex_gpu chr1.rans
archive /content/work/chr1.rans.aet: orig=253935557 block=16384 nb=15499; 14257 zstd frames (0 token, 14257 literal; 59.3 MB), pieces 0.0 MB: 31 token rANS chunks, open pack seq/cse/gap/val 0/0/0/0, open plain 0; 0 raw chunks, 3557 DNA chunks (zstd), 0 open DNA chunks; streams lit/off/len/cmd = 235.0/0.0/0.0/1.9 MB
frames: 0 bad of 14257
[warm-up] FNV out=c7c57a32936c3d67 orig=c7c57a32936c3d67 MATCHES OK
probe G=8: 0.602 ms on 2048 blocks
probe G=16: 0.282 ms on 2048 blocks
probe G=32: 0.121 ms on 2048 blocks
chosen G=32 on NVIDIA RTX PRO 6000 Blackwell Server Edition (188 SMs)
[sequential] H2D 1.048 + tok(rANS: 0 frames, 31 chunks) 0.295 + lit(zstd: 14257 frames, 0 pieces) 1.929 + unpack 0.568 + match(G=32) 0.827 = 4.667 ms -> 54.4 GB/s delivered; on-device 3.620 ms -> 70.2 GB/s
[lit parts] zstd frames 1.925 | open pieces: seq 0.000, cse 0.000, gap 0.000, val 0.000, plain 0.000 ms
[unpack parts] zstd DNA pack 0.572 | open: bases 0.000, case runs 0.000, exceptions 0.000 ms
[sequential] FNV out=c7c57a32936c3d67 orig=c7c57a32936c3d67 MATCHES OK
[pipeline] 4 batches, H2D overlapped with zstd: 7.164 ms -> 35.4 GB/s delivered (sequential 4.667 ms, gain -53.5%)
[pipeline] FNV out=c7c57a32936c3d67 orig=c7c57a32936c3d67 MATCHES OK
[h2d] 59.3 MB: pageable 2.102 ms (28.2 GB/s), pinned 1.049 ms (56.5 GB/s)
[auto] estimated H2D 1.049 ms (59.3 MB at 56.5 GB/s pinned), on-device 3.620 ms, batches of >= 64 MB: 0 -> sequential
RESULT OK: NVIDIA RTX PRO 6000 Blackwell Server Edition, 188 SMs, G=32, bit-perfect on all passes
ROW	/content/work/chr1.rans.aet	60424124	rANS	zstd	0.295	1.929	0.568	0.827	3.620	4.667	70.16	bit-perfect	1.925	0.000	0.000	0.000	0.000	0.000	0.572	0.000	0.000	0.000	4.667	28.2	56.5	0	0.000	0.000	-1	-1.000	-1.000	-1.000	0.000	-1	-1.000	-1.000
exit 0 chr1.rans
== aceapex_gpu chr1.open
archive /content/work/chr1.open.aet: orig=253935557 block=16384 nb=15499; 0 zstd frames (0 token, 0 literal; 0.0 MB), pieces 61.9 MB: 31 token rANS chunks, open pack seq/cse/gap/val 3585/3585/3585/3585, open plain 1; 0 raw chunks, 0 DNA chunks (zstd), 3585 open DNA chunks; streams lit/off/len/cmd = 235.0/0.0/0.0/1.9 MB
frames: 0 bad of 0
[warm-up] FNV out=c7c57a32936c3d67 orig=c7c57a32936c3d67 MATCHES OK
probe G=8: 0.593 ms on 2048 blocks
probe G=16: 0.282 ms on 2048 blocks
probe G=32: 0.121 ms on 2048 blocks
chosen G=32 on NVIDIA RTX PRO 6000 Blackwell Server Edition (188 SMs)
[sequential] H2D 1.093 + tok(rANS: 0 frames, 31 chunks) 0.354 + lit(open: 0 frames, 14341 pieces) 1.018 + unpack 0.623 + match(G=32) 0.831 = 3.919 ms -> 64.8 GB/s delivered; on-device 2.826 ms -> 89.8 GB/s
[lit parts] zstd frames 0.000 | open pieces: seq 0.557, cse 0.102, gap 0.072, val 0.080, plain 0.576 ms
[unpack parts] zstd DNA pack 0.000 | open: bases 0.317, case runs 0.033, exceptions 0.272 ms
[sequential] FNV out=c7c57a32936c3d67 orig=c7c57a32936c3d67 MATCHES OK
[pipeline] 4 batches, H2D overlapped with zstd: 3.570 ms -> 71.1 GB/s delivered (sequential 3.919 ms, gain 8.9%)
[pipeline] FNV out=c7c57a32936c3d67 orig=c7c57a32936c3d67 MATCHES OK
[h2d] 61.9 MB: pageable 2.200 ms (28.2 GB/s), pinned 1.095 ms (56.6 GB/s)
[auto] estimated H2D 1.095 ms (61.9 MB at 56.6 GB/s pinned), on-device 2.826 ms, batches of >= 64 MB: 0 -> sequential
[dense-lit] /content/work/chr1.r1: 61716406 B, 3586 chunks (0 raw), order-1 rANS 4 lines x checkpoints: lit 4.277 ms against this archive's lit 1.018 + unpack 0.623 ms; literal stream MATCHES (0 of 234967363 bytes differ, 0 framing errors); on-device estimate tok 0.354 + lit 4.277 + match 0.831 = 5.462 ms -> 46.5 GB/s
[dense2-lit] /content/work/chr1.r2: 61818303 B, 3586 chunks (0 raw, 0 with K > 16 up to 0 via binary search), K max 14 in the rest; order-1 rANS 32 segments/chunk: lit byte table 7.424 ms (57344 B shared), nibble table 3.959 ms (28672 B), cum compare 1.290 ms (no table) against this archive's lit 1.018 + unpack 0.623 = 1.641 ms (-1 = does not fit this GPU's shared memory); literal stream MATCHES (differing bytes 0 / 0 / 0, framing errors 0 / 0 / 0); on-device estimate tok 0.354 + lit 1.290 + match 0.831 = 2.475 ms -> 102.6 GB/s
RESULT OK: NVIDIA RTX PRO 6000 Blackwell Server Edition, 188 SMs, G=32, bit-perfect on all passes
ROW	/content/work/chr1.open.aet	63083287	rANS	open	0.354	1.018	0.623	0.831	2.826	3.919	89.85	bit-perfect	0.000	0.557	0.102	0.072	0.080	0.576	0.000	0.317	0.033	0.272	3.919	28.2	56.6	0	4.277	5.462	0	7.424	3.959	1.290	2.475	0	-1.000	-1.000
exit 0 chr1.open
== aceapex_gpu chr1.chain
archive /content/work/chr1.chain.aet: orig=253935557 block=16384 nb=15499; 0 zstd frames (0 token, 0 literal; 0.0 MB), pieces 66.9 MB: 255 token rANS chunks, open pack seq/cse/gap/val 2935/2935/2935/2935, open plain 8; 1 raw chunks, 0 DNA chunks (zstd), 2935 open DNA chunks; streams lit/off/len/cmd = 192.8/6.0/0.1/10.6 MB
frames: 0 bad of 0
[warm-up] FNV out=c7c57a32936c3d67 orig=c7c57a32936c3d67 MATCHES OK
probe G=8: 1.511 ms on 2048 blocks
probe G=16: 0.898 ms on 2048 blocks
probe G=32: 0.543 ms on 2048 blocks
chosen G=32 on NVIDIA RTX PRO 6000 Blackwell Server Edition (188 SMs)
[sequential] H2D 1.178 + tok(rANS: 0 frames, 255 chunks) 0.937 + lit(open: 0 frames, 11748 pieces) 0.969 + unpack 0.505 + match(G=32) 1.268 = 4.856 ms -> 52.3 GB/s delivered; on-device 3.678 ms -> 69.1 GB/s
[lit parts] zstd frames 0.000 | open pieces: seq 0.307, cse 0.086, gap 0.068, val 0.049, plain 0.592 ms
[unpack parts] zstd DNA pack 0.000 | open: bases 0.256, case runs 0.033, exceptions 0.217 ms
[sequential] FNV out=c7c57a32936c3d67 orig=c7c57a32936c3d67 MATCHES OK
[pipeline] 4 batches, H2D overlapped with zstd: 3.976 ms -> 63.9 GB/s delivered (sequential 4.856 ms, gain 18.1%)
[pipeline] FNV out=c7c57a32936c3d67 orig=c7c57a32936c3d67 MATCHES OK
[h2d] 66.9 MB: pageable 2.394 ms (27.9 GB/s), pinned 1.181 ms (56.6 GB/s)
[auto] estimated H2D 1.181 ms (66.9 MB at 56.6 GB/s pinned), on-device 3.678 ms, batches of >= 64 MB: 0 -> sequential
RESULT OK: NVIDIA RTX PRO 6000 Blackwell Server Edition, 188 SMs, G=32, bit-perfect on all passes
ROW	/content/work/chr1.chain.aet	67975888	rANS	open	0.937	0.969	0.505	1.268	3.678	4.856	69.05	bit-perfect	0.000	0.307	0.086	0.068	0.049	0.592	0.000	0.256	0.033	0.217	4.856	27.9	56.6	0	0.000	0.000	-1	-1.000	-1.000	-1.000	0.000	-1	-1.000	-1.000
exit 0 chr1.chain
t2t.zstd (FSE_CHUNK=4096): archive 822393156 B (== pinned), encoded, cached on Drive, CPU round-trip bit-perfect
t2t.rans (AX_TOK=rans): archive 822531418 B (== pinned), encoded, cached on Drive, CPU round-trip bit-perfect
t2t.open (AX_PROFILE=open): archive 853264869 B (== pinned), encoded, cached on Drive, CPU round-trip bit-perfect
t2t.chain (AX_PROFILE=open AX_ENC=chain): archive 887641942 B (== pinned), from Drive cache, CPU round-trip bit-perfect
t2t.dense2 lane emulator: byte table: 47407 chunks (25 with K > 16 by binary search), 3106854363 bytes, 0 differ, 0 framing errors -> MATCHES nibble table: 47407 chunks (25 with K > 16 by binary search), 3106854363 bytes, 0 differ, 0 framing errors -> MATCHES cum compare: 47407 chunks (25 with K > 16 by binary search), 3106854363 bytes, 0 differ, 0 framing errors -> MATCHES
t2t.dense2 (open + rans1_seg order-1 literals, 32 segments/chunk, estimate = open - literal stream + AR2L file): 834683940 B, AR2L 819713974 B
t2t.dense (open + rans1_v4 order-1 literals, estimate = open - literal stream + AR1L file): 833384701 B, AR1L 818414735 B
== aceapex_gpu t2t.zstd
archive /content/work/t2t.zstd.aet: orig=3156259565 block=16384 nb=192643; 191495 zstd frames (6589 token, 184906 literal; 808.7 MB), pieces 0.0 MB: 0 token rANS chunks, open pack seq/cse/gap/val 0/0/0/0, open plain 0; 0 raw chunks, 45833 DNA chunks (zstd), 0 open DNA chunks; streams lit/off/len/cmd = 3106.9/0.2/0.8/26.0 MB
frames: 0 bad of 191495
[warm-up] FNV out=b4380f15fd9480a3 orig=b4380f15fd9480a3 MATCHES OK
probe G=8: 0.582 ms on 2048 blocks
probe G=16: 0.310 ms on 2048 blocks
probe G=32: 0.164 ms on 2048 blocks
chosen G=32 on NVIDIA RTX PRO 6000 Blackwell Server Edition (188 SMs)
[sequential] H2D 14.217 + tok(zstd: 6589 frames, 0 chunks) 0.516 + lit(zstd: 184906 frames, 0 pieces) 17.439 + unpack 7.686 + match(G=32) 9.902 = 49.759 ms -> 63.4 GB/s delivered; on-device 35.542 ms -> 88.8 GB/s
[lit parts] zstd frames 17.445 | open pieces: seq 0.000, cse 0.000, gap 0.000, val 0.000, plain 0.000 ms
[unpack parts] zstd DNA pack 7.698 | open: bases 0.000, case runs 0.000, exceptions 0.000 ms
[sequential] FNV out=b4380f15fd9480a3 orig=b4380f15fd9480a3 MATCHES OK
[pipeline] 4 batches, H2D overlapped with zstd: 41.173 ms -> 76.7 GB/s delivered (sequential 49.759 ms, gain 17.3%)
[pipeline] FNV out=b4380f15fd9480a3 orig=b4380f15fd9480a3 MATCHES OK
[h2d] 808.7 MB: pageable 29.759 ms (27.2 GB/s), pinned 14.217 ms (56.9 GB/s)
[auto] estimated H2D 14.217 ms (808.7 MB at 56.9 GB/s pinned), on-device 35.542 ms, batches of >= 64 MB: 8 -> sequential
RESULT OK: NVIDIA RTX PRO 6000 Blackwell Server Edition, 188 SMs, G=32, bit-perfect on all passes
ROW	/content/work/t2t.zstd.aet	822393156	zstd	zstd	0.516	17.439	7.686	9.902	35.542	49.759	88.80	bit-perfect	17.445	0.000	0.000	0.000	0.000	0.000	7.698	0.000	0.000	0.000	49.759	27.2	56.9	0	0.000	0.000	-1	-1.000	-1.000	-1.000	0.000	-1	-1.000	-1.000
exit 0 t2t.zstd
== aceapex_gpu t2t.rans
archive /content/work/t2t.rans.aet: orig=3156259565 block=16384 nb=192643; 184906 zstd frames (0 token, 184906 literal; 806.2 MB), pieces 2.6 MB: 413 token rANS chunks, open pack seq/cse/gap/val 0/0/0/0, open plain 0; 0 raw chunks, 45833 DNA chunks (zstd), 0 open DNA chunks; streams lit/off/len/cmd = 3106.9/0.2/0.8/26.0 MB
frames: 0 bad of 184906
[warm-up] FNV out=b4380f15fd9480a3 orig=b4380f15fd9480a3 MATCHES OK
probe G=8: 0.581 ms on 2048 blocks
probe G=16: 0.321 ms on 2048 blocks
probe G=32: 0.160 ms on 2048 blocks
chosen G=32 on NVIDIA RTX PRO 6000 Blackwell Server Edition (188 SMs)
[sequential] H2D 14.218 + tok(rANS: 0 frames, 413 chunks) 0.904 + lit(zstd: 184906 frames, 0 pieces) 17.508 + unpack 7.674 + match(G=32) 9.913 = 50.218 ms -> 62.9 GB/s delivered; on-device 36.000 ms -> 87.7 GB/s
[lit parts] zstd frames 17.468 | open pieces: seq 0.000, cse 0.000, gap 0.000, val 0.000, plain 0.000 ms
[unpack parts] zstd DNA pack 7.686 | open: bases 0.000, case runs 0.000, exceptions 0.000 ms
[sequential] FNV out=b4380f15fd9480a3 orig=b4380f15fd9480a3 MATCHES OK
[pipeline] 4 batches, H2D overlapped with zstd: 42.466 ms -> 74.3 GB/s delivered (sequential 50.218 ms, gain 15.4%)
[pipeline] FNV out=b4380f15fd9480a3 orig=b4380f15fd9480a3 MATCHES OK
[h2d] 808.9 MB: pageable 29.032 ms (27.9 GB/s), pinned 14.221 ms (56.9 GB/s)
[auto] estimated H2D 14.221 ms (808.9 MB at 56.9 GB/s pinned), on-device 36.000 ms, batches of >= 64 MB: 8 -> sequential
RESULT OK: NVIDIA RTX PRO 6000 Blackwell Server Edition, 188 SMs, G=32, bit-perfect on all passes
ROW	/content/work/t2t.rans.aet	822531418	rANS	zstd	0.904	17.508	7.674	9.913	36.000	50.218	87.68	bit-perfect	17.468	0.000	0.000	0.000	0.000	0.000	7.686	0.000	0.000	0.000	50.218	27.9	56.9	0	0.000	0.000	-1	-1.000	-1.000	-1.000	0.000	-1	-1.000	-1.000
exit 0 t2t.rans
== aceapex_gpu t2t.open
archive /content/work/t2t.open.aet: orig=3156259565 block=16384 nb=192643; 0 zstd frames (0 token, 0 literal; 0.0 MB), pieces 839.0 MB: 413 token rANS chunks, open pack seq/cse/gap/val 47212/47212/47212/47212, open plain 195; 0 raw chunks, 0 DNA chunks (zstd), 47212 open DNA chunks; streams lit/off/len/cmd = 3106.9/0.2/0.8/26.0 MB
frames: 0 bad of 0
[warm-up] FNV out=b4380f15fd9480a3 orig=b4380f15fd9480a3 MATCHES OK
probe G=8: 0.581 ms on 2048 blocks
probe G=16: 0.320 ms on 2048 blocks
probe G=32: 0.158 ms on 2048 blocks
chosen G=32 on NVIDIA RTX PRO 6000 Blackwell Server Edition (188 SMs)
[sequential] H2D 14.748 + tok(rANS: 0 frames, 413 chunks) 0.920 + lit(open: 0 frames, 189043 pieces) 6.596 + unpack 9.718 + match(G=32) 9.901 = 41.883 ms -> 75.4 GB/s delivered; on-device 27.135 ms -> 116.3 GB/s
[lit parts] zstd frames 0.000 | open pieces: seq 4.512, cse 0.770, gap 0.557, val 0.571, plain 0.491 ms
[unpack parts] zstd DNA pack 0.000 | open: bases 5.290, case runs 0.379, exceptions 4.041 ms
[sequential] FNV out=b4380f15fd9480a3 orig=b4380f15fd9480a3 MATCHES OK
[pipeline] 4 batches, H2D overlapped with zstd: 40.969 ms -> 77.0 GB/s delivered (sequential 41.883 ms, gain 2.2%)
[pipeline] FNV out=b4380f15fd9480a3 orig=b4380f15fd9480a3 MATCHES OK
[h2d] 839.0 MB: pageable 30.545 ms (27.5 GB/s), pinned 14.751 ms (56.9 GB/s)
[auto] estimated H2D 14.751 ms (839.0 MB at 56.9 GB/s pinned), on-device 27.135 ms, batches of >= 64 MB: 8 -> stream pipeline
[stream-pipeline cold] FNV out=b4380f15fd9480a3 orig=b4380f15fd9480a3 MATCHES OK
[stream-pipeline] 8 batches (largest 106.4 MB), copy stream + decode stream: 31.063 ms -> 101.6 GB/s delivered; sequential 41.883 (H2D 14.748 + on-device 27.135), gain 25.8%
[stream-pipeline] FNV out=b4380f15fd9480a3 orig=b4380f15fd9480a3 MATCHES OK
[dense-lit] /content/work/t2t.r1: 818414735 B, 47407 chunks (0 raw), order-1 rANS 4 lines x checkpoints: lit 54.680 ms against this archive's lit 6.596 + unpack 9.718 ms; literal stream MATCHES (0 of 3106854363 bytes differ, 0 framing errors); on-device estimate tok 0.920 + lit 54.680 + match 9.901 = 65.501 ms -> 48.2 GB/s
[dense2-lit] /content/work/t2t.r2: 819713974 B, 47407 chunks (0 raw, 25 with K > 16 up to 35 via binary search), K max 9 in the rest; order-1 rANS 32 segments/chunk: lit byte table 52.374 ms (36864 B shared), nibble table 31.944 ms (18432 B), cum compare 16.873 ms (no table) against this archive's lit 6.596 + unpack 9.718 = 16.314 ms (-1 = does not fit this GPU's shared memory); literal stream MATCHES (differing bytes 0 / 0 / 0, framing errors 0 / 0 / 0); on-device estimate tok 0.920 + lit 16.873 + match 9.901 = 27.695 ms -> 114.0 GB/s
RESULT OK: NVIDIA RTX PRO 6000 Blackwell Server Edition, 188 SMs, G=32, bit-perfect on all passes
ROW	/content/work/t2t.open.aet	853264869	rANS	open	0.920	6.596	9.718	9.901	27.135	41.883	116.32	bit-perfect	0.000	4.512	0.770	0.557	0.571	0.491	0.000	5.290	0.379	4.041	31.063	27.5	56.9	8	54.680	65.501	0	52.374	31.944	16.873	27.695	0	-1.000	-1.000
exit 0 t2t.open
== aceapex_gpu t2t.chain
archive /content/work/t2t.chain.aet: orig=3156259565 block=16384 nb=192643; 0 zstd frames (0 token, 0 literal; 0.0 MB), pieces 873.7 MB: 3394 token rANS chunks, open pack seq/cse/gap/val 37577/37577/37577/37577, open plain 135; 0 raw chunks, 0 DNA chunks (zstd), 37577 open DNA chunks; streams lit/off/len/cmd = 2471.5/81.6/2.5/138.2 MB
frames: 0 bad of 0
[warm-up] FNV out=b4380f15fd9480a3 orig=b4380f15fd9480a3 MATCHES OK
probe G=8: 1.447 ms on 2048 blocks
probe G=16: 0.835 ms on 2048 blocks
probe G=32: 0.482 ms on 2048 blocks
chosen G=32 on NVIDIA RTX PRO 6000 Blackwell Server Edition (188 SMs)
[sequential] H2D 15.358 + tok(rANS: 0 frames, 3394 chunks) 1.662 + lit(open: 0 frames, 150443 pieces) 5.316 + unpack 7.906 + match(G=32) 11.779 = 42.022 ms -> 75.1 GB/s delivered; on-device 26.663 ms -> 118.4 GB/s
[lit parts] zstd frames 0.000 | open pieces: seq 3.368, cse 0.731, gap 0.598, val 0.473, plain 0.573 ms
[unpack parts] zstd DNA pack 0.000 | open: bases 4.282, case runs 0.369, exceptions 3.253 ms
[sequential] FNV out=b4380f15fd9480a3 orig=b4380f15fd9480a3 MATCHES OK
[pipeline] 4 batches, H2D overlapped with zstd: 41.367 ms -> 76.3 GB/s delivered (sequential 42.022 ms, gain 1.6%)
[pipeline] FNV out=b4380f15fd9480a3 orig=b4380f15fd9480a3 MATCHES OK
[h2d] 873.7 MB: pageable 32.034 ms (27.3 GB/s), pinned 15.361 ms (56.9 GB/s)
[auto] estimated H2D 15.361 ms (873.7 MB at 56.9 GB/s pinned), on-device 26.663 ms, batches of >= 64 MB: 8 -> stream pipeline
[stream-pipeline cold] FNV out=b4380f15fd9480a3 orig=b4380f15fd9480a3 MATCHES OK
[stream-pipeline] 8 batches (largest 112.6 MB), copy stream + decode stream: 33.236 ms -> 95.0 GB/s delivered; sequential 42.022 (H2D 15.358 + on-device 26.663), gain 20.9%
[stream-pipeline] FNV out=b4380f15fd9480a3 orig=b4380f15fd9480a3 MATCHES OK
RESULT OK: NVIDIA RTX PRO 6000 Blackwell Server Edition, 188 SMs, G=32, bit-perfect on all passes
ROW	/content/work/t2t.chain.aet	887641942	rANS	open	1.662	5.316	7.906	11.779	26.663	42.022	118.38	bit-perfect	0.000	3.368	0.731	0.598	0.473	0.573	0.000	4.282	0.369	3.253	33.236	27.3	56.9	8	0.000	0.000	-1	-1.000	-1.000	-1.000	0.000	-1	-1.000	-1.000
exit 0 t2t.chain

chr1 on NVIDIA RTX PRO 6000 Blackwell Server Edition, ms, median of 3; pipeline = chosen path (auto: stream pipeline when H2D >= on-device/2 and >= 2 batches of 64 MB, else sequential); batches 0 = sequential
archive             bytes     tokens  literals  tok    lit                                         unpack  match  on-device  +H2D   pipeline  batches  GB/s   check        H2D-pageable  H2D-pinned
chr1.zstd.aet       60442704  zstd    zstd      0.209  1.895                                       0.570   0.826  3.501      4.547  4.547     0        72.53  bit-perfect  28.3 GB/s     56.6 GB/s
chr1.rans.aet       60424124  rANS    zstd      0.295  1.929                                       0.568   0.827  3.620      4.667  4.667     0        70.16  bit-perfect  28.2 GB/s     56.5 GB/s
chr1.open.aet       63083287  rANS    open      0.354  1.018                                       0.623   0.831  2.826      3.919  3.919     0        89.85  bit-perfect  28.2 GB/s     56.6 GB/s
chr1.chain.aet      67975888  rANS    open      0.937  0.969                                       0.505   1.268  3.678      4.856  4.856     0        69.05  bit-perfect  27.9 GB/s     56.6 GB/s
chr1.dense (est.)   62757195  rANS    order-1   0.354  4.277                                       0       0.831  5.462      -      -         -        -      bit-perfect  -             -
chr1.dense2 (est.)  62859092  rANS    o1 32seg  0.354  1.290 (byte 7.424 / nib 3.959 / cmp 1.290)  0       0.831  2.475      -      -         -        -      bit-perfect  -             -
parts, ms: lit = zstd frames + pieces by class; unpack = zstd-pack kernels + open kernels
archive         lit.zstd  seq    cse    gap    val    plain  un.zstdpack  bases  case   exceptions
chr1.zstd.aet   1.907     0.000  0.000  0.000  0.000  0.000  0.569        0.000  0.000  0.000
chr1.rans.aet   1.925     0.000  0.000  0.000  0.000  0.000  0.572        0.000  0.000  0.000
chr1.open.aet   0.000     0.557  0.102  0.072  0.080  0.576  0.000        0.317  0.033  0.272
chr1.chain.aet  0.000     0.307  0.086  0.068  0.049  0.592  0.000        0.256  0.033  0.217

t2t on NVIDIA RTX PRO 6000 Blackwell Server Edition, ms, median of 3; pipeline = chosen path (auto: stream pipeline when H2D >= on-device/2 and >= 2 batches of 64 MB, else sequential); batches 0 = sequential
archive            bytes      tokens  literals  tok    lit                                             unpack  match   on-device  +H2D    pipeline  batches  GB/s    check        H2D-pageable  H2D-pinned
t2t.zstd.aet       822393156  zstd    zstd      0.516  17.439                                          7.686   9.902   35.542     49.759  49.759    0        88.80   bit-perfect  27.2 GB/s     56.9 GB/s
t2t.rans.aet       822531418  rANS    zstd      0.904  17.508                                          7.674   9.913   36.000     50.218  50.218    0        87.68   bit-perfect  27.9 GB/s     56.9 GB/s
t2t.open.aet       853264869  rANS    open      0.920  6.596                                           9.718   9.901   27.135     41.883  31.063    8        116.32  bit-perfect  27.5 GB/s     56.9 GB/s
t2t.chain.aet      887641942  rANS    open      1.662  5.316                                           7.906   11.779  26.663     42.022  33.236    8        118.38  bit-perfect  27.3 GB/s     56.9 GB/s
t2t.dense (est.)   833384701  rANS    order-1   0.920  54.680                                          0       9.901   65.501     -       -         -        -       bit-perfect  -             -
t2t.dense2 (est.)  834683940  rANS    o1 32seg  0.920  16.873 (byte 52.374 / nib 31.944 / cmp 16.873)  0       9.901   27.695     -       -         -        -       bit-perfect  -             -
parts, ms: lit = zstd frames + pieces by class; unpack = zstd-pack kernels + open kernels
archive        lit.zstd  seq    cse    gap    val    plain  un.zstdpack  bases  case   exceptions
t2t.zstd.aet   17.445    0.000  0.000  0.000  0.000  0.000  7.698        0.000  0.000  0.000
t2t.rans.aet   17.468    0.000  0.000  0.000  0.000  0.000  7.686        0.000  0.000  0.000
t2t.open.aet   0.000     4.512  0.770  0.557  0.571  0.491  0.000        5.290  0.379  4.041
t2t.chain.aet  0.000     3.368  0.731  0.598  0.473  0.573  0.000        4.282  0.369  3.253
TSV	rtx-pro-6000-blackwell-server-edition	chr1.zstd.aet	60442704	zstd	zstd	0.209	1.895	0.570	0.826	3.501	4.547	72.53	bit-perfect	1.907	0.000	0.000	0.000	0.000	0.000	0.569	0.000	0.000	0.000	4.547	28.3	56.6	0	0.000	0.000	-1	-1.000	-1.000	-1.000	0.000	-1	-1.000	-1.000
TSV	rtx-pro-6000-blackwell-server-edition	chr1.rans.aet	60424124	rANS	zstd	0.295	1.929	0.568	0.827	3.620	4.667	70.16	bit-perfect	1.925	0.000	0.000	0.000	0.000	0.000	0.572	0.000	0.000	0.000	4.667	28.2	56.5	0	0.000	0.000	-1	-1.000	-1.000	-1.000	0.000	-1	-1.000	-1.000
TSV	rtx-pro-6000-blackwell-server-edition	chr1.open.aet	63083287	rANS	open	0.354	1.018	0.623	0.831	2.826	3.919	89.85	bit-perfect	0.000	0.557	0.102	0.072	0.080	0.576	0.000	0.317	0.033	0.272	3.919	28.2	56.6	0	4.277	5.462	0	7.424	3.959	1.290	2.475	0	-1.000	-1.000
TSV	rtx-pro-6000-blackwell-server-edition	chr1.chain.aet	67975888	rANS	open	0.937	0.969	0.505	1.268	3.678	4.856	69.05	bit-perfect	0.000	0.307	0.086	0.068	0.049	0.592	0.000	0.256	0.033	0.217	4.856	27.9	56.6	0	0.000	0.000	-1	-1.000	-1.000	-1.000	0.000	-1	-1.000	-1.000
TSV	rtx-pro-6000-blackwell-server-edition	t2t.zstd.aet	822393156	zstd	zstd	0.516	17.439	7.686	9.902	35.542	49.759	88.80	bit-perfect	17.445	0.000	0.000	0.000	0.000	0.000	7.698	0.000	0.000	0.000	49.759	27.2	56.9	0	0.000	0.000	-1	-1.000	-1.000	-1.000	0.000	-1	-1.000	-1.000
TSV	rtx-pro-6000-blackwell-server-edition	t2t.rans.aet	822531418	rANS	zstd	0.904	17.508	7.674	9.913	36.000	50.218	87.68	bit-perfect	17.468	0.000	0.000	0.000	0.000	0.000	7.686	0.000	0.000	0.000	50.218	27.9	56.9	0	0.000	0.000	-1	-1.000	-1.000	-1.000	0.000	-1	-1.000	-1.000
TSV	rtx-pro-6000-blackwell-server-edition	t2t.open.aet	853264869	rANS	open	0.920	6.596	9.718	9.901	27.135	41.883	116.32	bit-perfect	0.000	4.512	0.770	0.557	0.571	0.491	0.000	5.290	0.379	4.041	31.063	27.5	56.9	8	54.680	65.501	0	52.374	31.944	16.873	27.695	0	-1.000	-1.000
TSV	rtx-pro-6000-blackwell-server-edition	t2t.chain.aet	887641942	rANS	open	1.662	5.316	7.906	11.779	26.663	42.022	118.38	bit-perfect	0.000	3.368	0.731	0.598	0.473	0.573	0.000	4.282	0.369	3.253	33.236	27.3	56.9	8	0.000	0.000	-1	-1.000	-1.000	-1.000	0.000	-1	-1.000	-1.000
chr1.open (l1) against chr1.chain: on-device 2.826 vs 3.678 ms (-23.2 %), bytes 63083287 vs 67975888 (-7.20 %), bit-perfect
t2t.open (l1) against t2t.chain: on-device 27.135 vs 26.663 ms (+1.8 %), bytes 853264869 vs 887641942 (-3.87 %), bit-perfect
archives on the GPU: bit-perfect 6 of 6 (exit 0: 6); emulators 2/2, fixtures 5/5
RESULT: all passes bit-perfect on NVIDIA RTX PRO 6000 Blackwell Server Edition
