# dense-open v2, ace-core 2026-09-29 (формат не менялся; измерение). components/rans1_seg.c: order-1 rANS
# литералов open-архива, чанк 64 KiB = 32 непрерывных отрезка (q = (n/32)&~3), у каждого своё состояние
# и подпоток (u16 длина в заголовке чанка), контекст сбрасывается на символ 0 в начале отрезка.
# Байты = open-архив - литеральный поток + файл AR2L (как у v1).
profile          open        lit in open  v1 (AR1L)   dense v1    v2 (AR2L)   dense v2    v2/open  v2/v1
default (1 MiB)  66 904 489  53 931 879   50 802 992  63 775 602  50 884 648  63 857 258  -4.55 %  +0.13 %
T4 (16K/64K)     67 975 888  54 496 286   51 443 590  64 923 192  51 526 304  65 005 906  -4.37 %  +0.13 %
# v2 2.1375 бит/байт против v1 2.1341: цена 32 сбросов контекста и 32 x (4 B состояние + 2 B длина) на чанк.
# CPU (1 нить, 32 отрезка в lockstep): энкод 354 MB/s, декод 401 MB/s (v1: 292 / 564).
# round-trip в памяти и файлом c -> d: bit-perfect (оба профиля).
# Регион: 200 случайных диапазонов 16 000 B внутри чанка, 0 расхождений, работа 26.0 % символов чанка (v1 27.5 %).
# Алфавит чанков chr1: K = 9 (2891 чанк), 10 (12), 11 (2), 14 (1) -> таблица slot->symbol 14 x 4096 = 56 KiB (байт),
# 28 KiB (полубайт).
# GPU: k_r2<0> (байтовая таблица) и k_r2<1> (полубайтовая) в aceapex_gpu.cu, --dense2-lit=<AR2L>; sm_75/sm_90
# собираются (nvcc 13, 47/50 регистров, 0 spill). Зеркало lane-логики на CPU (scripts/dense2_lane_emu.cpp):
# 2906/2943 чанка, 0 расхождений, 0 ошибок рамки, обе таблицы, оба профиля. GPU-числа — прогон Colab.
# Blackwell (Colab, RTX PRO 6000 Blackwell Server Edition, 188 SMs, f53ea1d; T4 profile 16K/64K), medians of 3:
#   chr1 open: tok 0.940 + lit 0.964 + unpack 0.506 + match 1.286 = on-device 3.697 ms (lit+unpack 1.470)
#   dense v1 k_r1: lit 3.988 ms (2.7x lit+unpack); dense v2 k_r2 byte table 6.076 ms (57 344 B shared), nibble
#   3.403 ms (28 672 B) -> 2.3x lit+unpack; all bit-perfect (0 differing bytes, 0 framing errors). Target missed.
#   Probable cause: shared per block (sm_120 <= 99 KB/SM) -> 1 (byte) / 3 (nibble) warps per SM, each lane 2048
#   dependent steps with global renorm loads; 2943 chunks -> 16 / 5 waves.
#   T2T open: 25 of 37 712 chunks have K up to 35 > 16 -> aceapex_gpu returned 1 and dropped the whole t2t.open row
#   (defect of f53ea1d; the open profile itself bit-perfect before the dense2 step: on-device 26.729 ms, stream
#   pipeline 33.332). Fixed in dense-open-v2b: K > 16 chunks by binary search (k_r2<3>, second launch), no exit;
#   third variant k_r2<2> without a table (cum row compare, 1 152 B shared -> every chunk resident).
#   Emulator T2T (encoded here, archive 887 641 942 B == pinned): 37 712 chunks, 25 wide, 0 differ, all variants.
