# agc_s4_t16 start 2026-10-07T10:29:35Z loadavg 1.13 1.13 0.95 1/1060 3109267
OPEN	agc_s4_t16	16 handles (prefetching=1)	4.274 s
RUN	agc_s4_t16	0	warmup	14.039565	4 items	11989829249 bytes	sha256 4/4
RUN	agc_s4_t16	1	timed	10.557711	4 items	11989829249 bytes	sha256 4/4
	Command being timed: "/home/aeterna/pubrepo/.wk/avr/agcbench sample /home/aeterna/pubrepo/.wk/m6/N5/agc5.agc y1_HG00438.1,y1_HG00438.2,y1_HG00621.1,y1_HG00621.2 /home/aeterna/pubrepo/.wk/m6/N5/truth.tsv 16 1 1 agc_s4_t16"
	User time (seconds): 63.50
	System time (seconds): 33.33
	Percent of CPU this job got: 196%
	Elapsed (wall clock) time (h:mm:ss or m:ss): 0:49.22
	Average shared text size (kbytes): 0
	Average unshared data size (kbytes): 0
	Average stack size (kbytes): 0
	Average total size (kbytes): 0
	Maximum resident set size (kbytes): 28204716
	Average resident set size (kbytes): 0
	Major (requiring I/O) page faults: 0
	Minor (reclaiming a frame) page faults: 25634744
	Voluntary context switches: 93608
	Involuntary context switches: 398
	Swaps: 0
	File system inputs: 0
	File system outputs: 24
	Socket messages sent: 0
	Socket messages received: 0
	Signals delivered: 0
	Page size (bytes): 4096
	Exit status: 0
# exit 0 end 2026-10-07T10:30:24Z loadavg 1.32 1.19 0.99 1/1058 3109484
