# agc_s4_t1 start 2026-10-07T10:25:40Z loadavg 1.02 1.22 0.91 1/1058 3108286
OPEN	agc_s4_t1	1 handles (prefetching=1)	0.293 s
RUN	agc_s4_t1	0	warmup	32.963000	4 items	11989829249 bytes	sha256 4/4
RUN	agc_s4_t1	1	timed	28.503098	4 items	11989829249 bytes	sha256 4/4
	Command being timed: "taskset -c 3 /home/aeterna/pubrepo/.wk/avr/agcbench sample /home/aeterna/pubrepo/.wk/m6/N5/agc5.agc y1_HG00438.1,y1_HG00438.2,y1_HG00621.1,y1_HG00621.2 /home/aeterna/pubrepo/.wk/m6/N5/truth.tsv 1 1 1 agc_s4_t1"
	User time (seconds): 57.39
	System time (seconds): 24.53
	Percent of CPU this job got: 99%
	Elapsed (wall clock) time (h:mm:ss or m:ss): 1:21.94
	Average shared text size (kbytes): 0
	Average unshared data size (kbytes): 0
	Average stack size (kbytes): 0
	Average total size (kbytes): 0
	Maximum resident set size (kbytes): 15593056
	Average resident set size (kbytes): 0
	Major (requiring I/O) page faults: 0
	Minor (reclaiming a frame) page faults: 21207050
	Voluntary context switches: 9
	Involuntary context switches: 443
	Swaps: 0
	File system inputs: 0
	File system outputs: 16
	Socket messages sent: 0
	Socket messages received: 0
	Signals delivered: 0
	Page size (bytes): 4096
	Exit status: 0
# exit 0 end 2026-10-07T10:27:02Z loadavg 1.00 1.16 0.92 1/1065 3108467
