# agc_reg_t16 start 2026-10-07T10:29:30Z loadavg 1.05 1.12 0.95 1/1066 3109221
OPEN	agc_reg_t16	16 handles (prefetching=1)	4.272 s
RUN	agc_reg_t16	0	warmup	0.064744	100 items	100000000 bytes	sha256 100/100
RUN	agc_reg_t16	1	timed	0.029500	100 items	100000000 bytes	sha256 100/100
	Command being timed: "/home/aeterna/pubrepo/.wk/avr/agcbench req /home/aeterna/pubrepo/.wk/m6/N5/agc5.agc /home/aeterna/pubrepo/.wk/m6/N5/regions_1M.tsv /home/aeterna/pubrepo/.wk/m6/N5/truth.tsv 16 1 1 agc_reg_t16"
	User time (seconds): 0.57
	System time (seconds): 5.04
	Percent of CPU this job got: 109%
	Elapsed (wall clock) time (h:mm:ss or m:ss): 0:05.13
	Average shared text size (kbytes): 0
	Average unshared data size (kbytes): 0
	Average stack size (kbytes): 0
	Average total size (kbytes): 0
	Maximum resident set size (kbytes): 12937252
	Average resident set size (kbytes): 0
	Major (requiring I/O) page faults: 0
	Minor (reclaiming a frame) page faults: 3253380
	Voluntary context switches: 6845
	Involuntary context switches: 20
	Swaps: 0
	File system inputs: 0
	File system outputs: 8
	Socket messages sent: 0
	Socket messages received: 0
	Signals delivered: 0
	Page size (bytes): 4096
	Exit status: 0
# exit 0 end 2026-10-07T10:29:35Z loadavg 1.13 1.13 0.95 1/1060 3109262
