# rr3_q4k_reg_t16 start 2026-10-07T10:27:18Z loadavg 1.07 1.17 0.93 1/1057 3108536
OPEN	rr3_q4k_reg_t16	reference + 5 archives (q4k)	15.108 s
RUN	rr3_q4k_reg_t16	0	warmup	0.012287	100 items	100000000 bytes	sha256 100/100
RUN	rr3_q4k_reg_t16	1	timed	0.015644	100 items	100000000 bytes	sha256 100/100
	Command being timed: "/home/aeterna/pubrepo/.wk/avr/rr3bench req /home/aeterna/golden/genome/t2t.fa /home/aeterna/pubrepo/.wk/hprc_cohort/v1 q4k /home/aeterna/pubrepo/.wk/m6/N5/regions_1M.tsv /home/aeterna/pubrepo/.wk/m6/N5/truth.tsv 16 1 1 rr3_q4k_reg_t16"
	User time (seconds): 12.30
	System time (seconds): 3.27
	Percent of CPU this job got: 100%
	Elapsed (wall clock) time (h:mm:ss or m:ss): 0:15.46
	Average shared text size (kbytes): 0
	Average unshared data size (kbytes): 0
	Average stack size (kbytes): 0
	Average total size (kbytes): 0
	Maximum resident set size (kbytes): 6135548
	Average resident set size (kbytes): 0
	Major (requiring I/O) page faults: 0
	Minor (reclaiming a frame) page faults: 2369924
	Voluntary context switches: 33
	Involuntary context switches: 36
	Swaps: 0
	File system inputs: 0
	File system outputs: 8
	Socket messages sent: 0
	Socket messages received: 0
	Signals delivered: 0
	Page size (bytes): 4096
	Exit status: 0
# exit 0 end 2026-10-07T10:27:33Z loadavg 1.05 1.16 0.93 1/1065 3108606
