# rr3_q16k_win_t16 start 2026-10-07T10:28:14Z loadavg 1.03 1.14 0.93 2/1051 3108812
OPEN	rr3_q16k_win_t16	reference + 5 archives (q16k)	14.931 s
RUN	rr3_q16k_win_t16	0	warmup	0.011277	10000 items	40960000 bytes	sha256 10000/10000
RUN	rr3_q16k_win_t16	1	timed	0.010393	10000 items	40960000 bytes	sha256 10000/10000
	Command being timed: "/home/aeterna/pubrepo/.wk/avr/rr3bench req /home/aeterna/golden/genome/t2t.fa /home/aeterna/pubrepo/.wk/hprc_cohort/v1 q16k /home/aeterna/pubrepo/.wk/m6/N5/windows_4096.tsv /home/aeterna/pubrepo/.wk/m6/N5/truth.tsv 16 1 1 rr3_q16k_win_t16"
	User time (seconds): 12.27
	System time (seconds): 3.25
	Percent of CPU this job got: 102%
	Elapsed (wall clock) time (h:mm:ss or m:ss): 0:15.21
	Average shared text size (kbytes): 0
	Average unshared data size (kbytes): 0
	Average stack size (kbytes): 0
	Average total size (kbytes): 0
	Maximum resident set size (kbytes): 6135400
	Average resident set size (kbytes): 0
	Major (requiring I/O) page faults: 0
	Minor (reclaiming a frame) page faults: 2328277
	Voluntary context switches: 9
	Involuntary context switches: 76
	Swaps: 0
	File system inputs: 0
	File system outputs: 8
	Socket messages sent: 0
	Socket messages received: 0
	Signals delivered: 0
	Page size (bytes): 4096
	Exit status: 0
# exit 0 end 2026-10-07T10:28:29Z loadavg 1.02 1.13 0.94 1/1058 3108878
