# rr3_q4k_s4_t1 start 2026-10-07T10:23:29Z loadavg 0.76 1.32 0.89 1/1056 3107963
OPEN	rr3_q4k_s4_t1	reference + 5 archives (q4k)	14.993 s
RUN	rr3_q4k_s4_t1	0	warmup	8.758477	4 items	11989829249 bytes	sha256 4/4
RUN	rr3_q4k_s4_t1	1	timed	5.234651	4 items	11989829249 bytes	sha256 4/4
	Command being timed: "taskset -c 3 /home/aeterna/pubrepo/.wk/avr/rr3bench sample /home/aeterna/golden/genome/t2t.fa /home/aeterna/pubrepo/.wk/hprc_cohort/v1 q4k y1_HG00438.1,y1_HG00438.2,y1_HG00621.1,y1_HG00621.2 /home/aeterna/pubrepo/.wk/m6/N5/truth.tsv 1 1 1 rr3_q4k_s4_t1"
	User time (seconds): 35.92
	System time (seconds): 13.12
	Percent of CPU this job got: 99%
	Elapsed (wall clock) time (h:mm:ss or m:ss): 0:49.05
	Average shared text size (kbytes): 0
	Average unshared data size (kbytes): 0
	Average stack size (kbytes): 0
	Average total size (kbytes): 0
	Maximum resident set size (kbytes): 17921196
	Average resident set size (kbytes): 0
	Major (requiring I/O) page faults: 0
	Minor (reclaiming a frame) page faults: 11127399
	Voluntary context switches: 9
	Involuntary context switches: 196
	Swaps: 0
	File system inputs: 0
	File system outputs: 24
	Socket messages sent: 0
	Socket messages received: 0
	Signals delivered: 0
	Page size (bytes): 4096
	Exit status: 0
# exit 0 end 2026-10-07T10:24:18Z loadavg 0.90 1.27 0.90 1/1057 3108074
