# rr3_q4k_win_t16 start 2026-10-07T10:27:02Z loadavg 1.00 1.16 0.92 1/1065 3108472
OPEN	rr3_q4k_win_t16	reference + 5 archives (q4k)	15.167 s
RUN	rr3_q4k_win_t16	0	warmup	0.006916	10000 items	40960000 bytes	sha256 10000/10000
RUN	rr3_q4k_win_t16	1	timed	0.005403	10000 items	40960000 bytes	sha256 10000/10000
	Command being timed: "/home/aeterna/pubrepo/.wk/avr/rr3bench req /home/aeterna/golden/genome/t2t.fa /home/aeterna/pubrepo/.wk/hprc_cohort/v1 q4k /home/aeterna/pubrepo/.wk/m6/N5/windows_4096.tsv /home/aeterna/pubrepo/.wk/m6/N5/truth.tsv 16 1 1 rr3_q4k_win_t16"
	User time (seconds): 12.22
	System time (seconds): 3.40
	Percent of CPU this job got: 101%
	Elapsed (wall clock) time (h:mm:ss or m:ss): 0:15.45
	Average shared text size (kbytes): 0
	Average unshared data size (kbytes): 0
	Average stack size (kbytes): 0
	Average total size (kbytes): 0
	Maximum resident set size (kbytes): 6135416
	Average resident set size (kbytes): 0
	Major (requiring I/O) page faults: 0
	Minor (reclaiming a frame) page faults: 2355822
	Voluntary context switches: 63
	Involuntary context switches: 40
	Swaps: 0
	File system inputs: 0
	File system outputs: 8
	Socket messages sent: 0
	Socket messages received: 0
	Signals delivered: 0
	Page size (bytes): 4096
	Exit status: 0
# exit 0 end 2026-10-07T10:27:18Z loadavg 1.07 1.17 0.93 1/1057 3108531
