# rr3_q4k_win_t1 start 2026-10-07T10:22:59Z loadavg 0.47 1.34 0.88 1/1060 3107886
OPEN	rr3_q4k_win_t1	reference + 5 archives (q4k)	14.973 s
RUN	rr3_q4k_win_t1	0	warmup	0.045609	10000 items	40960000 bytes	sha256 10000/10000
RUN	rr3_q4k_win_t1	1	timed	0.043528	10000 items	40960000 bytes	sha256 10000/10000
	Command being timed: "taskset -c 3 /home/aeterna/pubrepo/.wk/avr/rr3bench req /home/aeterna/golden/genome/t2t.fa /home/aeterna/pubrepo/.wk/hprc_cohort/v1 q4k /home/aeterna/pubrepo/.wk/m6/N5/windows_4096.tsv /home/aeterna/pubrepo/.wk/m6/N5/truth.tsv 1 1 1 rr3_q4k_win_t1"
	User time (seconds): 12.03
	System time (seconds): 3.29
	Percent of CPU this job got: 99%
	Elapsed (wall clock) time (h:mm:ss or m:ss): 0:15.33
	Average shared text size (kbytes): 0
	Average unshared data size (kbytes): 0
	Average stack size (kbytes): 0
	Average total size (kbytes): 0
	Maximum resident set size (kbytes): 6135368
	Average resident set size (kbytes): 0
	Major (requiring I/O) page faults: 5
	Minor (reclaiming a frame) page faults: 2355454
	Voluntary context switches: 8
	Involuntary context switches: 58
	Swaps: 0
	File system inputs: 696
	File system outputs: 8
	Socket messages sent: 0
	Socket messages received: 0
	Signals delivered: 0
	Page size (bytes): 4096
	Exit status: 0
# exit 0 end 2026-10-07T10:23:14Z loadavg 0.59 1.32 0.88 1/1052 3107918
