# rr3_q16k_s4_t1 start 2026-10-07T10:24:49Z loadavg 0.94 1.24 0.90 1/1057 3108155
OPEN	rr3_q16k_s4_t1	reference + 5 archives (q16k)	14.935 s
RUN	rr3_q16k_s4_t1	0	warmup	8.606986	4 items	11989829249 bytes	sha256 4/4
RUN	rr3_q16k_s4_t1	1	timed	5.072205	4 items	11989829249 bytes	sha256 4/4
	Command being timed: "taskset -c 3 /home/aeterna/pubrepo/.wk/avr/rr3bench sample /home/aeterna/golden/genome/t2t.fa /home/aeterna/pubrepo/.wk/hprc_cohort/v1 q16k y1_HG00438.1,y1_HG00438.2,y1_HG00621.1,y1_HG00621.2 /home/aeterna/pubrepo/.wk/m6/N5/truth.tsv 1 1 1 rr3_q16k_s4_t1"
	User time (seconds): 35.59
	System time (seconds): 13.11
	Percent of CPU this job got: 99%
	Elapsed (wall clock) time (h:mm:ss or m:ss): 0:48.71
	Average shared text size (kbytes): 0
	Average unshared data size (kbytes): 0
	Average stack size (kbytes): 0
	Average total size (kbytes): 0
	Maximum resident set size (kbytes): 17818096
	Average resident set size (kbytes): 0
	Major (requiring I/O) page faults: 0
	Minor (reclaiming a frame) page faults: 11099132
	Voluntary context switches: 9
	Involuntary context switches: 224
	Swaps: 0
	File system inputs: 0
	File system outputs: 24
	Socket messages sent: 0
	Socket messages received: 0
	Signals delivered: 0
	Page size (bytes): 4096
	Exit status: 0
# exit 0 end 2026-10-07T10:25:38Z loadavg 1.02 1.22 0.91 1/1059 3108257
