# rr3_q16k_win_t1 start 2026-10-07T10:24:18Z loadavg 0.90 1.27 0.90 2/1057 3108079
OPEN	rr3_q16k_win_t1	reference + 5 archives (q16k)	14.935 s
RUN	rr3_q16k_win_t1	0	warmup	0.097070	10000 items	40960000 bytes	sha256 10000/10000
RUN	rr3_q16k_win_t1	1	timed	0.094731	10000 items	40960000 bytes	sha256 10000/10000
	Command being timed: "taskset -c 3 /home/aeterna/pubrepo/.wk/avr/rr3bench req /home/aeterna/golden/genome/t2t.fa /home/aeterna/pubrepo/.wk/hprc_cohort/v1 q16k /home/aeterna/pubrepo/.wk/m6/N5/windows_4096.tsv /home/aeterna/pubrepo/.wk/m6/N5/truth.tsv 1 1 1 rr3_q16k_win_t1"
	User time (seconds): 12.21
	System time (seconds): 3.16
	Percent of CPU this job got: 99%
	Elapsed (wall clock) time (h:mm:ss or m:ss): 0:15.38
	Average shared text size (kbytes): 0
	Average unshared data size (kbytes): 0
	Average stack size (kbytes): 0
	Average total size (kbytes): 0
	Maximum resident set size (kbytes): 6135428
	Average resident set size (kbytes): 0
	Major (requiring I/O) page faults: 0
	Minor (reclaiming a frame) page faults: 2327834
	Voluntary context switches: 3
	Involuntary context switches: 66
	Swaps: 0
	File system inputs: 0
	File system outputs: 8
	Socket messages sent: 0
	Socket messages received: 0
	Signals delivered: 0
	Page size (bytes): 4096
	Exit status: 0
# exit 0 end 2026-10-07T10:24:34Z loadavg 0.92 1.25 0.90 1/1065 3108113
