# rr3_q16k_reg_t16 start 2026-10-07T10:28:29Z loadavg 1.02 1.13 0.94 1/1058 3108883
OPEN	rr3_q16k_reg_t16	reference + 5 archives (q16k)	14.938 s
RUN	rr3_q16k_reg_t16	0	warmup	0.016037	100 items	100000000 bytes	sha256 100/100
RUN	rr3_q16k_reg_t16	1	timed	0.013172	100 items	100000000 bytes	sha256 100/100
	Command being timed: "/home/aeterna/pubrepo/.wk/avr/rr3bench req /home/aeterna/golden/genome/t2t.fa /home/aeterna/pubrepo/.wk/hprc_cohort/v1 q16k /home/aeterna/pubrepo/.wk/m6/N5/regions_1M.tsv /home/aeterna/pubrepo/.wk/m6/N5/truth.tsv 16 1 1 rr3_q16k_reg_t16"
	User time (seconds): 12.09
	System time (seconds): 3.32
	Percent of CPU this job got: 100%
	Elapsed (wall clock) time (h:mm:ss or m:ss): 0:15.29
	Average shared text size (kbytes): 0
	Average unshared data size (kbytes): 0
	Average stack size (kbytes): 0
	Average total size (kbytes): 0
	Maximum resident set size (kbytes): 6135380
	Average resident set size (kbytes): 0
	Major (requiring I/O) page faults: 0
	Minor (reclaiming a frame) page faults: 2342640
	Voluntary context switches: 37
	Involuntary context switches: 33
	Swaps: 0
	File system inputs: 0
	File system outputs: 8
	Socket messages sent: 0
	Socket messages received: 0
	Signals delivered: 0
	Page size (bytes): 4096
	Exit status: 0
# exit 0 end 2026-10-07T10:28:44Z loadavg 1.02 1.12 0.94 1/1050 3108941
