# rr3_q4k_s4_t16 start 2026-10-07T10:27:33Z loadavg 1.05 1.16 0.93 1/1065 3108611
OPEN	rr3_q4k_s4_t16	reference + 5 archives (q4k)	15.056 s
RUN	rr3_q4k_s4_t16	0	warmup	4.462457	4 items	11989829249 bytes	sha256 4/4
RUN	rr3_q4k_s4_t16	1	timed	0.931915	4 items	11989829249 bytes	sha256 4/4
	Command being timed: "/home/aeterna/pubrepo/.wk/avr/rr3bench sample /home/aeterna/golden/genome/t2t.fa /home/aeterna/pubrepo/.wk/hprc_cohort/v1 q4k y1_HG00438.1,y1_HG00438.2,y1_HG00621.1,y1_HG00621.2 /home/aeterna/pubrepo/.wk/m6/N5/truth.tsv 16 1 1 rr3_q4k_s4_t16"
	User time (seconds): 55.04
	System time (seconds): 13.27
	Percent of CPU this job got: 168%
	Elapsed (wall clock) time (h:mm:ss or m:ss): 0:40.54
	Average shared text size (kbytes): 0
	Average unshared data size (kbytes): 0
	Average stack size (kbytes): 0
	Average total size (kbytes): 0
	Maximum resident set size (kbytes): 17921148
	Average resident set size (kbytes): 0
	Major (requiring I/O) page faults: 0
	Minor (reclaiming a frame) page faults: 11127511
	Voluntary context switches: 72
	Involuntary context switches: 1223
	Swaps: 0
	File system inputs: 0
	File system outputs: 24
	Socket messages sent: 0
	Socket messages received: 0
	Signals delivered: 0
	Page size (bytes): 4096
	Exit status: 0
# exit 0 end 2026-10-07T10:28:14Z loadavg 1.03 1.14 0.93 2/1051 3108807
