# agc_reg_t16 start 2026-10-07T19:14:26Z loadavg 14.85 15.74 12.27 1/1070 3273677
OPEN	agc_reg_t16	16 handles (prefetching=1)	19.095 s
RUN	agc_reg_t16	0	warmup	1.160874	100 items	100000000 bytes	sha256 100/100
RUN	agc_reg_t16	1	warmup	1.006101	100 items	100000000 bytes	sha256 100/100
RUN	agc_reg_t16	2	warmup	1.052828	100 items	100000000 bytes	sha256 100/100
RUN	agc_reg_t16	3	timed	1.138309	100 items	100000000 bytes	sha256 100/100
RUN	agc_reg_t16	4	timed	1.108090	100 items	100000000 bytes	sha256 100/100
RUN	agc_reg_t16	5	timed	1.085478	100 items	100000000 bytes	sha256 100/100
RUN	agc_reg_t16	6	timed	1.052576	100 items	100000000 bytes	sha256 100/100
RUN	agc_reg_t16	7	timed	1.131341	100 items	100000000 bytes	sha256 100/100
RUN	agc_reg_t16	8	timed	1.089756	100 items	100000000 bytes	sha256 100/100
RUN	agc_reg_t16	9	timed	1.099765	100 items	100000000 bytes	sha256 100/100
RUN	agc_reg_t16	10	timed	1.087510	100 items	100000000 bytes	sha256 100/100
RUN	agc_reg_t16	11	timed	1.062666	100 items	100000000 bytes	sha256 100/100
	Command being timed: "/home/aeterna/pubrepo/.wk/avr/agcbench req /home/aeterna/pubrepo/.wk/agc558/agc558.agc /home/aeterna/pubrepo/.wk/m6/N558/regions_1M.tsv /home/aeterna/pubrepo/.wk/m6/N558/truth.tsv 16 3 9 agc_reg_t16"
	User time (seconds): 58.63
	System time (seconds): 33.94
	Percent of CPU this job got: 262%
	Elapsed (wall clock) time (h:mm:ss or m:ss): 0:35.29
	Average shared text size (kbytes): 0
	Average unshared data size (kbytes): 0
	Average stack size (kbytes): 0
	Average total size (kbytes): 0
	Maximum resident set size (kbytes): 60110824
	Average resident set size (kbytes): 0
	Major (requiring I/O) page faults: 1
	Minor (reclaiming a frame) page faults: 21406297
	Voluntary context switches: 95679
	Involuntary context switches: 251
	Swaps: 0
	File system inputs: 88048
	File system outputs: 32
	Socket messages sent: 0
	Socket messages received: 0
	Signals delivered: 0
	Page size (bytes): 4096
	Exit status: 0
# exit 0 end 2026-10-07T19:15:02Z loadavg 9.81 14.37 11.94 1/1071 3273919
