# agc_s4_t16 start 2026-10-07T19:15:02Z loadavg 9.81 14.37 11.94 1/1071 3273924
OPEN	agc_s4_t16	16 handles (prefetching=1)	19.003 s
RUN	agc_s4_t16	0	warmup	16.133801	4 items	11989829249 bytes	sha256 4/4
RUN	agc_s4_t16	1	warmup	11.036920	4 items	11989829249 bytes	sha256 4/4
RUN	agc_s4_t16	2	warmup	11.123166	4 items	11989829249 bytes	sha256 4/4
RUN	agc_s4_t16	3	timed	10.957259	4 items	11989829249 bytes	sha256 4/4
RUN	agc_s4_t16	4	timed	11.098725	4 items	11989829249 bytes	sha256 4/4
RUN	agc_s4_t16	5	timed	11.093292	4 items	11989829249 bytes	sha256 4/4
RUN	agc_s4_t16	6	timed	11.124973	4 items	11989829249 bytes	sha256 4/4
RUN	agc_s4_t16	7	timed	11.067502	4 items	11989829249 bytes	sha256 4/4
RUN	agc_s4_t16	8	timed	11.209933	4 items	11989829249 bytes	sha256 4/4
RUN	agc_s4_t16	9	timed	11.029517	4 items	11989829249 bytes	sha256 4/4
RUN	agc_s4_t16	10	timed	11.030325	4 items	11989829249 bytes	sha256 4/4
RUN	agc_s4_t16	11	timed	11.141662	4 items	11989829249 bytes	sha256 4/4
	Command being timed: "/home/aeterna/pubrepo/.wk/avr/agcbench sample /home/aeterna/pubrepo/.wk/agc558/agc558.agc y1_HG00438.1,y1_HG00438.2,y1_HG00621.1,y1_HG00621.2 /home/aeterna/pubrepo/.wk/m6/N558/truth.tsv 16 3 9 agc_s4_t16"
	User time (seconds): 410.68
	System time (seconds): 177.16
	Percent of CPU this job got: 212%
	Elapsed (wall clock) time (h:mm:ss or m:ss): 4:36.18
	Average shared text size (kbytes): 0
	Average unshared data size (kbytes): 0
	Average stack size (kbytes): 0
	Average total size (kbytes): 0
	Maximum resident set size (kbytes): 74825820
	Average resident set size (kbytes): 0
	Major (requiring I/O) page faults: 0
	Minor (reclaiming a frame) page faults: 133471078
	Voluntary context switches: 465947
	Involuntary context switches: 2415
	Swaps: 0
	File system inputs: 0
	File system outputs: 104
	Socket messages sent: 0
	Socket messages received: 0
	Signals delivered: 0
	Page size (bytes): 4096
	Exit status: 0
# exit 0 end 2026-10-07T19:19:38Z loadavg 2.05 7.00 9.42 1/1061 3275089
