# rr3_q4k_win_t16 start 2026-10-07T18:46:48Z loadavg 1.05 1.05 1.00 1/1082 3267852
OPEN	rr3_q4k_win_t16	reference + 558 archives (q4k)	25.775 s
RUN	rr3_q4k_win_t16	0	warmup	0.008760	10000 items	40960000 bytes	sha256 10000/10000
RUN	rr3_q4k_win_t16	1	warmup	0.007738	10000 items	40960000 bytes	sha256 10000/10000
RUN	rr3_q4k_win_t16	2	warmup	0.007614	10000 items	40960000 bytes	sha256 10000/10000
RUN	rr3_q4k_win_t16	3	timed	0.007898	10000 items	40960000 bytes	sha256 10000/10000
RUN	rr3_q4k_win_t16	4	timed	0.007640	10000 items	40960000 bytes	sha256 10000/10000
RUN	rr3_q4k_win_t16	5	timed	0.007697	10000 items	40960000 bytes	sha256 10000/10000
RUN	rr3_q4k_win_t16	6	timed	0.007652	10000 items	40960000 bytes	sha256 10000/10000
RUN	rr3_q4k_win_t16	7	timed	0.007833	10000 items	40960000 bytes	sha256 10000/10000
RUN	rr3_q4k_win_t16	8	timed	0.007553	10000 items	40960000 bytes	sha256 10000/10000
RUN	rr3_q4k_win_t16	9	timed	0.007554	10000 items	40960000 bytes	sha256 10000/10000
RUN	rr3_q4k_win_t16	10	timed	0.007758	10000 items	40960000 bytes	sha256 10000/10000
RUN	rr3_q4k_win_t16	11	timed	0.007632	10000 items	40960000 bytes	sha256 10000/10000
	Command being timed: "/home/aeterna/pubrepo/.wk/avr/rr3bench req /home/aeterna/golden/genome/t2t.fa /home/aeterna/pubrepo/.wk/hprc_cohort/v1 q4k /home/aeterna/pubrepo/.wk/m6/N558/windows_4096.tsv /home/aeterna/pubrepo/.wk/m6/N558/truth.tsv 16 3 9 rr3_q4k_win_t16"
	User time (seconds): 18.15
	System time (seconds): 10.49
	Percent of CPU this job got: 104%
	Elapsed (wall clock) time (h:mm:ss or m:ss): 0:27.31
	Average shared text size (kbytes): 0
	Average unshared data size (kbytes): 0
	Average stack size (kbytes): 0
	Average total size (kbytes): 0
	Maximum resident set size (kbytes): 24935304
	Average resident set size (kbytes): 0
	Major (requiring I/O) page faults: 0
	Minor (reclaiming a frame) page faults: 7782772
	Voluntary context switches: 86
	Involuntary context switches: 205
	Swaps: 0
	File system inputs: 0
	File system outputs: 8
	Socket messages sent: 0
	Socket messages received: 0
	Signals delivered: 0
	Page size (bytes): 4096
	Exit status: 0
# exit 0 end 2026-10-07T18:47:15Z loadavg 1.11 1.06 1.01 1/1070 3268090
