# rr3_q4k_reg_t16 start 2026-10-07T18:47:15Z loadavg 1.11 1.06 1.01 1/1070 3268095
OPEN	rr3_q4k_reg_t16	reference + 558 archives (q4k)	25.833 s
RUN	rr3_q4k_reg_t16	0	warmup	0.011549	100 items	100000000 bytes	sha256 100/100
RUN	rr3_q4k_reg_t16	1	warmup	0.011003	100 items	100000000 bytes	sha256 100/100
RUN	rr3_q4k_reg_t16	2	warmup	0.010824	100 items	100000000 bytes	sha256 100/100
RUN	rr3_q4k_reg_t16	3	timed	0.010168	100 items	100000000 bytes	sha256 100/100
RUN	rr3_q4k_reg_t16	4	timed	0.010755	100 items	100000000 bytes	sha256 100/100
RUN	rr3_q4k_reg_t16	5	timed	0.010855	100 items	100000000 bytes	sha256 100/100
RUN	rr3_q4k_reg_t16	6	timed	0.010732	100 items	100000000 bytes	sha256 100/100
RUN	rr3_q4k_reg_t16	7	timed	0.010003	100 items	100000000 bytes	sha256 100/100
RUN	rr3_q4k_reg_t16	8	timed	0.010769	100 items	100000000 bytes	sha256 100/100
RUN	rr3_q4k_reg_t16	9	timed	0.010874	100 items	100000000 bytes	sha256 100/100
RUN	rr3_q4k_reg_t16	10	timed	0.010851	100 items	100000000 bytes	sha256 100/100
RUN	rr3_q4k_reg_t16	11	timed	0.009990	100 items	100000000 bytes	sha256 100/100
	Command being timed: "/home/aeterna/pubrepo/.wk/avr/rr3bench req /home/aeterna/golden/genome/t2t.fa /home/aeterna/pubrepo/.wk/hprc_cohort/v1 q4k /home/aeterna/pubrepo/.wk/m6/N558/regions_1M.tsv /home/aeterna/pubrepo/.wk/m6/N558/truth.tsv 16 3 9 rr3_q4k_reg_t16"
	User time (seconds): 17.79
	System time (seconds): 10.52
	Percent of CPU this job got: 102%
	Elapsed (wall clock) time (h:mm:ss or m:ss): 0:27.68
	Average shared text size (kbytes): 0
	Average unshared data size (kbytes): 0
	Average stack size (kbytes): 0
	Average total size (kbytes): 0
	Maximum resident set size (kbytes): 25002028
	Average resident set size (kbytes): 0
	Major (requiring I/O) page faults: 0
	Minor (reclaiming a frame) page faults: 7799458
	Voluntary context switches: 88
	Involuntary context switches: 84
	Swaps: 0
	File system inputs: 0
	File system outputs: 8
	Socket messages sent: 0
	Socket messages received: 0
	Signals delivered: 0
	Page size (bytes): 4096
	Exit status: 0
# exit 0 end 2026-10-07T18:47:43Z loadavg 1.06 1.05 1.00 1/1076 3268347
