# rr3_q16k_s4_t16 start 2026-10-07T18:51:00Z loadavg 1.76 1.58 1.22 1/1073 3269877
OPEN	rr3_q16k_s4_t16	reference + 558 archives (q16k)	19.584 s
RUN	rr3_q16k_s4_t16	0	warmup	4.291897	4 items	11989829249 bytes	sha256 4/4
RUN	rr3_q16k_s4_t16	1	warmup	0.928467	4 items	11989829249 bytes	sha256 4/4
RUN	rr3_q16k_s4_t16	2	warmup	0.928366	4 items	11989829249 bytes	sha256 4/4
RUN	rr3_q16k_s4_t16	3	timed	0.928546	4 items	11989829249 bytes	sha256 4/4
RUN	rr3_q16k_s4_t16	4	timed	0.928130	4 items	11989829249 bytes	sha256 4/4
RUN	rr3_q16k_s4_t16	5	timed	0.928460	4 items	11989829249 bytes	sha256 4/4
RUN	rr3_q16k_s4_t16	6	timed	0.928978	4 items	11989829249 bytes	sha256 4/4
RUN	rr3_q16k_s4_t16	7	timed	0.928853	4 items	11989829249 bytes	sha256 4/4
RUN	rr3_q16k_s4_t16	8	timed	0.929080	4 items	11989829249 bytes	sha256 4/4
RUN	rr3_q16k_s4_t16	9	timed	0.929040	4 items	11989829249 bytes	sha256 4/4
RUN	rr3_q16k_s4_t16	10	timed	0.928529	4 items	11989829249 bytes	sha256 4/4
RUN	rr3_q16k_s4_t16	11	timed	0.928621	4 items	11989829249 bytes	sha256 4/4
	Command being timed: "/home/aeterna/pubrepo/.wk/avr/rr3bench sample /home/aeterna/golden/genome/t2t.fa /home/aeterna/pubrepo/.wk/hprc_cohort/v1 q16k y1_HG00438.1,y1_HG00438.2,y1_HG00621.1,y1_HG00621.2 /home/aeterna/pubrepo/.wk/m6/N558/truth.tsv 16 3 9 rr3_q16k_s4_t16"
	User time (seconds): 268.27
	System time (seconds): 47.58
	Percent of CPU this job got: 210%
	Elapsed (wall clock) time (h:mm:ss or m:ss): 2:29.95
	Average shared text size (kbytes): 0
	Average unshared data size (kbytes): 0
	Average stack size (kbytes): 0
	Average total size (kbytes): 0
	Maximum resident set size (kbytes): 28248740
	Average resident set size (kbytes): 0
	Major (requiring I/O) page faults: 0
	Minor (reclaiming a frame) page faults: 42980106
	Voluntary context switches: 217
	Involuntary context switches: 7142
	Swaps: 0
	File system inputs: 0
	File system outputs: 104
	Socket messages sent: 0
	Socket messages received: 0
	Signals delivered: 0
	Page size (bytes): 4096
	Exit status: 0
# exit 0 end 2026-10-07T18:53:30Z loadavg 1.68 1.75 1.34 1/1072 3270907
