# rr3_q16k_win_t16 start 2026-10-07T18:50:18Z loadavg 2.61 1.67 1.23 1/1081 3269400
OPEN	rr3_q16k_win_t16	reference + 558 archives (q16k)	19.641 s
RUN	rr3_q16k_win_t16	0	warmup	0.015073	10000 items	40960000 bytes	sha256 10000/10000
RUN	rr3_q16k_win_t16	1	warmup	0.014031	10000 items	40960000 bytes	sha256 10000/10000
RUN	rr3_q16k_win_t16	2	warmup	0.014179	10000 items	40960000 bytes	sha256 10000/10000
RUN	rr3_q16k_win_t16	3	timed	0.013916	10000 items	40960000 bytes	sha256 10000/10000
RUN	rr3_q16k_win_t16	4	timed	0.013872	10000 items	40960000 bytes	sha256 10000/10000
RUN	rr3_q16k_win_t16	5	timed	0.013932	10000 items	40960000 bytes	sha256 10000/10000
RUN	rr3_q16k_win_t16	6	timed	0.013874	10000 items	40960000 bytes	sha256 10000/10000
RUN	rr3_q16k_win_t16	7	timed	0.013857	10000 items	40960000 bytes	sha256 10000/10000
RUN	rr3_q16k_win_t16	8	timed	0.013948	10000 items	40960000 bytes	sha256 10000/10000
RUN	rr3_q16k_win_t16	9	timed	0.013984	10000 items	40960000 bytes	sha256 10000/10000
RUN	rr3_q16k_win_t16	10	timed	0.014028	10000 items	40960000 bytes	sha256 10000/10000
RUN	rr3_q16k_win_t16	11	timed	0.013955	10000 items	40960000 bytes	sha256 10000/10000
	Command being timed: "/home/aeterna/pubrepo/.wk/avr/rr3bench req /home/aeterna/golden/genome/t2t.fa /home/aeterna/pubrepo/.wk/hprc_cohort/v1 q16k /home/aeterna/pubrepo/.wk/m6/N558/windows_4096.tsv /home/aeterna/pubrepo/.wk/m6/N558/truth.tsv 16 3 9 rr3_q16k_win_t16"
	User time (seconds): 16.15
	System time (seconds): 7.05
	Percent of CPU this job got: 111%
	Elapsed (wall clock) time (h:mm:ss or m:ss): 0:20.78
	Average shared text size (kbytes): 0
	Average unshared data size (kbytes): 0
	Average stack size (kbytes): 0
	Average total size (kbytes): 0
	Maximum resident set size (kbytes): 13589660
	Average resident set size (kbytes): 0
	Major (requiring I/O) page faults: 0
	Minor (reclaiming a frame) page faults: 4929128
	Voluntary context switches: 69
	Involuntary context switches: 137
	Swaps: 0
	File system inputs: 0
	File system outputs: 8
	Socket messages sent: 0
	Socket messages received: 0
	Signals delivered: 0
	Page size (bytes): 4096
	Exit status: 0
# exit 0 end 2026-10-07T18:50:39Z loadavg 2.15 1.63 1.23 1/1066 3269630
