# rr3_q4k_win_t1 start 2026-10-07T17:13:52Z loadavg 0.46 1.25 1.64 1/1070 3256418
OPEN	rr3_q4k_win_t1	reference + 558 archives (q4k)	25.782 s
RUN	rr3_q4k_win_t1	0	warmup	0.080569	10000 items	40960000 bytes	sha256 10000/10000
RUN	rr3_q4k_win_t1	1	warmup	0.074954	10000 items	40960000 bytes	sha256 10000/10000
RUN	rr3_q4k_win_t1	2	warmup	0.069380	10000 items	40960000 bytes	sha256 10000/10000
RUN	rr3_q4k_win_t1	3	timed	0.067478	10000 items	40960000 bytes	sha256 10000/10000
RUN	rr3_q4k_win_t1	4	timed	0.066776	10000 items	40960000 bytes	sha256 10000/10000
RUN	rr3_q4k_win_t1	5	timed	0.070150	10000 items	40960000 bytes	sha256 10000/10000
RUN	rr3_q4k_win_t1	6	timed	0.069049	10000 items	40960000 bytes	sha256 10000/10000
RUN	rr3_q4k_win_t1	7	timed	0.068860	10000 items	40960000 bytes	sha256 10000/10000
RUN	rr3_q4k_win_t1	8	timed	0.069211	10000 items	40960000 bytes	sha256 10000/10000
RUN	rr3_q4k_win_t1	9	timed	0.069492	10000 items	40960000 bytes	sha256 10000/10000
RUN	rr3_q4k_win_t1	10	timed	0.068586	10000 items	40960000 bytes	sha256 10000/10000
RUN	rr3_q4k_win_t1	11	timed	0.068348	10000 items	40960000 bytes	sha256 10000/10000
	Command being timed: "taskset -c 3 /home/aeterna/pubrepo/.wk/avr/rr3bench req /home/aeterna/golden/genome/t2t.fa /home/aeterna/pubrepo/.wk/hprc_cohort/v1 q4k /home/aeterna/pubrepo/.wk/m6/N558/windows_4096.tsv /home/aeterna/pubrepo/.wk/m6/N558/truth.tsv 1 3 9 rr3_q4k_win_t1"
	User time (seconds): 17.42
	System time (seconds): 10.64
	Percent of CPU this job got: 99%
	Elapsed (wall clock) time (h:mm:ss or m:ss): 0:28.07
	Average shared text size (kbytes): 0
	Average unshared data size (kbytes): 0
	Average stack size (kbytes): 0
	Average total size (kbytes): 0
	Maximum resident set size (kbytes): 24932584
	Average resident set size (kbytes): 0
	Major (requiring I/O) page faults: 0
	Minor (reclaiming a frame) page faults: 7782166
	Voluntary context switches: 13
	Involuntary context switches: 141
	Swaps: 0
	File system inputs: 0
	File system outputs: 8
	Socket messages sent: 0
	Socket messages received: 0
	Signals delivered: 0
	Page size (bytes): 4096
	Exit status: 0
# exit 0 end 2026-10-07T17:14:20Z loadavg 0.65 1.23 1.62 1/1060 3256475
