# rr3_q4k_s4_t16 start 2026-10-07T18:47:43Z loadavg 1.06 1.05 1.00 1/1076 3268352
OPEN	rr3_q4k_s4_t16	reference + 558 archives (q4k)	25.855 s
RUN	rr3_q4k_s4_t16	0	warmup	4.208312	4 items	11989829249 bytes	sha256 4/4
RUN	rr3_q4k_s4_t16	1	warmup	0.930776	4 items	11989829249 bytes	sha256 4/4
RUN	rr3_q4k_s4_t16	2	warmup	0.930735	4 items	11989829249 bytes	sha256 4/4
RUN	rr3_q4k_s4_t16	3	timed	0.930858	4 items	11989829249 bytes	sha256 4/4
RUN	rr3_q4k_s4_t16	4	timed	0.931091	4 items	11989829249 bytes	sha256 4/4
RUN	rr3_q4k_s4_t16	5	timed	0.930918	4 items	11989829249 bytes	sha256 4/4
RUN	rr3_q4k_s4_t16	6	timed	0.930899	4 items	11989829249 bytes	sha256 4/4
RUN	rr3_q4k_s4_t16	7	timed	0.930726	4 items	11989829249 bytes	sha256 4/4
RUN	rr3_q4k_s4_t16	8	timed	0.930086	4 items	11989829249 bytes	sha256 4/4
RUN	rr3_q4k_s4_t16	9	timed	0.929953	4 items	11989829249 bytes	sha256 4/4
RUN	rr3_q4k_s4_t16	10	timed	0.931079	4 items	11989829249 bytes	sha256 4/4
RUN	rr3_q4k_s4_t16	11	timed	0.931258	4 items	11989829249 bytes	sha256 4/4
	Command being timed: "/home/aeterna/pubrepo/.wk/avr/rr3bench sample /home/aeterna/golden/genome/t2t.fa /home/aeterna/pubrepo/.wk/hprc_cohort/v1 q4k y1_HG00438.1,y1_HG00438.2,y1_HG00621.1,y1_HG00621.2 /home/aeterna/pubrepo/.wk/m6/N558/truth.tsv 16 3 9 rr3_q4k_s4_t16"
	User time (seconds): 271.47
	System time (seconds): 50.67
	Percent of CPU this job got: 206%
	Elapsed (wall clock) time (h:mm:ss or m:ss): 2:35.75
	Average shared text size (kbytes): 0
	Average unshared data size (kbytes): 0
	Average stack size (kbytes): 0
	Average total size (kbytes): 0
	Maximum resident set size (kbytes): 39585336
	Average resident set size (kbytes): 0
	Major (requiring I/O) page faults: 13
	Minor (reclaiming a frame) page faults: 45831592
	Voluntary context switches: 226
	Involuntary context switches: 7057
	Swaps: 0
	File system inputs: 0
	File system outputs: 104
	Socket messages sent: 0
	Socket messages received: 0
	Signals delivered: 0
	Page size (bytes): 4096
	Exit status: 0
# exit 0 end 2026-10-07T18:50:18Z loadavg 2.61 1.67 1.23 1/1081 3269395
