# rr3_q16k_reg_t16 start 2026-10-07T18:50:39Z loadavg 2.15 1.63 1.23 1/1066 3269635
OPEN	rr3_q16k_reg_t16	reference + 558 archives (q16k)	19.667 s
RUN	rr3_q16k_reg_t16	0	warmup	0.011347	100 items	100000000 bytes	sha256 100/100
RUN	rr3_q16k_reg_t16	1	warmup	0.009973	100 items	100000000 bytes	sha256 100/100
RUN	rr3_q16k_reg_t16	2	warmup	0.010232	100 items	100000000 bytes	sha256 100/100
RUN	rr3_q16k_reg_t16	3	timed	0.010380	100 items	100000000 bytes	sha256 100/100
RUN	rr3_q16k_reg_t16	4	timed	0.010038	100 items	100000000 bytes	sha256 100/100
RUN	rr3_q16k_reg_t16	5	timed	0.009998	100 items	100000000 bytes	sha256 100/100
RUN	rr3_q16k_reg_t16	6	timed	0.009971	100 items	100000000 bytes	sha256 100/100
RUN	rr3_q16k_reg_t16	7	timed	0.010431	100 items	100000000 bytes	sha256 100/100
RUN	rr3_q16k_reg_t16	8	timed	0.010331	100 items	100000000 bytes	sha256 100/100
RUN	rr3_q16k_reg_t16	9	timed	0.010603	100 items	100000000 bytes	sha256 100/100
RUN	rr3_q16k_reg_t16	10	timed	0.010465	100 items	100000000 bytes	sha256 100/100
RUN	rr3_q16k_reg_t16	11	timed	0.009948	100 items	100000000 bytes	sha256 100/100
	Command being timed: "/home/aeterna/pubrepo/.wk/avr/rr3bench req /home/aeterna/golden/genome/t2t.fa /home/aeterna/pubrepo/.wk/hprc_cohort/v1 q16k /home/aeterna/pubrepo/.wk/m6/N558/regions_1M.tsv /home/aeterna/pubrepo/.wk/m6/N558/truth.tsv 16 3 9 rr3_q16k_reg_t16"
	User time (seconds): 14.54
	System time (seconds): 7.11
	Percent of CPU this job got: 102%
	Elapsed (wall clock) time (h:mm:ss or m:ss): 0:21.04
	Average shared text size (kbytes): 0
	Average unshared data size (kbytes): 0
	Average stack size (kbytes): 0
	Average total size (kbytes): 0
	Maximum resident set size (kbytes): 13674056
	Average resident set size (kbytes): 0
	Major (requiring I/O) page faults: 0
	Minor (reclaiming a frame) page faults: 4950206
	Voluntary context switches: 68
	Involuntary context switches: 57
	Swaps: 0
	File system inputs: 0
	File system outputs: 8
	Socket messages sent: 0
	Socket messages received: 0
	Signals delivered: 0
	Page size (bytes): 4096
	Exit status: 0
# exit 0 end 2026-10-07T18:51:00Z loadavg 1.76 1.58 1.22 1/1073 3269872
