# rr3_q16k_win_t1 start 2026-10-07T17:18:15Z loadavg 1.19 1.18 1.51 1/1055 3256968
OPEN	rr3_q16k_win_t1	reference + 558 archives (q16k)	19.628 s
RUN	rr3_q16k_win_t1	0	warmup	0.160420	10000 items	40960000 bytes	sha256 10000/10000
RUN	rr3_q16k_win_t1	1	warmup	0.150187	10000 items	40960000 bytes	sha256 10000/10000
RUN	rr3_q16k_win_t1	2	warmup	0.150152	10000 items	40960000 bytes	sha256 10000/10000
RUN	rr3_q16k_win_t1	3	timed	0.143362	10000 items	40960000 bytes	sha256 10000/10000
RUN	rr3_q16k_win_t1	4	timed	0.138394	10000 items	40960000 bytes	sha256 10000/10000
RUN	rr3_q16k_win_t1	5	timed	0.135025	10000 items	40960000 bytes	sha256 10000/10000
RUN	rr3_q16k_win_t1	6	timed	0.133853	10000 items	40960000 bytes	sha256 10000/10000
RUN	rr3_q16k_win_t1	7	timed	0.133282	10000 items	40960000 bytes	sha256 10000/10000
RUN	rr3_q16k_win_t1	8	timed	0.132581	10000 items	40960000 bytes	sha256 10000/10000
RUN	rr3_q16k_win_t1	9	timed	0.136810	10000 items	40960000 bytes	sha256 10000/10000
RUN	rr3_q16k_win_t1	10	timed	0.135710	10000 items	40960000 bytes	sha256 10000/10000
RUN	rr3_q16k_win_t1	11	timed	0.135703	10000 items	40960000 bytes	sha256 10000/10000
	Command being timed: "taskset -c 3 /home/aeterna/pubrepo/.wk/avr/rr3bench req /home/aeterna/golden/genome/t2t.fa /home/aeterna/pubrepo/.wk/hprc_cohort/v1 q16k /home/aeterna/pubrepo/.wk/m6/N558/windows_4096.tsv /home/aeterna/pubrepo/.wk/m6/N558/truth.tsv 1 3 9 rr3_q16k_win_t1"
	User time (seconds): 15.39
	System time (seconds): 6.90
	Percent of CPU this job got: 99%
	Elapsed (wall clock) time (h:mm:ss or m:ss): 0:22.29
	Average shared text size (kbytes): 0
	Average unshared data size (kbytes): 0
	Average stack size (kbytes): 0
	Average total size (kbytes): 0
	Maximum resident set size (kbytes): 13586600
	Average resident set size (kbytes): 0
	Major (requiring I/O) page faults: 0
	Minor (reclaiming a frame) page faults: 4928446
	Voluntary context switches: 13
	Involuntary context switches: 138
	Swaps: 0
	File system inputs: 0
	File system outputs: 8
	Socket messages sent: 0
	Socket messages received: 0
	Signals delivered: 0
	Page size (bytes): 4096
	Exit status: 0
# exit 0 end 2026-10-07T17:18:37Z loadavg 1.12 1.16 1.50 1/1054 3257025
