# rr3_q16k_reg_t1 start 2026-10-07T17:18:37Z loadavg 1.12 1.16 1.50 1/1054 3257030
OPEN	rr3_q16k_reg_t1	reference + 558 archives (q16k)	19.629 s
RUN	rr3_q16k_reg_t1	0	warmup	0.042581	100 items	100000000 bytes	sha256 100/100
RUN	rr3_q16k_reg_t1	1	warmup	0.040827	100 items	100000000 bytes	sha256 100/100
RUN	rr3_q16k_reg_t1	2	warmup	0.039722	100 items	100000000 bytes	sha256 100/100
RUN	rr3_q16k_reg_t1	3	timed	0.038552	100 items	100000000 bytes	sha256 100/100
RUN	rr3_q16k_reg_t1	4	timed	0.038531	100 items	100000000 bytes	sha256 100/100
RUN	rr3_q16k_reg_t1	5	timed	0.036768	100 items	100000000 bytes	sha256 100/100
RUN	rr3_q16k_reg_t1	6	timed	0.037978	100 items	100000000 bytes	sha256 100/100
RUN	rr3_q16k_reg_t1	7	timed	0.040763	100 items	100000000 bytes	sha256 100/100
RUN	rr3_q16k_reg_t1	8	timed	0.040248	100 items	100000000 bytes	sha256 100/100
RUN	rr3_q16k_reg_t1	9	timed	0.040804	100 items	100000000 bytes	sha256 100/100
RUN	rr3_q16k_reg_t1	10	timed	0.040375	100 items	100000000 bytes	sha256 100/100
RUN	rr3_q16k_reg_t1	11	timed	0.040993	100 items	100000000 bytes	sha256 100/100
	Command being timed: "taskset -c 3 /home/aeterna/pubrepo/.wk/avr/rr3bench req /home/aeterna/golden/genome/t2t.fa /home/aeterna/pubrepo/.wk/hprc_cohort/v1 q16k /home/aeterna/pubrepo/.wk/m6/N558/regions_1M.tsv /home/aeterna/pubrepo/.wk/m6/N558/truth.tsv 1 3 9 rr3_q16k_reg_t1"
	User time (seconds): 14.18
	System time (seconds): 7.16
	Percent of CPU this job got: 99%
	Elapsed (wall clock) time (h:mm:ss or m:ss): 0:21.35
	Average shared text size (kbytes): 0
	Average unshared data size (kbytes): 0
	Average stack size (kbytes): 0
	Average total size (kbytes): 0
	Maximum resident set size (kbytes): 13672356
	Average resident set size (kbytes): 0
	Major (requiring I/O) page faults: 0
	Minor (reclaiming a frame) page faults: 4949994
	Voluntary context switches: 13
	Involuntary context switches: 130
	Swaps: 0
	File system inputs: 0
	File system outputs: 8
	Socket messages sent: 0
	Socket messages received: 0
	Signals delivered: 0
	Page size (bytes): 4096
	Exit status: 0
# exit 0 end 2026-10-07T17:18:58Z loadavg 1.09 1.15 1.48 1/1070 3257088
