# rr3_q4k_s4_t1 start 2026-10-07T17:14:48Z loadavg 0.94 1.24 1.61 1/1060 3256553
OPEN	rr3_q4k_s4_t1	reference + 558 archives (q4k)	25.811 s
RUN	rr3_q4k_s4_t1	0	warmup	8.475829	4 items	11989829249 bytes	sha256 4/4
RUN	rr3_q4k_s4_t1	1	warmup	5.202293	4 items	11989829249 bytes	sha256 4/4
RUN	rr3_q4k_s4_t1	2	warmup	5.206486	4 items	11989829249 bytes	sha256 4/4
RUN	rr3_q4k_s4_t1	3	timed	5.203875	4 items	11989829249 bytes	sha256 4/4
RUN	rr3_q4k_s4_t1	4	timed	5.204889	4 items	11989829249 bytes	sha256 4/4
RUN	rr3_q4k_s4_t1	5	timed	5.204815	4 items	11989829249 bytes	sha256 4/4
RUN	rr3_q4k_s4_t1	6	timed	5.206135	4 items	11989829249 bytes	sha256 4/4
RUN	rr3_q4k_s4_t1	7	timed	5.208369	4 items	11989829249 bytes	sha256 4/4
RUN	rr3_q4k_s4_t1	8	timed	5.202525	4 items	11989829249 bytes	sha256 4/4
RUN	rr3_q4k_s4_t1	9	timed	5.207258	4 items	11989829249 bytes	sha256 4/4
RUN	rr3_q4k_s4_t1	10	timed	5.204358	4 items	11989829249 bytes	sha256 4/4
RUN	rr3_q4k_s4_t1	11	timed	5.205183	4 items	11989829249 bytes	sha256 4/4
	Command being timed: "taskset -c 3 /home/aeterna/pubrepo/.wk/avr/rr3bench sample /home/aeterna/golden/genome/t2t.fa /home/aeterna/pubrepo/.wk/hprc_cohort/v1 q4k y1_HG00438.1,y1_HG00438.2,y1_HG00621.1,y1_HG00621.2 /home/aeterna/pubrepo/.wk/m6/N558/truth.tsv 1 3 9 rr3_q4k_s4_t1"
	User time (seconds): 156.52
	System time (seconds): 50.50
	Percent of CPU this job got: 99%
	Elapsed (wall clock) time (h:mm:ss or m:ss): 3:27.05
	Average shared text size (kbytes): 0
	Average unshared data size (kbytes): 0
	Average stack size (kbytes): 0
	Average total size (kbytes): 0
	Maximum resident set size (kbytes): 39585536
	Average resident set size (kbytes): 0
	Major (requiring I/O) page faults: 0
	Minor (reclaiming a frame) page faults: 45830520
	Voluntary context switches: 49
	Involuntary context switches: 1121
	Swaps: 0
	File system inputs: 0
	File system outputs: 104
	Socket messages sent: 0
	Socket messages received: 0
	Signals delivered: 0
	Page size (bytes): 4096
	Exit status: 0
# exit 0 end 2026-10-07T17:18:15Z loadavg 1.19 1.18 1.51 1/1055 3256963
