y1_HG00438.1 ok (FASTA XXH3 == source)
y1_HG00438.2 ok (FASTA XXH3 == source)
y1_HG00621.1 ok (FASTA XXH3 == source)
y1_HG00621.2 ok (FASTA XXH3 == source)
y1_HG00673.1 ok (FASTA XXH3 == source)
y1_HG00673.2 ok (FASTA XXH3 == source)
y1_HG00735.1 ok (FASTA XXH3 == source)
y1_HG00735.2 ok (FASTA XXH3 == source)
y1_HG00741.1 ok (FASTA XXH3 == source)
y1_HG00741.2 ok (FASTA XXH3 == source)
y1_HG01071.1 ok (FASTA XXH3 == source)
y1_HG01071.2 ok (FASTA XXH3 == source)
y1_HG01106.1 ok (FASTA XXH3 == source)
y1_HG01106.2 ok (FASTA XXH3 == source)
y1_HG01123.1 ok (FASTA XXH3 == source)
y1_HG01123.2 ok (FASTA XXH3 == source)
y1_HG01175.1 ok (FASTA XXH3 == source)
y1_HG01175.2 ok (FASTA XXH3 == source)
y1_HG01258.1 ok (FASTA XXH3 == source)
y1_HG01258.2 ok (FASTA XXH3 == source)
y1_HG01358.1 ok (FASTA XXH3 == source)
y1_HG01358.2 ok (FASTA XXH3 == source)
y1_HG01361.1 ok (FASTA XXH3 == source)
y1_HG01361.2 ok (FASTA XXH3 == source)
y1_HG01891.1 ok (FASTA XXH3 == source)
y1_HG01891.2 ok (FASTA XXH3 == source)
y1_HG01928.1 ok (FASTA XXH3 == source)
y1_HG01928.2 ok (FASTA XXH3 == source)
y1_HG01952.1 ok (FASTA XXH3 == source)
y1_HG01952.2 ok (FASTA XXH3 == source)
y1_HG01978.1 ok (FASTA XXH3 == source)
y1_HG01978.2 ok (FASTA XXH3 == source)
y1_HG02148.1 ok (FASTA XXH3 == source)
y1_HG02148.2 ok (FASTA XXH3 == source)
y1_HG02257.1 ok (FASTA XXH3 == source)
y1_HG02257.2 ok (FASTA XXH3 == source)
y1_HG02486.1 ok (FASTA XXH3 == source)
y1_HG02486.2 ok (FASTA XXH3 == source)
y1_HG02559.1 ok (FASTA XXH3 == source)
y1_HG02559.2 ok (FASTA XXH3 == source)
y1_HG02572.1 ok (FASTA XXH3 == source)
y1_HG02572.2 ok (FASTA XXH3 == source)
y1_HG02622.1 ok (FASTA XXH3 == source)
y1_HG02622.2 ok (FASTA XXH3 == source)
y1_HG02630.1 ok (FASTA XXH3 == source)
y1_HG02630.2 ok (FASTA XXH3 == source)
y1_HG02717.1 ok (FASTA XXH3 == source)
y1_HG02717.2 ok (FASTA XXH3 == source)
y1_HG02886.1 ok (FASTA XXH3 == source)
y1_HG02886.2 ok (FASTA XXH3 == source)
y1_HG03453.1 ok (FASTA XXH3 == source)
y1_HG03453.2 ok (FASTA XXH3 == source)
y1_HG03516.1 ok (FASTA XXH3 == source)
y1_HG03516.2 ok (FASTA XXH3 == source)
y1_HG03540.1 ok (FASTA XXH3 == source)
y1_HG03540.2 ok (FASTA XXH3 == source)
y1_HG03579.1 ok (FASTA XXH3 == source)
y1_HG03579.2 ok (FASTA XXH3 == source)
y1_HG002.1 ok (FASTA XXH3 == source)
y1_HG002.2 ok (FASTA XXH3 == source)
y1_HG005.1 ok (FASTA XXH3 == source)
y1_HG005.2 ok (FASTA XXH3 == source)
y1_HG00733.1 ok (FASTA XXH3 == source)
y1_HG00733.2 ok (FASTA XXH3 == source)
y1_HG01109.1 ok (FASTA XXH3 == source)
y1_HG01109.2 ok (FASTA XXH3 == source)
y1_HG01243.1 ok (FASTA XXH3 == source)
y1_HG01243.2 ok (FASTA XXH3 == source)
y1_HG02055.1 ok (FASTA XXH3 == source)
y1_HG02055.2 ok (FASTA XXH3 == source)
y1_HG02080.1 ok (FASTA XXH3 == source)
y1_HG02080.2 ok (FASTA XXH3 == source)
y1_HG02109.1 ok (FASTA XXH3 == source)
y1_HG02109.2 ok (FASTA XXH3 == source)
y1_HG02145.1 ok (FASTA XXH3 == source)
y1_HG02145.2 ok (FASTA XXH3 == source)
y1_HG02723.1 ok (FASTA XXH3 == source)
y1_HG02723.2 ok (FASTA XXH3 == source)
y1_HG02818.1 ok (FASTA XXH3 == source)
y1_HG02818.2 ok (FASTA XXH3 == source)
y1_HG03098.1 ok (FASTA XXH3 == source)
y1_HG03098.2 ok (FASTA XXH3 == source)
y1_HG03486.1 ok (FASTA XXH3 == source)
y1_HG03486.2 ok (FASTA XXH3 == source)
y1_HG03492.1 ok (FASTA XXH3 == source)
y1_HG03492.2 ok (FASTA XXH3 == source)
y1_NA18906.1 ok (FASTA XXH3 == source)
y1_NA18906.2 ok (FASTA XXH3 == source)
y1_NA19240.1 ok (FASTA XXH3 == source)
y1_NA19240.2 ok (FASTA XXH3 == source)
y1_NA20129.1 ok (FASTA XXH3 == source)
y1_NA20129.2 ok (FASTA XXH3 == source)
y1_NA21309.1 ok (FASTA XXH3 == source)
y1_NA21309.2 ok (FASTA XXH3 == source)
r2_HG00408_pat_hprc_r2_v1.0.1 ok (FASTA XXH3 == source)
r2_HG00597_pat_hprc_r2_v1.0.1 ok (FASTA XXH3 == source)
r2_HG01192_pat_hprc_r2_v1.0.1 ok (FASTA XXH3 == source)
r2_HG01261_pat_hprc_r2_v1.0.1 ok (FASTA XXH3 == source)
r2_HG02015_pat_hprc_r2_v1.0.1 ok (FASTA XXH3 == source)
r2_HG02056_pat_hprc_r2_v1.0.1 ok (FASTA XXH3 == source)
r2_HG02129_pat_hprc_r2_v1.0.1 ok (FASTA XXH3 == source)
r2_HG02258_pat_hprc_r2_v1.0.1 ok (FASTA XXH3 == source)
r2_HG03834_pat_hprc_r2_v1.0.1 ok (FASTA XXH3 == source)
r2_HG01975_pat_hprc_r2_v1.0.1 ok (FASTA XXH3 == source)
r2_HG02602_pat_hprc_r2_v1.0.1 ok (FASTA XXH3 == source)
r2_HG04187_pat_hprc_r2_v1.0.1 ok (FASTA XXH3 == source)
r2_NA18879_hap1_hprc_r2_v1.0.1 ok (FASTA XXH3 == source)
r2_NA20752_hap1_hprc_r2_v1.0.1 ok (FASTA XXH3 == source)
r2_HG02145_pat_hprc_r2_v1.0.1 ok (FASTA XXH3 == source)
r2_HG00609_pat_hprc_r2_v1.0.1 ok (FASTA XXH3 == source)
r2_HG00642_pat_hprc_r2_v1.0.1 ok (FASTA XXH3 == source)
r2_HG00738_pat_hprc_r2_v1.0.1 ok (FASTA XXH3 == source)
r2_HG01099_pat_hprc_r2_v1.0.1 ok (FASTA XXH3 == source)
r2_HG01255_pat_hprc_r2_v1.0.1 ok (FASTA XXH3 == source)
r2_HG01346_pat_hprc_r2_v1.0.1 ok (FASTA XXH3 == source)
r2_HG01433_pat_hprc_r2_v1.0.1 ok (FASTA XXH3 == source)
r2_HG01496_pat_hprc_r2_v1.0.1 ok (FASTA XXH3 == source)
r2_HG01884_pat_hprc_r2_v1.0.1 ok (FASTA XXH3 == source)
r2_HG01981_pat_hprc_r2_v1.0.1 ok (FASTA XXH3 == source)
r2_HG01993_pat_hprc_r2_v1.0.1 ok (FASTA XXH3 == source)
r2_HG02004_pat_hprc_r2_v1.0.1 ok (FASTA XXH3 == source)
r2_HG02027_pat_hprc_r2_v1.0.1 ok (FASTA XXH3 == source)
r2_HG02083_pat_hprc_r2_v1.0.1 ok (FASTA XXH3 == source)
r2_HG02132_pat_hprc_r2_v1.0.1 ok (FASTA XXH3 == source)
r2_HG02280_pat_hprc_r2_v1.0.1 ok (FASTA XXH3 == source)
r2_HG02293_pat_hprc_r2_v1.0.1 ok (FASTA XXH3 == source)
r2_HG02300_pat_hprc_r2_v1.0.1 ok (FASTA XXH3 == source)
r2_HG02451_pat_hprc_r2_v1.0.1 ok (FASTA XXH3 == source)
r2_HG02523_pat_hprc_r2_v1.0.1 ok (FASTA XXH3 == source)
r2_HG02615_pat_hprc_r2_v1.0.1 ok (FASTA XXH3 == source)
r2_HG02647_pat_hprc_r2_v1.0.1 ok (FASTA XXH3 == source)
r2_HG02698_pat_hprc_r2_v1.0.1 ok (FASTA XXH3 == source)
r2_HG03654_pat_hprc_r2_v1.0.1 ok (FASTA XXH3 == source)
r2_HG03669_pat_hprc_r2_v1.0.1 ok (FASTA XXH3 == source)
r2_HG03688_pat_hprc_r2_v1.0.1 ok (FASTA XXH3 == source)
r2_HG03704_pat_hprc_r2_v1.0.1 ok (FASTA XXH3 == source)
r2_HG03710_pat_hprc_r2_v1.0.1 ok (FASTA XXH3 == source)
r2_HG03831_pat_hprc_r2_v1.0.1 ok (FASTA XXH3 == source)
r2_HG03927_pat_hprc_r2_v1.0.1 ok (FASTA XXH3 == source)
r2_HG04115_pat_hprc_r2_v1.0.1 ok (FASTA XXH3 == source)
r2_HG04184_pat_hprc_r2_v1.0.1 ok (FASTA XXH3 == source)
r2_HG04199_pat_hprc_r2_v1.0.1 ok (FASTA XXH3 == source)
r2_HG02738_pat_hprc_r2_v1.0.1 ok (FASTA XXH3 == source)
r2_HG00621_pat_hprc_r2_v1.0.1 ok (FASTA XXH3 == source)
r2_HG00741_pat_hprc_r2_v1.0.1 ok (FASTA XXH3 == source)
r2_HG01106_pat_hprc_r2_v1.0.1 ok (FASTA XXH3 == source)
r2_HG01175_pat_hprc_r2_v1.0.1 ok (FASTA XXH3 == source)
r2_HG01258_pat_hprc_r2_v1.0.1 ok (FASTA XXH3 == source)
r2_HG01891_pat_hprc_r2_v1.0.1 ok (FASTA XXH3 == source)
r2_HG01952_pat_hprc_r2_v1.0.1 ok (FASTA XXH3 == source)
r2_HG02148_pat_hprc_r2_v1.0.1 ok (FASTA XXH3 == source)
r2_HG02486_pat_hprc_r2_v1.0.1 ok (FASTA XXH3 == source)
r2_HG02559_pat_hprc_r2_v1.0.1 ok (FASTA XXH3 == source)
r2_HG02572_pat_hprc_r2_v1.0.1 ok (FASTA XXH3 == source)
r2_HG02622_pat_hprc_r2_v1.0.1 ok (FASTA XXH3 == source)
r2_HG02886_pat_hprc_r2_v1.0.1 ok (FASTA XXH3 == source)
r2_HG03453_pat_hprc_r2_v1.0.1 ok (FASTA XXH3 == source)
r2_HG03540_pat_hprc_r2_v1.0.1 ok (FASTA XXH3 == source)
r2_HG00099_hap1_hprc_r2_v1.0.1 ok (FASTA XXH3 == source)
r2_HG00140_hap1_hprc_r2_v1.0.1 ok (FASTA XXH3 == source)
r2_HG00280_hap1_hprc_r2_v1.0.1 ok (FASTA XXH3 == source)
r2_HG00323_hap1_hprc_r2_v1.0.1 ok (FASTA XXH3 == source)
r2_HG02040_hap1_hprc_r2_v1.0.1 ok (FASTA XXH3 == source)
r2_HG02165_hap1_hprc_r2_v1.0.1 ok (FASTA XXH3 == source)
r2_HG02273_hap1_hprc_r2_v1.0.1 ok (FASTA XXH3 == source)
r2_HG02922_hap1_hprc_r2_v1.0.1 ok (FASTA XXH3 == source)
r2_HG02965_hap1_hprc_r2_v1.0.1 ok (FASTA XXH3 == source)
r2_HG02976_hap1_hprc_r2_v1.0.1 ok (FASTA XXH3 == source)
r2_HG03130_hap1_hprc_r2_v1.0.1 ok (FASTA XXH3 == source)
r2_HG03195_hap1_hprc_r2_v1.0.1 ok (FASTA XXH3 == source)
r2_HG03209_hap1_hprc_r2_v1.0.1 ok (FASTA XXH3 == source)
r2_NA18522_hap1_hprc_r2_v1.0.1 ok (FASTA XXH3 == source)
r2_NA18747_hap1_hprc_r2_v1.0.1 ok (FASTA XXH3 == source)
r2_NA18971_hap1_hprc_r2_v1.0.1 ok (FASTA XXH3 == source)
r2_NA18983_hap1_hprc_r2_v1.0.1 ok (FASTA XXH3 == source)
r2_NA19043_hap1_hprc_r2_v1.0.1 ok (FASTA XXH3 == source)
r2_NA20905_hap1_hprc_r2_v1.0.1 ok (FASTA XXH3 == source)
r2_HG01530_hap1_hprc_r2_v1.0.1 ok (FASTA XXH3 == source)
r2_HG01784_hap1_hprc_r2_v1.0.1 ok (FASTA XXH3 == source)
r2_HG02391_hap1_hprc_r2_v1.0.1 ok (FASTA XXH3 == source)
r2_HG03471_hap1_hprc_r2_v1.0.1 ok (FASTA XXH3 == source)
r2_HG03742_hap1_hprc_r2_v1.0.1 ok (FASTA XXH3 == source)
r2_NA18570_hap1_hprc_r2_v1.0.1 ok (FASTA XXH3 == source)
r2_NA19087_hap1_hprc_r2_v1.0.1 ok (FASTA XXH3 == source)
r2_NA19185_hap1_hprc_r2_v1.0.1 ok (FASTA XXH3 == source)
r2_NA19338_hap1_hprc_r2_v1.0.1 ok (FASTA XXH3 == source)
r2_NA19391_hap1_hprc_r2_v1.0.1 ok (FASTA XXH3 == source)
r2_NA19468_hap1_hprc_r2_v1.0.1 ok (FASTA XXH3 == source)
r2_HG00438_pat_hprc_r2_v1.0.1 ok (FASTA XXH3 == source)
r2_HG00558_pat_hprc_r2_v1.0.1 ok (FASTA XXH3 == source)
r2_HG00639_pat_hprc_r2_v1.0.1 ok (FASTA XXH3 == source)
r2_HG00658_pat_hprc_r2_v1.0.1 ok (FASTA XXH3 == source)
r2_HG00673_pat_hprc_r2_v1.0.1 ok (FASTA XXH3 == source)
r2_HG01071_pat_hprc_r2_v1.0.1 ok (FASTA XXH3 == source)
r2_HG01074_pat_hprc_r2_v1.0.1 ok (FASTA XXH3 == source)
r2_HG01081_pat_hprc_r2_v1.0.1 ok (FASTA XXH3 == source)
r2_HG01123_pat_hprc_r2_v1.0.1 ok (FASTA XXH3 == source)
r2_HG01150_pat_hprc_r2_v1.0.1 ok (FASTA XXH3 == source)
r2_HG01252_pat_hprc_r2_v1.0.1 ok (FASTA XXH3 == source)
r2_HG01358_pat_hprc_r2_v1.0.1 ok (FASTA XXH3 == source)
r2_HG01361_pat_hprc_r2_v1.0.1 ok (FASTA XXH3 == source)
r2_HG01928_pat_hprc_r2_v1.0.1 ok (FASTA XXH3 == source)
r2_HG01934_pat_hprc_r2_v1.0.1 ok (FASTA XXH3 == source)
r2_HG01940_pat_hprc_r2_v1.0.1 ok (FASTA XXH3 == source)
r2_HG01960_pat_hprc_r2_v1.0.1 ok (FASTA XXH3 == source)
r2_HG01969_pat_hprc_r2_v1.0.1 ok (FASTA XXH3 == source)
r2_HG01978_pat_hprc_r2_v1.1.0 ok (FASTA XXH3 == source)
r2_HG02071_pat_hprc_r2_v1.0.1 ok (FASTA XXH3 == source)
r2_HG02074_pat_hprc_r2_v1.0.1 ok (FASTA XXH3 == source)
r2_HG02135_pat_hprc_r2_v1.0.1 ok (FASTA XXH3 == source)
r2_HG02257_pat_hprc_r2_v1.1.0 ok (FASTA XXH3 == source)
r2_HG02668_pat_hprc_r2_v1.0.1 ok (FASTA XXH3 == source)
r2_HG02717_pat_hprc_r2_v1.0.1 ok (FASTA XXH3 == source)
r2_HG02809_pat_hprc_r2_v1.0.1 ok (FASTA XXH3 == source)
r2_HG03017_pat_hprc_r2_v1.0.1 ok (FASTA XXH3 == source)
r2_HG03041_pat_hprc_r2_v1.0.1 ok (FASTA XXH3 == source)
r2_HG03239_pat_hprc_r2_v1.0.1 ok (FASTA XXH3 == source)
r2_HG03516_pat_hprc_r2_v1.1.0 ok (FASTA XXH3 == source)
r2_HG03804_pat_hprc_r2_v1.0.1 ok (FASTA XXH3 == source)
r2_HG03942_pat_hprc_r2_v1.0.1 ok (FASTA XXH3 == source)
r2_HG04157_pat_hprc_r2_v1.0.1 ok (FASTA XXH3 == source)
r2_HG04160_pat_hprc_r2_v1.0.1 ok (FASTA XXH3 == source)
r2_HG04204_pat_hprc_r2_v1.0.1 ok (FASTA XXH3 == source)
r2_HG04228_pat_hprc_r2_v1.0.1 ok (FASTA XXH3 == source)
r2_HG00706_pat_hprc_r2_v1.0.1 ok (FASTA XXH3 == source)
r2_HG03816_pat_hprc_r2_v1.0.1 ok (FASTA XXH3 == source)
r2_HG00423_pat_hprc_r2_v1.0.1 ok (FASTA XXH3 == source)
r2_HG00544_pat_hprc_r2_v1.0.1 ok (FASTA XXH3 == source)
r2_HG01943_pat_hprc_r2_v1.0.1 ok (FASTA XXH3 == source)
r2_HG02735_pat_hprc_r2_v1.0.1 ok (FASTA XXH3 == source)
r2_HG03225_hap1_hprc_r2_v1.0.1 ok (FASTA XXH3 == source)
r2_NA19159_hap1_hprc_r2_v1.0.1 ok (FASTA XXH3 == source)
r2_HG00126_hap1_hprc_r2_v1.0.1 ok (FASTA XXH3 == source)
r2_HG00128_hap1_hprc_r2_v1.0.1 ok (FASTA XXH3 == source)
r2_HG00133_hap1_hprc_r2_v1.0.1 ok (FASTA XXH3 == source)
r2_HG00146_hap1_hprc_r2_v1.0.1 ok (FASTA XXH3 == source)
r2_HG00232_hap1_hprc_r2_v1.0.1 ok (FASTA XXH3 == source)
r2_HG00290_hap1_hprc_r2_v1.0.1 ok (FASTA XXH3 == source)
r2_HG00320_hap1_hprc_r2_v1.0.1 ok (FASTA XXH3 == source)
r2_HG00321_hap1_hprc_r2_v1.0.1 ok (FASTA XXH3 == source)
r2_HG01786_hap1_hprc_r2_v1.0.1 ok (FASTA XXH3 == source)
r2_HG02178_hap1_hprc_r2_v1.0.1 ok (FASTA XXH3 == source)
r2_HG02583_hap1_hprc_r2_v1.0.1 ok (FASTA XXH3 == source)
r2_HG03270_hap1_hprc_r2_v1.0.1 ok (FASTA XXH3 == source)
r2_HG03583_hap1_hprc_r2_v1.0.1 ok (FASTA XXH3 == source)
r2_HG03874_hap1_hprc_r2_v1.0.1 ok (FASTA XXH3 == source)
r2_NA18505_hap1_hprc_r2_v1.0.1 ok (FASTA XXH3 == source)
r2_NA18508_hap1_hprc_r2_v1.0.1 ok (FASTA XXH3 == source)
r2_NA18608_hap1_hprc_r2_v1.0.1 ok (FASTA XXH3 == source)
r2_NA18620_hap1_hprc_r2_v1.0.1 ok (FASTA XXH3 == source)
r2_NA18952_hap1_hprc_r2_v1.0.1 ok (FASTA XXH3 == source)
r2_NA18974_hap1_hprc_r2_v1.0.1 ok (FASTA XXH3 == source)
r2_NA18976_hap1_hprc_r2_v1.0.1 ok (FASTA XXH3 == source)
r2_NA19036_hap1_hprc_r2_v1.0.1 ok (FASTA XXH3 == source)
r2_NA19443_hap1_hprc_r2_v1.0.1 ok (FASTA XXH3 == source)
r2_NA19700_hap1_hprc_r2_v1.0.1 ok (FASTA XXH3 == source)
r2_NA20870_hap1_hprc_r2_v1.0.1 ok (FASTA XXH3 == source)
r2_NA21093_hap1_hprc_r2_v1.0.1 ok (FASTA XXH3 == source)
r2_NA21106_hap1_hprc_r2_v1.0.1 ok (FASTA XXH3 == source)
r2_NA21110_hap1_hprc_r2_v1.0.1 ok (FASTA XXH3 == source)
r2_HG02392_hap1_hprc_r2_v1.0.1 ok (FASTA XXH3 == source)
r2_HG02514_pat_hprc_r2_v1.0.1 ok (FASTA XXH3 == source)
r2_HG02841_pat_hprc_r2_v1.0.1 ok (FASTA XXH3 == source)
r2_HG02984_pat_hprc_r2_v1.0.1 ok (FASTA XXH3 == source)
r2_HG03050_pat_hprc_r2_v1.0.1 ok (FASTA XXH3 == source)
r2_NA20799_hap1_hprc_r2_v1.0.1 ok (FASTA XXH3 == source)
r2_HG01109_pat_hprc_r2_v1.0.1 ok (FASTA XXH3 == source)
r2_HG02055_pat_hprc_r2_v1.0.1 ok (FASTA XXH3 == source)
r2_HG02080_pat_hprc_r2_v1.0.1 ok (FASTA XXH3 == source)
r2_HG02109_pat_hprc_r2_v1.0.1 ok (FASTA XXH3 == source)
r2_HG02723_pat_hprc_r2_v1.0.1 ok (FASTA XXH3 == source)
r2_HG02818_pat_hprc_r2_v1.0.1 ok (FASTA XXH3 == source)
r2_HG03098_pat_hprc_r2_v1.0.1 ok (FASTA XXH3 == source)
r2_HG03486_pat_hprc_r2_v1.0.1 ok (FASTA XXH3 == source)
r2_NA18906_pat_hprc_r2_v1.0.1 ok (FASTA XXH3 == source)
r2_NA20129_pat_hprc_r2_v1.0.1 ok (FASTA XXH3 == source)
r2_NA21309_pat_hprc_r2_v1.0.1 ok (FASTA XXH3 == source)
r2_HG00733_pat_hprc_r2_v1.0.1 ok (FASTA XXH3 == source)
r2_HG01243_pat_hprc_r2_v1.0.1 ok (FASTA XXH3 == source)
r2_NA19240_pat_hprc_r2_v1.0.1 ok (FASTA XXH3 == source)
r2_HG005_pat_hprc_r2_v1.0.1 ok (FASTA XXH3 == source)
r2_HG00097_hap1_hprc_r2_v1.0.1 ok (FASTA XXH3 == source)
r2_HG00235_hap1_hprc_r2_v1.0.1 ok (FASTA XXH3 == source)
r2_HG00253_hap1_hprc_r2_v1.0.1 ok (FASTA XXH3 == source)
r2_HG00272_hap1_hprc_r2_v1.0.1 ok (FASTA XXH3 == source)
r2_HG00329_hap1_hprc_r2_v1.0.1 ok (FASTA XXH3 == source)
r2_HG00344_hap1_hprc_r2_v1.0.1 ok (FASTA XXH3 == source)
r2_HG00350_hap1_hprc_r2_v1.0.1 ok (FASTA XXH3 == source)
r2_HG01167_hap1_hprc_r2_v1.0.1 ok (FASTA XXH3 == source)
r2_HG03369_hap1_hprc_r2_v1.0.1 ok (FASTA XXH3 == source)
r2_HG03521_hap1_hprc_r2_v1.0.1 ok (FASTA XXH3 == source)
r2_HG03784_hap1_hprc_r2_v1.0.1 ok (FASTA XXH3 == source)
r2_NA18565_hap1_hprc_r2_v1.0.1 ok (FASTA XXH3 == source)
r2_NA19682_hap1_hprc_r2_v1.0.1 ok (FASTA XXH3 == source)
r2_NA19776_hap1_hprc_r2_v1.0.1 ok (FASTA XXH3 == source)
r2_NA19835_hap1_hprc_r2_v1.0.1 ok (FASTA XXH3 == source)
r2_NA19909_hap1_hprc_r2_v1.0.1 ok (FASTA XXH3 == source)
r2_NA20282_hap1_hprc_r2_v1.0.1 ok (FASTA XXH3 == source)
r2_NA20346_hap1_hprc_r2_v1.0.1 ok (FASTA XXH3 == source)
r2_NA20809_hap1_hprc_r2_v1.0.1 ok (FASTA XXH3 == source)
r2_NA20850_hap1_hprc_r2_v1.0.1 ok (FASTA XXH3 == source)
r2_NA21102_hap1_hprc_r2_v1.0.1 ok (FASTA XXH3 == source)
r2_NA21144_hap1_hprc_r2_v1.0.1 ok (FASTA XXH3 == source)
r2_HG00735_pat_hprc_r2_v1.0.1 ok (FASTA XXH3 == source)
r2_HG02155_hap1_hprc_r2_v1.0.1 ok (FASTA XXH3 == source)
r2_HG02630_pat_hprc_r2_v1.0.1 ok (FASTA XXH3 == source)
r2_HG03139_hap1_hprc_r2_v1.0.1 ok (FASTA XXH3 == source)
r2_HG03470_hap1_hprc_r2_v1.0.1 ok (FASTA XXH3 == source)
r2_HG03579_pat_hprc_r2_v1.0.1 ok (FASTA XXH3 == source)
r2_NA20805_hap1_hprc_r2_v1.0.1 ok (FASTA XXH3 == source)
r2_HG00408_mat_hprc_r2_v1.0.1 ok (FASTA XXH3 == source)
r2_HG00597_mat_hprc_r2_v1.0.1 ok (FASTA XXH3 == source)
r2_HG01192_mat_hprc_r2_v1.0.1 ok (FASTA XXH3 == source)
r2_HG01261_mat_hprc_r2_v1.0.1 ok (FASTA XXH3 == source)
r2_HG02015_mat_hprc_r2_v1.0.1 ok (FASTA XXH3 == source)
r2_HG02056_mat_hprc_r2_v1.0.1 ok (FASTA XXH3 == source)
r2_HG02129_mat_hprc_r2_v1.0.1 ok (FASTA XXH3 == source)
r2_HG02258_mat_hprc_r2_v1.0.1 ok (FASTA XXH3 == source)
r2_HG03834_mat_hprc_r2_v1.0.1 ok (FASTA XXH3 == source)
r2_HG01975_mat_hprc_r2_v1.0.1 ok (FASTA XXH3 == source)
r2_HG02602_mat_hprc_r2_v1.0.1 ok (FASTA XXH3 == source)
r2_HG04187_mat_hprc_r2_v1.0.1 ok (FASTA XXH3 == source)
r2_NA18879_hap2_hprc_r2_v1.0.1 ok (FASTA XXH3 == source)
r2_NA20752_hap2_hprc_r2_v1.0.1 ok (FASTA XXH3 == source)
r2_HG02145_mat_hprc_r2_v1.0.1 ok (FASTA XXH3 == source)
r2_HG00609_mat_hprc_r2_v1.0.1 ok (FASTA XXH3 == source)
r2_HG00642_mat_hprc_r2_v1.0.1 ok (FASTA XXH3 == source)
r2_HG00738_mat_hprc_r2_v1.0.1 ok (FASTA XXH3 == source)
r2_HG01099_mat_hprc_r2_v1.0.1 ok (FASTA XXH3 == source)
r2_HG01255_mat_hprc_r2_v1.0.1 ok (FASTA XXH3 == source)
r2_HG01346_mat_hprc_r2_v1.0.1 ok (FASTA XXH3 == source)
r2_HG01433_mat_hprc_r2_v1.0.1 ok (FASTA XXH3 == source)
r2_HG01496_mat_hprc_r2_v1.0.1 ok (FASTA XXH3 == source)
r2_HG01884_mat_hprc_r2_v1.0.1 ok (FASTA XXH3 == source)
r2_HG01981_mat_hprc_r2_v1.0.1 ok (FASTA XXH3 == source)
r2_HG01993_mat_hprc_r2_v1.0.1 ok (FASTA XXH3 == source)
r2_HG02004_mat_hprc_r2_v1.0.1 ok (FASTA XXH3 == source)
r2_HG02027_mat_hprc_r2_v1.0.1 ok (FASTA XXH3 == source)
r2_HG02083_mat_hprc_r2_v1.0.1 ok (FASTA XXH3 == source)
r2_HG02132_mat_hprc_r2_v1.0.1 ok (FASTA XXH3 == source)
r2_HG02280_mat_hprc_r2_v1.0.1 ok (FASTA XXH3 == source)
r2_HG02293_mat_hprc_r2_v1.0.1 ok (FASTA XXH3 == source)
r2_HG02300_mat_hprc_r2_v1.0.1 ok (FASTA XXH3 == source)
r2_HG02451_mat_hprc_r2_v1.0.1 ok (FASTA XXH3 == source)
r2_HG02523_mat_hprc_r2_v1.0.1 ok (FASTA XXH3 == source)
r2_HG02615_mat_hprc_r2_v1.0.1 ok (FASTA XXH3 == source)
r2_HG02647_mat_hprc_r2_v1.0.1 ok (FASTA XXH3 == source)
r2_HG02698_mat_hprc_r2_v1.0.1 ok (FASTA XXH3 == source)
r2_HG03654_mat_hprc_r2_v1.0.1 ok (FASTA XXH3 == source)
r2_HG03669_mat_hprc_r2_v1.0.1 ok (FASTA XXH3 == source)
r2_HG03688_mat_hprc_r2_v1.0.1 ok (FASTA XXH3 == source)
r2_HG03704_mat_hprc_r2_v1.0.1 ok (FASTA XXH3 == source)
r2_HG03710_mat_hprc_r2_v1.0.1 ok (FASTA XXH3 == source)
r2_HG03831_mat_hprc_r2_v1.0.1 ok (FASTA XXH3 == source)
r2_HG03927_mat_hprc_r2_v1.0.1 ok (FASTA XXH3 == source)
r2_HG04115_mat_hprc_r2_v1.0.1 ok (FASTA XXH3 == source)
r2_HG04184_mat_hprc_r2_v1.0.1 ok (FASTA XXH3 == source)
r2_HG04199_mat_hprc_r2_v1.0.1 ok (FASTA XXH3 == source)
r2_HG02738_mat_hprc_r2_v1.0.1 ok (FASTA XXH3 == source)
r2_HG00621_mat_hprc_r2_v1.0.1 ok (FASTA XXH3 == source)
r2_HG00741_mat_hprc_r2_v1.0.1 ok (FASTA XXH3 == source)
r2_HG01106_mat_hprc_r2_v1.0.1 ok (FASTA XXH3 == source)
r2_HG01175_mat_hprc_r2_v1.0.1 ok (FASTA XXH3 == source)
r2_HG01258_mat_hprc_r2_v1.0.1 ok (FASTA XXH3 == source)
r2_HG01891_mat_hprc_r2_v1.0.1 ok (FASTA XXH3 == source)
r2_HG01952_mat_hprc_r2_v1.0.1 ok (FASTA XXH3 == source)
r2_HG02148_mat_hprc_r2_v1.0.1 ok (FASTA XXH3 == source)
r2_HG02486_mat_hprc_r2_v1.0.1 ok (FASTA XXH3 == source)
r2_HG02559_mat_hprc_r2_v1.0.1 ok (FASTA XXH3 == source)
r2_HG02572_mat_hprc_r2_v1.0.1 ok (FASTA XXH3 == source)
r2_HG02622_mat_hprc_r2_v1.0.1 ok (FASTA XXH3 == source)
r2_HG02886_mat_hprc_r2_v1.0.1 ok (FASTA XXH3 == source)
r2_HG03453_mat_hprc_r2_v1.0.1 ok (FASTA XXH3 == source)
r2_HG03540_mat_hprc_r2_v1.0.1 ok (FASTA XXH3 == source)
r2_HG00099_hap2_hprc_r2_v1.0.1 ok (FASTA XXH3 == source)
r2_HG00140_hap2_hprc_r2_v1.0.1 ok (FASTA XXH3 == source)
r2_HG00280_hap2_hprc_r2_v1.0.1 ok (FASTA XXH3 == source)
r2_HG00323_hap2_hprc_r2_v1.0.1 ok (FASTA XXH3 == source)
r2_HG02040_hap2_hprc_r2_v1.0.1 ok (FASTA XXH3 == source)
r2_HG02165_hap2_hprc_r2_v1.0.1 ok (FASTA XXH3 == source)
r2_HG02273_hap2_hprc_r2_v1.0.1 ok (FASTA XXH3 == source)
r2_HG02922_hap2_hprc_r2_v1.0.1 ok (FASTA XXH3 == source)
r2_HG02965_hap2_hprc_r2_v1.0.1 ok (FASTA XXH3 == source)
r2_HG02976_hap2_hprc_r2_v1.0.1 ok (FASTA XXH3 == source)
r2_HG03130_hap2_hprc_r2_v1.0.1 ok (FASTA XXH3 == source)
r2_HG03195_hap2_hprc_r2_v1.0.1 ok (FASTA XXH3 == source)
r2_HG03209_hap2_hprc_r2_v1.0.1 ok (FASTA XXH3 == source)
r2_NA18522_hap2_hprc_r2_v1.0.1 ok (FASTA XXH3 == source)
r2_NA18747_hap2_hprc_r2_v1.0.1 ok (FASTA XXH3 == source)
r2_NA18971_hap2_hprc_r2_v1.0.1 ok (FASTA XXH3 == source)
r2_NA18983_hap2_hprc_r2_v1.0.1 ok (FASTA XXH3 == source)
r2_NA19043_hap2_hprc_r2_v1.0.1 ok (FASTA XXH3 == source)
r2_NA20905_hap2_hprc_r2_v1.0.1 ok (FASTA XXH3 == source)
r2_HG01530_hap2_hprc_r2_v1.0.1 ok (FASTA XXH3 == source)
r2_HG01784_hap2_hprc_r2_v1.0.1 ok (FASTA XXH3 == source)
r2_HG02391_hap2_hprc_r2_v1.0.1 ok (FASTA XXH3 == source)
r2_HG03471_hap2_hprc_r2_v1.0.1 ok (FASTA XXH3 == source)
r2_HG03742_hap2_hprc_r2_v1.0.1 ok (FASTA XXH3 == source)
r2_NA18570_hap2_hprc_r2_v1.0.1 ok (FASTA XXH3 == source)
r2_NA19087_hap2_hprc_r2_v1.0.1 ok (FASTA XXH3 == source)
r2_NA19185_hap2_hprc_r2_v1.0.1 ok (FASTA XXH3 == source)
r2_NA19338_hap2_hprc_r2_v1.0.1 ok (FASTA XXH3 == source)
r2_NA19391_hap2_hprc_r2_v1.0.1 ok (FASTA XXH3 == source)
r2_NA19468_hap2_hprc_r2_v1.0.1 ok (FASTA XXH3 == source)
r2_HG00438_mat_hprc_r2_v1.0.1 ok (FASTA XXH3 == source)
r2_HG00558_mat_hprc_r2_v1.0.1 ok (FASTA XXH3 == source)
r2_HG00639_mat_hprc_r2_v1.0.1 ok (FASTA XXH3 == source)
r2_HG00658_mat_hprc_r2_v1.0.1 ok (FASTA XXH3 == source)
r2_HG00673_mat_hprc_r2_v1.0.1 ok (FASTA XXH3 == source)
r2_HG01071_mat_hprc_r2_v1.0.1 ok (FASTA XXH3 == source)
r2_HG01074_mat_hprc_r2_v1.0.1 ok (FASTA XXH3 == source)
r2_HG01081_mat_hprc_r2_v1.0.1 ok (FASTA XXH3 == source)
r2_HG01123_mat_hprc_r2_v1.0.1 ok (FASTA XXH3 == source)
r2_HG01150_mat_hprc_r2_v1.0.1 ok (FASTA XXH3 == source)
r2_HG01252_mat_hprc_r2_v1.0.1 ok (FASTA XXH3 == source)
r2_HG01358_mat_hprc_r2_v1.0.1 ok (FASTA XXH3 == source)
r2_HG01361_mat_hprc_r2_v1.0.1 ok (FASTA XXH3 == source)
r2_HG01928_mat_hprc_r2_v1.0.1 ok (FASTA XXH3 == source)
r2_HG01934_mat_hprc_r2_v1.0.1 ok (FASTA XXH3 == source)
r2_HG01940_mat_hprc_r2_v1.0.1 ok (FASTA XXH3 == source)
r2_HG01960_mat_hprc_r2_v1.0.1 ok (FASTA XXH3 == source)
r2_HG01969_mat_hprc_r2_v1.0.1 ok (FASTA XXH3 == source)
r2_HG01978_mat_hprc_r2_v1.1.0 ok (FASTA XXH3 == source)
r2_HG02071_mat_hprc_r2_v1.0.1 ok (FASTA XXH3 == source)
r2_HG02074_mat_hprc_r2_v1.0.1 ok (FASTA XXH3 == source)
r2_HG02135_mat_hprc_r2_v1.0.1 ok (FASTA XXH3 == source)
r2_HG02257_mat_hprc_r2_v1.1.0 ok (FASTA XXH3 == source)
r2_HG02668_mat_hprc_r2_v1.0.1 ok (FASTA XXH3 == source)
r2_HG02717_mat_hprc_r2_v1.0.1 ok (FASTA XXH3 == source)
r2_HG02809_mat_hprc_r2_v1.0.1 ok (FASTA XXH3 == source)
r2_HG03017_mat_hprc_r2_v1.0.1 ok (FASTA XXH3 == source)
r2_HG03041_mat_hprc_r2_v1.0.1 ok (FASTA XXH3 == source)
r2_HG03239_mat_hprc_r2_v1.0.1 ok (FASTA XXH3 == source)
r2_HG03516_mat_hprc_r2_v1.1.0 ok (FASTA XXH3 == source)
r2_HG03804_mat_hprc_r2_v1.0.1 ok (FASTA XXH3 == source)
r2_HG03942_mat_hprc_r2_v1.0.1 ok (FASTA XXH3 == source)
r2_HG04157_mat_hprc_r2_v1.0.1 ok (FASTA XXH3 == source)
r2_HG04160_mat_hprc_r2_v1.0.1 ok (FASTA XXH3 == source)
r2_HG04204_mat_hprc_r2_v1.0.1 ok (FASTA XXH3 == source)
r2_HG04228_mat_hprc_r2_v1.0.1 ok (FASTA XXH3 == source)
r2_HG00706_mat_hprc_r2_v1.0.1 ok (FASTA XXH3 == source)
r2_HG03816_mat_hprc_r2_v1.0.1 ok (FASTA XXH3 == source)
r2_HG00423_mat_hprc_r2_v1.0.1 ok (FASTA XXH3 == source)
r2_HG00544_mat_hprc_r2_v1.0.1 ok (FASTA XXH3 == source)
r2_HG01943_mat_hprc_r2_v1.0.1 ok (FASTA XXH3 == source)
r2_HG02735_mat_hprc_r2_v1.0.1 ok (FASTA XXH3 == source)
r2_HG03225_hap2_hprc_r2_v1.0.1 ok (FASTA XXH3 == source)
r2_NA19159_hap2_hprc_r2_v1.0.1 ok (FASTA XXH3 == source)
r2_HG00126_hap2_hprc_r2_v1.0.1 ok (FASTA XXH3 == source)
r2_HG00128_hap2_hprc_r2_v1.0.1 ok (FASTA XXH3 == source)
r2_HG00133_hap2_hprc_r2_v1.0.1 ok (FASTA XXH3 == source)
r2_HG00146_hap2_hprc_r2_v1.0.1 ok (FASTA XXH3 == source)
r2_HG00232_hap2_hprc_r2_v1.0.1 ok (FASTA XXH3 == source)
r2_HG00290_hap2_hprc_r2_v1.0.1 ok (FASTA XXH3 == source)
r2_HG00320_hap2_hprc_r2_v1.0.1 ok (FASTA XXH3 == source)
r2_HG00321_hap2_hprc_r2_v1.0.1 ok (FASTA XXH3 == source)
r2_HG01786_hap2_hprc_r2_v1.0.1 ok (FASTA XXH3 == source)
r2_HG02178_hap2_hprc_r2_v1.0.1 ok (FASTA XXH3 == source)
r2_HG02583_hap2_hprc_r2_v1.0.1 ok (FASTA XXH3 == source)
r2_HG03270_hap2_hprc_r2_v1.0.1 ok (FASTA XXH3 == source)
r2_HG03583_hap2_hprc_r2_v1.0.1 ok (FASTA XXH3 == source)
r2_HG03874_hap2_hprc_r2_v1.0.1 ok (FASTA XXH3 == source)
r2_NA18505_hap2_hprc_r2_v1.0.1 ok (FASTA XXH3 == source)
r2_NA18508_hap2_hprc_r2_v1.0.1 ok (FASTA XXH3 == source)
r2_NA18608_hap2_hprc_r2_v1.0.1 ok (FASTA XXH3 == source)
r2_NA18620_hap2_hprc_r2_v1.0.1 ok (FASTA XXH3 == source)
r2_NA18952_hap2_hprc_r2_v1.0.1 ok (FASTA XXH3 == source)
r2_NA18974_hap2_hprc_r2_v1.0.1 ok (FASTA XXH3 == source)
r2_NA18976_hap2_hprc_r2_v1.0.1 ok (FASTA XXH3 == source)
r2_NA19036_hap2_hprc_r2_v1.0.1 ok (FASTA XXH3 == source)
r2_NA19443_hap2_hprc_r2_v1.0.1 ok (FASTA XXH3 == source)
r2_NA19700_hap2_hprc_r2_v1.0.1 ok (FASTA XXH3 == source)
r2_NA20870_hap2_hprc_r2_v1.0.1 ok (FASTA XXH3 == source)
r2_NA21093_hap2_hprc_r2_v1.0.1 ok (FASTA XXH3 == source)
r2_NA21106_hap2_hprc_r2_v1.0.1 ok (FASTA XXH3 == source)
r2_NA21110_hap2_hprc_r2_v1.0.1 ok (FASTA XXH3 == source)
r2_HG02392_hap2_hprc_r2_v1.0.1 ok (FASTA XXH3 == source)
r2_HG02514_mat_hprc_r2_v1.0.1 ok (FASTA XXH3 == source)
r2_HG02841_mat_hprc_r2_v1.0.1 ok (FASTA XXH3 == source)
r2_HG02984_mat_hprc_r2_v1.0.1 ok (FASTA XXH3 == source)
r2_HG03050_mat_hprc_r2_v1.0.1 ok (FASTA XXH3 == source)
r2_NA20799_hap2_hprc_r2_v1.0.1 ok (FASTA XXH3 == source)
r2_HG01109_mat_hprc_r2_v1.0.1 ok (FASTA XXH3 == source)
r2_HG02055_mat_hprc_r2_v1.0.1 ok (FASTA XXH3 == source)
r2_HG02080_mat_hprc_r2_v1.0.1 ok (FASTA XXH3 == source)
r2_HG02109_mat_hprc_r2_v1.0.1 ok (FASTA XXH3 == source)
r2_HG02723_mat_hprc_r2_v1.0.1 ok (FASTA XXH3 == source)
r2_HG02818_mat_hprc_r2_v1.0.1 ok (FASTA XXH3 == source)
r2_HG03098_mat_hprc_r2_v1.0.1 ok (FASTA XXH3 == source)
r2_HG03486_mat_hprc_r2_v1.0.1 ok (FASTA XXH3 == source)
r2_NA18906_mat_hprc_r2_v1.0.1 ok (FASTA XXH3 == source)
r2_NA20129_mat_hprc_r2_v1.0.1 ok (FASTA XXH3 == source)
r2_NA21309_mat_hprc_r2_v1.0.1 ok (FASTA XXH3 == source)
r2_HG00733_mat_hprc_r2_v1.0.1 ok (FASTA XXH3 == source)
r2_HG01243_mat_hprc_r2_v1.0.1 ok (FASTA XXH3 == source)
r2_NA19240_mat_hprc_r2_v1.0.1 ok (FASTA XXH3 == source)
r2_HG005_mat_hprc_r2_v1.0.1 ok (FASTA XXH3 == source)
r2_HG00097_hap2_hprc_r2_v1.0.1 ok (FASTA XXH3 == source)
r2_HG00235_hap2_hprc_r2_v1.0.1 ok (FASTA XXH3 == source)
r2_HG00253_hap2_hprc_r2_v1.0.1 ok (FASTA XXH3 == source)
r2_HG00272_hap2_hprc_r2_v1.0.1 ok (FASTA XXH3 == source)
r2_HG00329_hap2_hprc_r2_v1.0.1 ok (FASTA XXH3 == source)
r2_HG00344_hap2_hprc_r2_v1.0.1 ok (FASTA XXH3 == source)
r2_HG00350_hap2_hprc_r2_v1.0.1 ok (FASTA XXH3 == source)
r2_HG01167_hap2_hprc_r2_v1.0.1 ok (FASTA XXH3 == source)
r2_HG03369_hap2_hprc_r2_v1.0.1 ok (FASTA XXH3 == source)
r2_HG03521_hap2_hprc_r2_v1.0.1 ok (FASTA XXH3 == source)
r2_HG03784_hap2_hprc_r2_v1.0.1 ok (FASTA XXH3 == source)
r2_NA18565_hap2_hprc_r2_v1.0.1 ok (FASTA XXH3 == source)
r2_NA19682_hap2_hprc_r2_v1.0.1 ok (FASTA XXH3 == source)
r2_NA19776_hap2_hprc_r2_v1.0.1 ok (FASTA XXH3 == source)
r2_NA19835_hap2_hprc_r2_v1.0.1 ok (FASTA XXH3 == source)
r2_NA19909_hap2_hprc_r2_v1.0.1 ok (FASTA XXH3 == source)
r2_NA20282_hap2_hprc_r2_v1.0.1 ok (FASTA XXH3 == source)
r2_NA20346_hap2_hprc_r2_v1.0.1 ok (FASTA XXH3 == source)
r2_NA20809_hap2_hprc_r2_v1.0.1 ok (FASTA XXH3 == source)
r2_NA20850_hap2_hprc_r2_v1.0.1 ok (FASTA XXH3 == source)
r2_NA21102_hap2_hprc_r2_v1.0.1 ok (FASTA XXH3 == source)
r2_NA21144_hap2_hprc_r2_v1.0.1 ok (FASTA XXH3 == source)
r2_HG00735_mat_hprc_r2_v1.0.1 ok (FASTA XXH3 == source)
r2_HG02155_hap2_hprc_r2_v1.0.1 ok (FASTA XXH3 == source)
r2_HG02630_mat_hprc_r2_v1.0.1 ok (FASTA XXH3 == source)
r2_HG03139_hap2_hprc_r2_v1.0.1 ok (FASTA XXH3 == source)
r2_HG03470_hap2_hprc_r2_v1.0.1 ok (FASTA XXH3 == source)
r2_HG03579_mat_hprc_r2_v1.0.1 ok (FASTA XXH3 == source)
r2_NA20805_hap2_hprc_r2_v1.0.1 ok (FASTA XXH3 == source)
r2_NA18940_hap1_hprc_r2_v1.0.1 ok (FASTA XXH3 == source)
r2_NA18943_hap1_hprc_r2_v1.0.1 ok (FASTA XXH3 == source)
r2_NA18944_hap1_hprc_r2_v1.0.1 ok (FASTA XXH3 == source)
r2_NA18945_hap1_hprc_r2_v1.0.1 ok (FASTA XXH3 == source)
r2_NA18948_hap1_hprc_r2_v1.0.1 ok (FASTA XXH3 == source)
r2_NA18959_hap1_hprc_r2_v1.0.1 ok (FASTA XXH3 == source)
r2_NA18960_hap1_hprc_r2_v1.0.1 ok (FASTA XXH3 == source)
r2_NA18967_hap1_hprc_r2_v1.0.1 ok (FASTA XXH3 == source)
r2_NA18970_hap1_hprc_r2_v1.0.1 ok (FASTA XXH3 == source)
r2_NA18982_hap1_hprc_r2_v1.0.1 ok (FASTA XXH3 == source)
r2_NA18940_hap2_hprc_r2_v1.0.1 ok (FASTA XXH3 == source)
r2_NA18943_hap2_hprc_r2_v1.0.1 ok (FASTA XXH3 == source)
r2_NA18944_hap2_hprc_r2_v1.0.1 ok (FASTA XXH3 == source)
r2_NA18945_hap2_hprc_r2_v1.0.1 ok (FASTA XXH3 == source)
r2_NA18948_hap2_hprc_r2_v1.0.1 ok (FASTA XXH3 == source)
r2_NA18959_hap2_hprc_r2_v1.0.1 ok (FASTA XXH3 == source)
r2_NA18960_hap2_hprc_r2_v1.0.1 ok (FASTA XXH3 == source)
r2_NA18967_hap2_hprc_r2_v1.0.1 ok (FASTA XXH3 == source)
r2_NA18970_hap2_hprc_r2_v1.0.1 ok (FASTA XXH3 == source)
r2_NA18982_hap2_hprc_r2_v1.0.1 ok (FASTA XXH3 == source)
r2_NA20503_hap1_hprc_r2_v1.0.1 ok (FASTA XXH3 == source)
r2_NA20762_hap1_hprc_r2_v1.0.1 ok (FASTA XXH3 == source)
r2_NA20806_hap1_hprc_r2_v1.0.1 ok (FASTA XXH3 == source)
r2_NA20827_hap1_hprc_r2_v1.0.1 ok (FASTA XXH3 == source)
r2_NA20503_hap2_hprc_r2_v1.0.1 ok (FASTA XXH3 == source)
r2_NA20762_hap2_hprc_r2_v1.0.1 ok (FASTA XXH3 == source)
r2_NA20806_hap2_hprc_r2_v1.0.1 ok (FASTA XXH3 == source)
r2_NA20827_hap2_hprc_r2_v1.0.1 ok (FASTA XXH3 == source)
r2_HG06807_pat_v1 ok (FASTA XXH3 == source)
r2_HG06807_mat_v1 ok (FASTA XXH3 == source)
r2_hg002v1.1.pat ok (FASTA XXH3 == source)
r2_hg002v1.1.mat_MT ok (FASTA XXH3 == source)
